interactions:
- request:
    body: null
    headers:
      Accept:
      - '*/*'
      Accept-Encoding:
      - gzip, deflate
      Authorization:
      - Bearer __MASTODON_PY_TEST_ACCESS_TOKEN
      Connection:
      - keep-alive
      User-Agent:
      - tests/v311
    method: GET
    uri: http://localhost:3000/api/v1/accounts/verify_credentials
  response:
    body:
      string: '{"id":"109440137734600341","username":"mastodonpy_test","acct":"mastodonpy_test","display_name":"John
        Lennon","locked":true,"bot":false,"discoverable":null,"group":false,"created_at":"2022-12-01T00:00:00.000Z","note":"\u003cp\u003eI
        walk funny\u003c/p\u003e","url":"http://localhost:3000/@mastodonpy_test","avatar":"http://localhost:3000/system/accounts/avatars/109/440/137/734/600/341/original/1fa6adb0173e410e.jpg","avatar_static":"http://localhost:3000/system/accounts/avatars/109/440/137/734/600/341/original/1fa6adb0173e410e.jpg","header":"http://localhost:3000/system/accounts/headers/109/440/137/734/600/341/original/96de51cc44c4a5d9.jpg","header_static":"http://localhost:3000/system/accounts/headers/109/440/137/734/600/341/original/96de51cc44c4a5d9.jpg","followers_count":0,"following_count":0,"statuses_count":7,"last_status_at":"2022-12-01","noindex":false,"source":{"privacy":"public","sensitive":false,"language":null,"note":"I
        walk funny","fields":[{"name":"bread","value":"toasty.","verified_at":null},{"name":"lasagna","value":"no!!!","verified_at":null}],"follow_requests_count":0},"emojis":[],"fields":[{"name":"bread","value":"toasty.","verified_at":null},{"name":"lasagna","value":"no!!!","verified_at":null}],"role":{"id":"-99","name":"","permissions":"65536","color":"","highlighted":false}}'
    headers:
      Cache-Control:
      - no-store
      Content-Security-Policy:
      - 'base-uri ''none''; default-src ''none''; frame-ancestors ''none''; font-src
        ''self'' http://localhost:3000; img-src ''self'' https: data: blob: http://localhost:3000;
        style-src ''self'' http://localhost:3000 ''nonce-CHR/kXwno1r75Mj0167eRw=='';
        media-src ''self'' https: data: http://localhost:3000; frame-src ''self''
        https:; manifest-src ''self'' http://localhost:3000; connect-src ''self''
        data: blob: http://localhost:3000 http://localhost:3000 ws://localhost:4000
        ws://localhost:3035 http://localhost:3035; script-src ''self'' ''unsafe-inline''
        ''unsafe-eval'' http://localhost:3000; child-src ''self'' blob: http://localhost:3000;
        worker-src ''self'' blob: http://localhost:3000'
      Content-Type:
      - application/json; charset=utf-8
      ETag:
      - W/"c9a0dca6ed5bd1f1a545f88ecc7f6e34"
      Referrer-Policy:
      - strict-origin-when-cross-origin
      Transfer-Encoding:
      - chunked
      Vary:
      - Accept, Origin
      X-Content-Type-Options:
      - nosniff
      X-Download-Options:
      - noopen
      X-Frame-Options:
      - SAMEORIGIN
      X-Permitted-Cross-Domain-Policies:
      - none
      X-Request-Id:
      - 3b5a76e6-f4ff-45d1-8834-55169d9835fe
      X-Runtime:
      - '0.014716'
      X-XSS-Protection:
      - 1; mode=block
    status:
      code: 200
      message: OK
- request:
    body: status=%40admin+ilu+bby+%3B3&visibility=direct
    headers:
      Accept:
      - '*/*'
      Accept-Encoding:
      - gzip, deflate
      Authorization:
      - Bearer __MASTODON_PY_TEST_ACCESS_TOKEN
      Connection:
      - keep-alive
      Content-Length:
      - '46'
      Content-Type:
      - application/x-www-form-urlencoded
      User-Agent:
      - tests/v311
    method: POST
    uri: http://localhost:3000/api/v1/statuses
  response:
    body:
      string: '{"id":"109440153075398503","created_at":"2022-12-01T19:50:10.746Z","in_reply_to_id":null,"in_reply_to_account_id":null,"sensitive":false,"spoiler_text":"","visibility":"direct","language":"ja","uri":"http://localhost:3000/users/mastodonpy_test/statuses/109440153075398503","url":"http://localhost:3000/@mastodonpy_test/109440153075398503","replies_count":0,"reblogs_count":0,"favourites_count":0,"edited_at":null,"favourited":false,"reblogged":false,"muted":false,"bookmarked":false,"content":"\u003cp\u003e\u003cspan
        class=\"h-card\"\u003e\u003ca href=\"http://localhost:3000/@admin\" class=\"u-url
        mention\"\u003e@\u003cspan\u003eadmin\u003c/span\u003e\u003c/a\u003e\u003c/span\u003e
        ilu bby ;3\u003c/p\u003e","filtered":[],"reblog":null,"application":{"name":"Mastodon.py
        test suite","website":null},"account":{"id":"109440137734600341","username":"mastodonpy_test","acct":"mastodonpy_test","display_name":"John
        Lennon","locked":true,"bot":false,"discoverable":null,"group":false,"created_at":"2022-12-01T00:00:00.000Z","note":"\u003cp\u003eI
        walk funny\u003c/p\u003e","url":"http://localhost:3000/@mastodonpy_test","avatar":"http://localhost:3000/system/accounts/avatars/109/440/137/734/600/341/original/1fa6adb0173e410e.jpg","avatar_static":"http://localhost:3000/system/accounts/avatars/109/440/137/734/600/341/original/1fa6adb0173e410e.jpg","header":"http://localhost:3000/system/accounts/headers/109/440/137/734/600/341/original/96de51cc44c4a5d9.jpg","header_static":"http://localhost:3000/system/accounts/headers/109/440/137/734/600/341/original/96de51cc44c4a5d9.jpg","followers_count":0,"following_count":0,"statuses_count":7,"last_status_at":"2022-12-01","noindex":false,"emojis":[],"fields":[{"name":"bread","value":"toasty.","verified_at":null},{"name":"lasagna","value":"no!!!","verified_at":null}]},"media_attachments":[],"mentions":[{"id":"109440137501589086","username":"admin","url":"http://localhost:3000/@admin","acct":"admin"}],"tags":[],"emojis":[],"card":null,"poll":null}'
    headers:
      Cache-Control:
      - no-store
      Content-Security-Policy:
      - 'base-uri ''none''; default-src ''none''; frame-ancestors ''none''; font-src
        ''self'' http://localhost:3000; img-src ''self'' https: data: blob: http://localhost:3000;
        style-src ''self'' http://localhost:3000 ''nonce-gsnpxWKOpQ1FsEWPsNp7cQ=='';
        media-src ''self'' https: data: http://localhost:3000; frame-src ''self''
        https:; manifest-src ''self'' http://localhost:3000; connect-src ''self''
        data: blob: http://localhost:3000 http://localhost:3000 ws://localhost:4000
        ws://localhost:3035 http://localhost:3035; script-src ''self'' ''unsafe-inline''
        ''unsafe-eval'' http://localhost:3000; child-src ''self'' blob: http://localhost:3000;
        worker-src ''self'' blob: http://localhost:3000'
      Content-Type:
      - application/json; charset=utf-8
      ETag:
      - W/"d3bda1d732b0ee3773266ff0b9bfc2c4"
      Referrer-Policy:
      - strict-origin-when-cross-origin
      Transfer-Encoding:
      - chunked
      Vary:
      - Accept, Origin
      X-Content-Type-Options:
      - nosniff
      X-Download-Options:
      - noopen
      X-Frame-Options:
      - SAMEORIGIN
      X-Permitted-Cross-Domain-Policies:
      - none
      X-RateLimit-Limit:
      - '300'
      X-RateLimit-Remaining:
      - '188'
      X-RateLimit-Reset:
      - '2022-12-01T21:00:00.859863Z'
      X-Request-Id:
      - 3b0fa973-7c17-4e57-8276-2a820d313f5d
      X-Runtime:
      - '0.126767'
      X-XSS-Protection:
      - 1; mode=block
    status:
      code: 200
      message: OK
- request:
    body: null
    headers:
      Accept:
      - '*/*'
      Accept-Encoding:
      - gzip, deflate
      Authorization:
      - Bearer __MASTODON_PY_TEST_ACCESS_TOKEN_2
      Connection:
      - keep-alive
      User-Agent:
      - tests/v311
    method: GET
    uri: http://localhost:3000/api/v1/conversations/
  response:
    body:
      string: '[{"id":"6","unread":true,"accounts":[{"id":"109440137734600341","username":"mastodonpy_test","acct":"mastodonpy_test","display_name":"John
        Lennon","locked":true,"bot":false,"discoverable":null,"group":false,"created_at":"2022-12-01T00:00:00.000Z","note":"\u003cp\u003eI
        walk funny\u003c/p\u003e","url":"http://localhost:3000/@mastodonpy_test","avatar":"http://localhost:3000/system/accounts/avatars/109/440/137/734/600/341/original/1fa6adb0173e410e.jpg","avatar_static":"http://localhost:3000/system/accounts/avatars/109/440/137/734/600/341/original/1fa6adb0173e410e.jpg","header":"http://localhost:3000/system/accounts/headers/109/440/137/734/600/341/original/96de51cc44c4a5d9.jpg","header_static":"http://localhost:3000/system/accounts/headers/109/440/137/734/600/341/original/96de51cc44c4a5d9.jpg","followers_count":0,"following_count":0,"statuses_count":6,"last_status_at":"2022-12-01","noindex":false,"emojis":[],"fields":[{"name":"bread","value":"toasty.","verified_at":null},{"name":"lasagna","value":"no!!!","verified_at":null}]}],"last_status":{"id":"109440153075398503","created_at":"2022-12-01T19:50:10.746Z","in_reply_to_id":null,"in_reply_to_account_id":null,"sensitive":false,"spoiler_text":"","visibility":"direct","language":"ja","uri":"http://localhost:3000/users/mastodonpy_test/statuses/109440153075398503","url":"http://localhost:3000/@mastodonpy_test/109440153075398503","replies_count":0,"reblogs_count":0,"favourites_count":0,"edited_at":null,"favourited":false,"reblogged":false,"muted":false,"bookmarked":false,"content":"\u003cp\u003e\u003cspan
        class=\"h-card\"\u003e\u003ca href=\"http://localhost:3000/@admin\" class=\"u-url
        mention\"\u003e@\u003cspan\u003eadmin\u003c/span\u003e\u003c/a\u003e\u003c/span\u003e
        ilu bby ;3\u003c/p\u003e","filtered":[],"reblog":null,"application":{"name":"Mastodon.py
        test suite","website":null},"account":{"id":"109440137734600341","username":"mastodonpy_test","acct":"mastodonpy_test","display_name":"John
        Lennon","locked":true,"bot":false,"discoverable":null,"group":false,"created_at":"2022-12-01T00:00:00.000Z","note":"\u003cp\u003eI
        walk funny\u003c/p\u003e","url":"http://localhost:3000/@mastodonpy_test","avatar":"http://localhost:3000/system/accounts/avatars/109/440/137/734/600/341/original/1fa6adb0173e410e.jpg","avatar_static":"http://localhost:3000/system/accounts/avatars/109/440/137/734/600/341/original/1fa6adb0173e410e.jpg","header":"http://localhost:3000/system/accounts/headers/109/440/137/734/600/341/original/96de51cc44c4a5d9.jpg","header_static":"http://localhost:3000/system/accounts/headers/109/440/137/734/600/341/original/96de51cc44c4a5d9.jpg","followers_count":0,"following_count":0,"statuses_count":6,"last_status_at":"2022-12-01","noindex":false,"emojis":[],"fields":[{"name":"bread","value":"toasty.","verified_at":null},{"name":"lasagna","value":"no!!!","verified_at":null}]},"media_attachments":[],"mentions":[{"id":"109440137501589086","username":"admin","url":"http://localhost:3000/@admin","acct":"admin"}],"tags":[],"emojis":[],"card":null,"poll":null}},{"id":"3","unread":false,"accounts":[{"id":"109440137734600341","username":"mastodonpy_test","acct":"mastodonpy_test","display_name":"John
        Lennon","locked":true,"bot":false,"discoverable":null,"group":false,"created_at":"2022-12-01T00:00:00.000Z","note":"\u003cp\u003eI
        walk funny\u003c/p\u003e","url":"http://localhost:3000/@mastodonpy_test","avatar":"http://localhost:3000/system/accounts/avatars/109/440/137/734/600/341/original/1fa6adb0173e410e.jpg","avatar_static":"http://localhost:3000/system/accounts/avatars/109/440/137/734/600/341/original/1fa6adb0173e410e.jpg","header":"http://localhost:3000/system/accounts/headers/109/440/137/734/600/341/original/96de51cc44c4a5d9.jpg","header_static":"http://localhost:3000/system/accounts/headers/109/440/137/734/600/341/original/96de51cc44c4a5d9.jpg","followers_count":0,"following_count":0,"statuses_count":6,"last_status_at":"2022-12-01","noindex":false,"emojis":[],"fields":[{"name":"bread","value":"toasty.","verified_at":null},{"name":"lasagna","value":"no!!!","verified_at":null}]}],"last_status":{"id":"109440151313806016","created_at":"2022-12-01T19:49:43.867Z","in_reply_to_id":null,"in_reply_to_account_id":null,"sensitive":false,"spoiler_text":"","visibility":"direct","language":"en","uri":"http://localhost:3000/users/admin/statuses/109440151313806016","url":"http://localhost:3000/@admin/109440151313806016","replies_count":0,"reblogs_count":0,"favourites_count":0,"edited_at":null,"favourited":false,"reblogged":false,"muted":false,"bookmarked":false,"content":"\u003cp\u003e\u003cspan
        class=\"h-card\"\u003e\u003ca href=\"http://localhost:3000/@mastodonpy_test\"
        class=\"u-url mention\"\u003e@\u003cspan\u003emastodonpy_test\u003c/span\u003e\u003c/a\u003e\u003c/span\u003e
        todo funny text here\u003c/p\u003e","filtered":[],"reblog":null,"application":{"name":"Mastodon.py
        test suite","website":null},"account":{"id":"109440137501589086","username":"admin","acct":"admin","display_name":"","locked":false,"bot":false,"discoverable":null,"group":false,"created_at":"2022-12-01T00:00:00.000Z","note":"","url":"http://localhost:3000/@admin","avatar":"http://localhost:3000/avatars/original/missing.png","avatar_static":"http://localhost:3000/avatars/original/missing.png","header":"http://localhost:3000/headers/original/missing.png","header_static":"http://localhost:3000/headers/original/missing.png","followers_count":0,"following_count":0,"statuses_count":3,"last_status_at":"2022-12-01","noindex":false,"emojis":[],"fields":[]},"media_attachments":[],"mentions":[{"id":"109440137734600341","username":"mastodonpy_test","url":"http://localhost:3000/@mastodonpy_test","acct":"mastodonpy_test"}],"tags":[],"emojis":[],"card":null,"poll":null}}]'
    headers:
      Cache-Control:
      - no-store
      Content-Security-Policy:
      - 'base-uri ''none''; default-src ''none''; frame-ancestors ''none''; font-src
        ''self'' http://localhost:3000; img-src ''self'' https: data: blob: http://localhost:3000;
        style-src ''self'' http://localhost:3000 ''nonce-kSHrSOMG8WA2TnBGJsaEIg=='';
        media-src ''self'' https: data: http://localhost:3000; frame-src ''self''
        https:; manifest-src ''self'' http://localhost:3000; connect-src ''self''
        data: blob: http://localhost:3000 http://localhost:3000 ws://localhost:4000
        ws://localhost:3035 http://localhost:3035; script-src ''self'' ''unsafe-inline''
        ''unsafe-eval'' http://localhost:3000; child-src ''self'' blob: http://localhost:3000;
        worker-src ''self'' blob: http://localhost:3000'
      Content-Type:
      - application/json; charset=utf-8
      ETag:
      - W/"196a9a52dd710cef422ae17b644b3e36"
      Link:
      - <http://localhost:3000/api/v1/conversations?min_id=109440153075398503>; rel="prev"
      Referrer-Policy:
      - strict-origin-when-cross-origin
      Transfer-Encoding:
      - chunked
      Vary:
      - Accept, Origin
      X-Content-Type-Options:
      - nosniff
      X-Download-Options:
      - noopen
      X-Frame-Options:
      - SAMEORIGIN
      X-Permitted-Cross-Domain-Policies:
      - none
      X-Request-Id:
      - 714705c1-b7dc-4d6e-8655-ecdfbdeb02d5
      X-Runtime:
      - '0.052910'
      X-XSS-Protection:
      - 1; mode=block
    status:
      code: 200
      message: OK
- request:
    body: null
    headers:
      Accept:
      - '*/*'
      Accept-Encoding:
      - gzip, deflate
      Authorization:
      - Bearer __MASTODON_PY_TEST_ACCESS_TOKEN_2
      Connection:
      - keep-alive
      Content-Length:
      - '0'
      User-Agent:
      - tests/v311
    method: POST
    uri: http://localhost:3000/api/v1/conversations/6/read
  response:
    body:
      string: '{"id":"6","unread":false,"accounts":[{"id":"109440137734600341","username":"mastodonpy_test","acct":"mastodonpy_test","display_name":"John
        Lennon","locked":true,"bot":false,"discoverable":null,"group":false,"created_at":"2022-12-01T00:00:00.000Z","note":"\u003cp\u003eI
        walk funny\u003c/p\u003e","url":"http://localhost:3000/@mastodonpy_test","avatar":"http://localhost:3000/system/accounts/avatars/109/440/137/734/600/341/original/1fa6adb0173e410e.jpg","avatar_static":"http://localhost:3000/system/accounts/avatars/109/440/137/734/600/341/original/1fa6adb0173e410e.jpg","header":"http://localhost:3000/system/accounts/headers/109/440/137/734/600/341/original/96de51cc44c4a5d9.jpg","header_static":"http://localhost:3000/system/accounts/headers/109/440/137/734/600/341/original/96de51cc44c4a5d9.jpg","followers_count":0,"following_count":0,"statuses_count":6,"last_status_at":"2022-12-01","noindex":false,"emojis":[],"fields":[{"name":"bread","value":"toasty.","verified_at":null},{"name":"lasagna","value":"no!!!","verified_at":null}]}],"last_status":{"id":"109440153075398503","created_at":"2022-12-01T19:50:10.746Z","in_reply_to_id":null,"in_reply_to_account_id":null,"sensitive":false,"spoiler_text":"","visibility":"direct","language":"ja","uri":"http://localhost:3000/users/mastodonpy_test/statuses/109440153075398503","url":"http://localhost:3000/@mastodonpy_test/109440153075398503","replies_count":0,"reblogs_count":0,"favourites_count":0,"edited_at":null,"favourited":false,"reblogged":false,"muted":false,"bookmarked":false,"content":"\u003cp\u003e\u003cspan
        class=\"h-card\"\u003e\u003ca href=\"http://localhost:3000/@admin\" class=\"u-url
        mention\"\u003e@\u003cspan\u003eadmin\u003c/span\u003e\u003c/a\u003e\u003c/span\u003e
        ilu bby ;3\u003c/p\u003e","filtered":[],"reblog":null,"application":{"name":"Mastodon.py
        test suite","website":null},"account":{"id":"109440137734600341","username":"mastodonpy_test","acct":"mastodonpy_test","display_name":"John
        Lennon","locked":true,"bot":false,"discoverable":null,"group":false,"created_at":"2022-12-01T00:00:00.000Z","note":"\u003cp\u003eI
        walk funny\u003c/p\u003e","url":"http://localhost:3000/@mastodonpy_test","avatar":"http://localhost:3000/system/accounts/avatars/109/440/137/734/600/341/original/1fa6adb0173e410e.jpg","avatar_static":"http://localhost:3000/system/accounts/avatars/109/440/137/734/600/341/original/1fa6adb0173e410e.jpg","header":"http://localhost:3000/system/accounts/headers/109/440/137/734/600/341/original/96de51cc44c4a5d9.jpg","header_static":"http://localhost:3000/system/accounts/headers/109/440/137/734/600/341/original/96de51cc44c4a5d9.jpg","followers_count":0,"following_count":0,"statuses_count":6,"last_status_at":"2022-12-01","noindex":false,"emojis":[],"fields":[{"name":"bread","value":"toasty.","verified_at":null},{"name":"lasagna","value":"no!!!","verified_at":null}]},"media_attachments":[],"mentions":[{"id":"109440137501589086","username":"admin","url":"http://localhost:3000/@admin","acct":"admin"}],"tags":[],"emojis":[],"card":null,"poll":null}}'
    headers:
      Cache-Control:
      - no-store
      Content-Security-Policy:
      - 'base-uri ''none''; default-src ''none''; frame-ancestors ''none''; font-src
        ''self'' http://localhost:3000; img-src ''self'' https: data: blob: http://localhost:3000;
        style-src ''self'' http://localhost:3000 ''nonce-iZOfMei8/l+NQFvW088Pvw=='';
        media-src ''self'' https: data: http://localhost:3000; frame-src ''self''
        https:; manifest-src ''self'' http://localhost:3000; connect-src ''self''
        data: blob: http://localhost:3000 http://localhost:3000 ws://localhost:4000
        ws://localhost:3035 http://localhost:3035; script-src ''self'' ''unsafe-inline''
        ''unsafe-eval'' http://localhost:3000; child-src ''self'' blob: http://localhost:3000;
        worker-src ''self'' blob: http://localhost:3000'
      Content-Type:
      - application/json; charset=utf-8
      ETag:
      - W/"a773c9deee026c5d018e44e27ac7114d"
      Referrer-Policy:
      - strict-origin-when-cross-origin
      Transfer-Encoding:
      - chunked
      Vary:
      - Accept, Origin
      X-Content-Type-Options:
      - nosniff
      X-Download-Options:
      - noopen
      X-Frame-Options:
      - SAMEORIGIN
      X-Permitted-Cross-Domain-Policies:
      - none
      X-Request-Id:
      - 4f7f4d30-46f0-4395-a1a8-f61950723def
      X-Runtime:
      - '0.033472'
      X-XSS-Protection:
      - 1; mode=block
    status:
      code: 200
      message: OK
- request:
    body: null
    headers:
      Accept:
      - '*/*'
      Accept-Encoding:
      - gzip, deflate
      Authorization:
      - Bearer __MASTODON_PY_TEST_ACCESS_TOKEN_2
      Connection:
      - keep-alive
      User-Agent:
      - tests/v311
    method: GET
    uri: http://localhost:3000/api/v1/conversations/
  response:
    body:
      string: '[{"id":"6","unread":false,"accounts":[{"id":"109440137734600341","username":"mastodonpy_test","acct":"mastodonpy_test","display_name":"John
        Lennon","locked":true,"bot":false,"discoverable":null,"group":false,"created_at":"2022-12-01T00:00:00.000Z","note":"\u003cp\u003eI
        walk funny\u003c/p\u003e","url":"http://localhost:3000/@mastodonpy_test","avatar":"http://localhost:3000/system/accounts/avatars/109/440/137/734/600/341/original/1fa6adb0173e410e.jpg","avatar_static":"http://localhost:3000/system/accounts/avatars/109/440/137/734/600/341/original/1fa6adb0173e410e.jpg","header":"http://localhost:3000/system/accounts/headers/109/440/137/734/600/341/original/96de51cc44c4a5d9.jpg","header_static":"http://localhost:3000/system/accounts/headers/109/440/137/734/600/341/original/96de51cc44c4a5d9.jpg","followers_count":0,"following_count":0,"statuses_count":6,"last_status_at":"2022-12-01","noindex":false,"emojis":[],"fields":[{"name":"bread","value":"toasty.","verified_at":null},{"name":"lasagna","value":"no!!!","verified_at":null}]}],"last_status":{"id":"109440153075398503","created_at":"2022-12-01T19:50:10.746Z","in_reply_to_id":null,"in_reply_to_account_id":null,"sensitive":false,"spoiler_text":"","visibility":"direct","language":"ja","uri":"http://localhost:3000/users/mastodonpy_test/statuses/109440153075398503","url":"http://localhost:3000/@mastodonpy_test/109440153075398503","replies_count":0,"reblogs_count":0,"favourites_count":0,"edited_at":null,"favourited":false,"reblogged":false,"muted":false,"bookmarked":false,"content":"\u003cp\u003e\u003cspan
        class=\"h-card\"\u003e\u003ca href=\"http://localhost:3000/@admin\" class=\"u-url
        mention\"\u003e@\u003cspan\u003eadmin\u003c/span\u003e\u003c/a\u003e\u003c/span\u003e
        ilu bby ;3\u003c/p\u003e","filtered":[],"reblog":null,"application":{"name":"Mastodon.py
        test suite","website":null},"account":{"id":"109440137734600341","username":"mastodonpy_test","acct":"mastodonpy_test","display_name":"John
        Lennon","locked":true,"bot":false,"discoverable":null,"group":false,"created_at":"2022-12-01T00:00:00.000Z","note":"\u003cp\u003eI
        walk funny\u003c/p\u003e","url":"http://localhost:3000/@mastodonpy_test","avatar":"http://localhost:3000/system/accounts/avatars/109/440/137/734/600/341/original/1fa6adb0173e410e.jpg","avatar_static":"http://localhost:3000/system/accounts/avatars/109/440/137/734/600/341/original/1fa6adb0173e410e.jpg","header":"http://localhost:3000/system/accounts/headers/109/440/137/734/600/341/original/96de51cc44c4a5d9.jpg","header_static":"http://localhost:3000/system/accounts/headers/109/440/137/734/600/341/original/96de51cc44c4a5d9.jpg","followers_count":0,"following_count":0,"statuses_count":6,"last_status_at":"2022-12-01","noindex":false,"emojis":[],"fields":[{"name":"bread","value":"toasty.","verified_at":null},{"name":"lasagna","value":"no!!!","verified_at":null}]},"media_attachments":[],"mentions":[{"id":"109440137501589086","username":"admin","url":"http://localhost:3000/@admin","acct":"admin"}],"tags":[],"emojis":[],"card":null,"poll":null}},{"id":"3","unread":false,"accounts":[{"id":"109440137734600341","username":"mastodonpy_test","acct":"mastodonpy_test","display_name":"John
        Lennon","locked":true,"bot":false,"discoverable":null,"group":false,"created_at":"2022-12-01T00:00:00.000Z","note":"\u003cp\u003eI
        walk funny\u003c/p\u003e","url":"http://localhost:3000/@mastodonpy_test","avatar":"http://localhost:3000/system/accounts/avatars/109/440/137/734/600/341/original/1fa6adb0173e410e.jpg","avatar_static":"http://localhost:3000/system/accounts/avatars/109/440/137/734/600/341/original/1fa6adb0173e410e.jpg","header":"http://localhost:3000/system/accounts/headers/109/440/137/734/600/341/original/96de51cc44c4a5d9.jpg","header_static":"http://localhost:3000/system/accounts/headers/109/440/137/734/600/341/original/96de51cc44c4a5d9.jpg","followers_count":0,"following_count":0,"statuses_count":6,"last_status_at":"2022-12-01","noindex":false,"emojis":[],"fields":[{"name":"bread","value":"toasty.","verified_at":null},{"name":"lasagna","value":"no!!!","verified_at":null}]}],"last_status":{"id":"109440151313806016","created_at":"2022-12-01T19:49:43.867Z","in_reply_to_id":null,"in_reply_to_account_id":null,"sensitive":false,"spoiler_text":"","visibility":"direct","language":"en","uri":"http://localhost:3000/users/admin/statuses/109440151313806016","url":"http://localhost:3000/@admin/109440151313806016","replies_count":0,"reblogs_count":0,"favourites_count":0,"edited_at":null,"favourited":false,"reblogged":false,"muted":false,"bookmarked":false,"content":"\u003cp\u003e\u003cspan
        class=\"h-card\"\u003e\u003ca href=\"http://localhost:3000/@mastodonpy_test\"
        class=\"u-url mention\"\u003e@\u003cspan\u003emastodonpy_test\u003c/span\u003e\u003c/a\u003e\u003c/span\u003e
        todo funny text here\u003c/p\u003e","filtered":[],"reblog":null,"application":{"name":"Mastodon.py
        test suite","website":null},"account":{"id":"109440137501589086","username":"admin","acct":"admin","display_name":"","locked":false,"bot":false,"discoverable":null,"group":false,"created_at":"2022-12-01T00:00:00.000Z","note":"","url":"http://localhost:3000/@admin","avatar":"http://localhost:3000/avatars/original/missing.png","avatar_static":"http://localhost:3000/avatars/original/missing.png","header":"http://localhost:3000/headers/original/missing.png","header_static":"http://localhost:3000/headers/original/missing.png","followers_count":0,"following_count":0,"statuses_count":3,"last_status_at":"2022-12-01","noindex":false,"emojis":[],"fields":[]},"media_attachments":[],"mentions":[{"id":"109440137734600341","username":"mastodonpy_test","url":"http://localhost:3000/@mastodonpy_test","acct":"mastodonpy_test"}],"tags":[],"emojis":[],"card":null,"poll":null}}]'
    headers:
      Cache-Control:
      - no-store
      Content-Security-Policy:
      - 'base-uri ''none''; default-src ''none''; frame-ancestors ''none''; font-src
        ''self'' http://localhost:3000; img-src ''self'' https: data: blob: http://localhost:3000;
        style-src ''self'' http://localhost:3000 ''nonce-1fnWRxO0LTVtsnVQQEmSEg=='';
        media-src ''self'' https: data: http://localhost:3000; frame-src ''self''
        https:; manifest-src ''self'' http://localhost:3000; connect-src ''self''
        data: blob: http://localhost:3000 http://localhost:3000 ws://localhost:4000
        ws://localhost:3035 http://localhost:3035; script-src ''self'' ''unsafe-inline''
        ''unsafe-eval'' http://localhost:3000; child-src ''self'' blob: http://localhost:3000;
        worker-src ''self'' blob: http://localhost:3000'
      Content-Type:
      - application/json; charset=utf-8
      ETag:
      - W/"76b4a43bb13a2ce15a10efb9cc0c76a3"
      Link:
      - <http://localhost:3000/api/v1/conversations?min_id=109440153075398503>; rel="prev"
      Referrer-Policy:
      - strict-origin-when-cross-origin
      Transfer-Encoding:
      - chunked
      Vary:
      - Accept, Origin
      X-Content-Type-Options:
      - nosniff
      X-Download-Options:
      - noopen
      X-Frame-Options:
      - SAMEORIGIN
      X-Permitted-Cross-Domain-Policies:
      - none
      X-Request-Id:
      - b3f137e9-35d3-4e9e-baae-c1363505e353
      X-Runtime:
      - '0.045299'
      X-XSS-Protection:
      - 1; mode=block
    status:
      code: 200
      message: OK
- request:
    body: null
    headers:
      Accept:
      - '*/*'
      Accept-Encoding:
      - gzip, deflate
      Authorization:
      - Bearer __MASTODON_PY_TEST_ACCESS_TOKEN
      Connection:
      - keep-alive
      Content-Length:
      - '0'
      User-Agent:
      - tests/v311
    method: DELETE
    uri: http://localhost:3000/api/v1/statuses/109440153075398503
  response:
    body:
      string: '{"id":"109440153075398503","created_at":"2022-12-01T19:50:10.746Z","in_reply_to_id":null,"in_reply_to_account_id":null,"sensitive":false,"spoiler_text":"","visibility":"direct","language":"ja","uri":"http://localhost:3000/users/mastodonpy_test/statuses/109440153075398503","url":"http://localhost:3000/@mastodonpy_test/109440153075398503","replies_count":0,"reblogs_count":0,"favourites_count":0,"edited_at":null,"favourited":false,"reblogged":false,"muted":false,"bookmarked":false,"text":"@admin
        ilu bby ;3","filtered":[],"reblog":null,"application":{"name":"Mastodon.py
        test suite","website":null},"account":{"id":"109440137734600341","username":"mastodonpy_test","acct":"mastodonpy_test","display_name":"John
        Lennon","locked":true,"bot":false,"discoverable":null,"group":false,"created_at":"2022-12-01T00:00:00.000Z","note":"\u003cp\u003eI
        walk funny\u003c/p\u003e","url":"http://localhost:3000/@mastodonpy_test","avatar":"http://localhost:3000/system/accounts/avatars/109/440/137/734/600/341/original/1fa6adb0173e410e.jpg","avatar_static":"http://localhost:3000/system/accounts/avatars/109/440/137/734/600/341/original/1fa6adb0173e410e.jpg","header":"http://localhost:3000/system/accounts/headers/109/440/137/734/600/341/original/96de51cc44c4a5d9.jpg","header_static":"http://localhost:3000/system/accounts/headers/109/440/137/734/600/341/original/96de51cc44c4a5d9.jpg","followers_count":0,"following_count":0,"statuses_count":5,"last_status_at":"2022-12-01","noindex":false,"emojis":[],"fields":[{"name":"bread","value":"toasty.","verified_at":null},{"name":"lasagna","value":"no!!!","verified_at":null}]},"media_attachments":[],"mentions":[{"id":"109440137501589086","username":"admin","url":"http://localhost:3000/@admin","acct":"admin"}],"tags":[],"emojis":[],"card":null,"poll":null}'
    headers:
      Cache-Control:
      - no-store
      Content-Security-Policy:
      - 'base-uri ''none''; default-src ''none''; frame-ancestors ''none''; font-src
        ''self'' http://localhost:3000; img-src ''self'' https: data: blob: http://localhost:3000;
        style-src ''self'' http://localhost:3000 ''nonce-N7Dn41a281d+RNJDvyPqMA=='';
        media-src ''self'' https: data: http://localhost:3000; frame-src ''self''
        https:; manifest-src ''self'' http://localhost:3000; connect-src ''self''
        data: blob: http://localhost:3000 http://localhost:3000 ws://localhost:4000
        ws://localhost:3035 http://localhost:3035; script-src ''self'' ''unsafe-inline''
        ''unsafe-eval'' http://localhost:3000; child-src ''self'' blob: http://localhost:3000;
        worker-src ''self'' blob: http://localhost:3000'
      Content-Type:
      - application/json; charset=utf-8
      ETag:
      - W/"c79e1bdc91c600fb2c0cb9c78d57f55a"
      Referrer-Policy:
      - strict-origin-when-cross-origin
      Transfer-Encoding:
      - chunked
      Vary:
      - Accept, Origin
      X-Content-Type-Options:
      - nosniff
      X-Download-Options:
      - noopen
      X-Frame-Options:
      - SAMEORIGIN
      X-Permitted-Cross-Domain-Policies:
      - none
      X-Request-Id:
      - 9e70c4e9-9a24-4ed9-9526-dad7529c12f7
      X-Runtime:
      - '0.030849'
      X-XSS-Protection:
      - 1; mode=block
    status:
      code: 200
      message: OK
version: 1
