interactions:
- request:
    body: null
    headers:
      Accept:
      - '*/*'
      Accept-Encoding:
      - gzip, deflate
      Authorization:
      - Bearer __MASTODON_PY_TEST_ACCESS_TOKEN_2
      Connection:
      - keep-alive
      User-Agent:
      - tests/v311
    method: GET
    uri: http://localhost:3000/api/v1/accounts/verify_credentials
  response:
    body:
      string: '{"id":"109440137501589086","username":"admin","acct":"admin","display_name":"","locked":false,"bot":false,"discoverable":null,"group":false,"created_at":"2022-12-01T00:00:00.000Z","note":"","url":"http://localhost:3000/@admin","avatar":"http://localhost:3000/avatars/original/missing.png","avatar_static":"http://localhost:3000/avatars/original/missing.png","header":"http://localhost:3000/headers/original/missing.png","header_static":"http://localhost:3000/headers/original/missing.png","followers_count":0,"following_count":0,"statuses_count":0,"last_status_at":null,"noindex":false,"source":{"privacy":"public","sensitive":false,"language":null,"note":"","fields":[],"follow_requests_count":0},"emojis":[],"fields":[],"role":{"id":"3","name":"Owner","permissions":"1048575","color":"","highlighted":true}}'
    headers:
      Cache-Control:
      - no-store
      Content-Security-Policy:
      - 'base-uri ''none''; default-src ''none''; frame-ancestors ''none''; font-src
        ''self'' http://localhost:3000; img-src ''self'' https: data: blob: http://localhost:3000;
        style-src ''self'' http://localhost:3000 ''nonce-9xOb5n9gJ0N12T/f2ayBCQ=='';
        media-src ''self'' https: data: http://localhost:3000; frame-src ''self''
        https:; manifest-src ''self'' http://localhost:3000; connect-src ''self''
        data: blob: http://localhost:3000 http://localhost:3000 ws://localhost:4000
        ws://localhost:3035 http://localhost:3035; script-src ''self'' ''unsafe-inline''
        ''unsafe-eval'' http://localhost:3000; child-src ''self'' blob: http://localhost:3000;
        worker-src ''self'' blob: http://localhost:3000'
      Content-Type:
      - application/json; charset=utf-8
      ETag:
      - W/"840bf348c4e8e3a07d556e2f3b7ff418"
      Referrer-Policy:
      - strict-origin-when-cross-origin
      Transfer-Encoding:
      - chunked
      Vary:
      - Accept, Origin
      X-Content-Type-Options:
      - nosniff
      X-Download-Options:
      - noopen
      X-Frame-Options:
      - SAMEORIGIN
      X-Permitted-Cross-Domain-Policies:
      - none
      X-Request-Id:
      - 43bc921e-fec9-4f2f-a16d-b389cedc4369
      X-Runtime:
      - '0.013063'
      X-XSS-Protection:
      - 1; mode=block
    status:
      code: 200
      message: OK
- request:
    body: reblogs=0&notify=1
    headers:
      Accept:
      - '*/*'
      Accept-Encoding:
      - gzip, deflate
      Authorization:
      - Bearer __MASTODON_PY_TEST_ACCESS_TOKEN
      Connection:
      - keep-alive
      Content-Length:
      - '18'
      Content-Type:
      - application/x-www-form-urlencoded
      User-Agent:
      - tests/v311
    method: POST
    uri: http://localhost:3000/api/v1/accounts/109440137501589086/follow
  response:
    body:
      string: '{"id":"109440137501589086","following":true,"showing_reblogs":false,"notifying":true,"languages":null,"followed_by":false,"blocking":false,"blocked_by":false,"muting":false,"muting_notifications":false,"requested":false,"domain_blocking":false,"endorsed":false,"note":"top
        ebayer gerne wieder"}'
    headers:
      Cache-Control:
      - no-store
      Content-Security-Policy:
      - 'base-uri ''none''; default-src ''none''; frame-ancestors ''none''; font-src
        ''self'' http://localhost:3000; img-src ''self'' https: data: blob: http://localhost:3000;
        style-src ''self'' http://localhost:3000 ''nonce-kg1xj1yBV/u0SOAmJ8qsWA=='';
        media-src ''self'' https: data: http://localhost:3000; frame-src ''self''
        https:; manifest-src ''self'' http://localhost:3000; connect-src ''self''
        data: blob: http://localhost:3000 http://localhost:3000 ws://localhost:4000
        ws://localhost:3035 http://localhost:3035; script-src ''self'' ''unsafe-inline''
        ''unsafe-eval'' http://localhost:3000; child-src ''self'' blob: http://localhost:3000;
        worker-src ''self'' blob: http://localhost:3000'
      Content-Type:
      - application/json; charset=utf-8
      ETag:
      - W/"b623addbc2483fa4c4455282868bf173"
      Referrer-Policy:
      - strict-origin-when-cross-origin
      Transfer-Encoding:
      - chunked
      Vary:
      - Accept, Origin
      X-Content-Type-Options:
      - nosniff
      X-Download-Options:
      - noopen
      X-Frame-Options:
      - SAMEORIGIN
      X-Permitted-Cross-Domain-Policies:
      - none
      X-RateLimit-Limit:
      - '400'
      X-RateLimit-Remaining:
      - '396'
      X-RateLimit-Reset:
      - '2022-12-02T00:00:00.669408Z'
      X-Request-Id:
      - ec0308b3-b2fa-43a3-8095-da38e1ba18f8
      X-Runtime:
      - '0.022549'
      X-XSS-Protection:
      - 1; mode=block
    status:
      code: 200
      message: OK
- request:
    body: status=rootin+tooting+and+shootin
    headers:
      Accept:
      - '*/*'
      Accept-Encoding:
      - gzip, deflate
      Authorization:
      - Bearer __MASTODON_PY_TEST_ACCESS_TOKEN_3
      Connection:
      - keep-alive
      Content-Length:
      - '33'
      Content-Type:
      - application/x-www-form-urlencoded
      User-Agent:
      - tests/v311
    method: POST
    uri: http://localhost:3000/api/v1/statuses
  response:
    body:
      string: '{"id":"109440140620237189","created_at":"2022-12-01T19:47:00.695Z","in_reply_to_id":null,"in_reply_to_account_id":null,"sensitive":false,"spoiler_text":"","visibility":"public","language":"ja","uri":"http://localhost:3000/users/mastodonpy_test_2/statuses/109440140620237189","url":"http://localhost:3000/@mastodonpy_test_2/109440140620237189","replies_count":0,"reblogs_count":0,"favourites_count":0,"edited_at":null,"favourited":false,"reblogged":false,"muted":false,"bookmarked":false,"pinned":false,"content":"\u003cp\u003erootin
        tooting and shootin\u003c/p\u003e","filtered":[],"reblog":null,"application":{"name":"Mastodon.py
        test suite","website":null},"account":{"id":"109440137849431891","username":"mastodonpy_test_2","acct":"mastodonpy_test_2","display_name":"","locked":false,"bot":false,"discoverable":true,"group":false,"created_at":"2022-12-01T00:00:00.000Z","note":"","url":"http://localhost:3000/@mastodonpy_test_2","avatar":"http://localhost:3000/avatars/original/missing.png","avatar_static":"http://localhost:3000/avatars/original/missing.png","header":"http://localhost:3000/headers/original/missing.png","header_static":"http://localhost:3000/headers/original/missing.png","followers_count":0,"following_count":0,"statuses_count":1,"last_status_at":"2022-12-01","noindex":false,"emojis":[],"fields":[]},"media_attachments":[],"mentions":[],"tags":[],"emojis":[],"card":null,"poll":null}'
    headers:
      Cache-Control:
      - no-store
      Content-Security-Policy:
      - 'base-uri ''none''; default-src ''none''; frame-ancestors ''none''; font-src
        ''self'' http://localhost:3000; img-src ''self'' https: data: blob: http://localhost:3000;
        style-src ''self'' http://localhost:3000 ''nonce-sMvx/43DG0sY9t500Yzv0g=='';
        media-src ''self'' https: data: http://localhost:3000; frame-src ''self''
        https:; manifest-src ''self'' http://localhost:3000; connect-src ''self''
        data: blob: http://localhost:3000 http://localhost:3000 ws://localhost:4000
        ws://localhost:3035 http://localhost:3035; script-src ''self'' ''unsafe-inline''
        ''unsafe-eval'' http://localhost:3000; child-src ''self'' blob: http://localhost:3000;
        worker-src ''self'' blob: http://localhost:3000'
      Content-Type:
      - application/json; charset=utf-8
      ETag:
      - W/"4dbdfb72ea79da5b5d3a78b66232dfee"
      Referrer-Policy:
      - strict-origin-when-cross-origin
      Transfer-Encoding:
      - chunked
      Vary:
      - Accept, Origin
      X-Content-Type-Options:
      - nosniff
      X-Download-Options:
      - noopen
      X-Frame-Options:
      - SAMEORIGIN
      X-Permitted-Cross-Domain-Policies:
      - none
      X-RateLimit-Limit:
      - '300'
      X-RateLimit-Remaining:
      - '299'
      X-RateLimit-Reset:
      - '2022-12-01T21:00:00.717064Z'
      X-Request-Id:
      - e878280f-2604-452b-b9ce-7de86464e56b
      X-Runtime:
      - '0.042054'
      X-XSS-Protection:
      - 1; mode=block
    status:
      code: 200
      message: OK
- request:
    body: status=horses+are+not+real
    headers:
      Accept:
      - '*/*'
      Accept-Encoding:
      - gzip, deflate
      Authorization:
      - Bearer __MASTODON_PY_TEST_ACCESS_TOKEN_2
      Connection:
      - keep-alive
      Content-Length:
      - '26'
      Content-Type:
      - application/x-www-form-urlencoded
      User-Agent:
      - tests/v311
    method: POST
    uri: http://localhost:3000/api/v1/statuses
  response:
    body:
      string: '{"id":"109440140688444867","created_at":"2022-12-01T19:47:01.737Z","in_reply_to_id":null,"in_reply_to_account_id":null,"sensitive":false,"spoiler_text":"","visibility":"public","language":"en","uri":"http://localhost:3000/users/admin/statuses/109440140688444867","url":"http://localhost:3000/@admin/109440140688444867","replies_count":0,"reblogs_count":0,"favourites_count":0,"edited_at":null,"favourited":false,"reblogged":false,"muted":false,"bookmarked":false,"pinned":false,"content":"\u003cp\u003ehorses
        are not real\u003c/p\u003e","filtered":[],"reblog":null,"application":{"name":"Mastodon.py
        test suite","website":null},"account":{"id":"109440137501589086","username":"admin","acct":"admin","display_name":"","locked":false,"bot":false,"discoverable":null,"group":false,"created_at":"2022-12-01T00:00:00.000Z","note":"","url":"http://localhost:3000/@admin","avatar":"http://localhost:3000/avatars/original/missing.png","avatar_static":"http://localhost:3000/avatars/original/missing.png","header":"http://localhost:3000/headers/original/missing.png","header_static":"http://localhost:3000/headers/original/missing.png","followers_count":1,"following_count":0,"statuses_count":1,"last_status_at":"2022-12-01","noindex":false,"emojis":[],"fields":[]},"media_attachments":[],"mentions":[],"tags":[],"emojis":[],"card":null,"poll":null}'
    headers:
      Cache-Control:
      - no-store
      Content-Security-Policy:
      - 'base-uri ''none''; default-src ''none''; frame-ancestors ''none''; font-src
        ''self'' http://localhost:3000; img-src ''self'' https: data: blob: http://localhost:3000;
        style-src ''self'' http://localhost:3000 ''nonce-z8VmTc7d7E//b0Q5a13egg=='';
        media-src ''self'' https: data: http://localhost:3000; frame-src ''self''
        https:; manifest-src ''self'' http://localhost:3000; connect-src ''self''
        data: blob: http://localhost:3000 http://localhost:3000 ws://localhost:4000
        ws://localhost:3035 http://localhost:3035; script-src ''self'' ''unsafe-inline''
        ''unsafe-eval'' http://localhost:3000; child-src ''self'' blob: http://localhost:3000;
        worker-src ''self'' blob: http://localhost:3000'
      Content-Type:
      - application/json; charset=utf-8
      ETag:
      - W/"c0084919948f3b426e4928cdcb4fc385"
      Referrer-Policy:
      - strict-origin-when-cross-origin
      Transfer-Encoding:
      - chunked
      Vary:
      - Accept, Origin
      X-Content-Type-Options:
      - nosniff
      X-Download-Options:
      - noopen
      X-Frame-Options:
      - SAMEORIGIN
      X-Permitted-Cross-Domain-Policies:
      - none
      X-RateLimit-Limit:
      - '300'
      X-RateLimit-Remaining:
      - '299'
      X-RateLimit-Reset:
      - '2022-12-01T21:00:00.768196Z'
      X-Request-Id:
      - f9408f4c-e530-45b3-85ce-7f6e5618eb44
      X-Runtime:
      - '0.044805'
      X-XSS-Protection:
      - 1; mode=block
    status:
      code: 200
      message: OK
- request:
    body: null
    headers:
      Accept:
      - '*/*'
      Accept-Encoding:
      - gzip, deflate
      Authorization:
      - Bearer __MASTODON_PY_TEST_ACCESS_TOKEN_2
      Connection:
      - keep-alive
      Content-Length:
      - '0'
      User-Agent:
      - tests/v311
    method: POST
    uri: http://localhost:3000/api/v1/statuses/109440140620237189/reblog
  response:
    body:
      string: '{"id":"109440140691973388","created_at":"2022-12-01T19:47:01.790Z","in_reply_to_id":null,"in_reply_to_account_id":null,"sensitive":false,"spoiler_text":"","visibility":"public","language":null,"uri":"http://localhost:3000/users/admin/statuses/109440140691973388/activity","url":"http://localhost:3000/users/admin/statuses/109440140691973388/activity","replies_count":0,"reblogs_count":0,"favourites_count":0,"edited_at":null,"favourited":false,"reblogged":true,"muted":false,"bookmarked":false,"content":"","filtered":[],"reblog":{"id":"109440140620237189","created_at":"2022-12-01T19:47:00.695Z","in_reply_to_id":null,"in_reply_to_account_id":null,"sensitive":false,"spoiler_text":"","visibility":"public","language":"ja","uri":"http://localhost:3000/users/mastodonpy_test_2/statuses/109440140620237189","url":"http://localhost:3000/@mastodonpy_test_2/109440140620237189","replies_count":0,"reblogs_count":1,"favourites_count":0,"edited_at":null,"favourited":false,"reblogged":true,"muted":false,"bookmarked":false,"content":"\u003cp\u003erootin
        tooting and shootin\u003c/p\u003e","filtered":[],"reblog":null,"application":{"name":"Mastodon.py
        test suite","website":null},"account":{"id":"109440137849431891","username":"mastodonpy_test_2","acct":"mastodonpy_test_2","display_name":"","locked":false,"bot":false,"discoverable":true,"group":false,"created_at":"2022-12-01T00:00:00.000Z","note":"","url":"http://localhost:3000/@mastodonpy_test_2","avatar":"http://localhost:3000/avatars/original/missing.png","avatar_static":"http://localhost:3000/avatars/original/missing.png","header":"http://localhost:3000/headers/original/missing.png","header_static":"http://localhost:3000/headers/original/missing.png","followers_count":0,"following_count":0,"statuses_count":1,"last_status_at":"2022-12-01","noindex":false,"emojis":[],"fields":[]},"media_attachments":[],"mentions":[],"tags":[],"emojis":[],"card":null,"poll":null},"application":null,"account":{"id":"109440137501589086","username":"admin","acct":"admin","display_name":"","locked":false,"bot":false,"discoverable":null,"group":false,"created_at":"2022-12-01T00:00:00.000Z","note":"","url":"http://localhost:3000/@admin","avatar":"http://localhost:3000/avatars/original/missing.png","avatar_static":"http://localhost:3000/avatars/original/missing.png","header":"http://localhost:3000/headers/original/missing.png","header_static":"http://localhost:3000/headers/original/missing.png","followers_count":1,"following_count":0,"statuses_count":2,"last_status_at":"2022-12-01","noindex":false,"emojis":[],"fields":[]},"media_attachments":[],"mentions":[],"tags":[],"emojis":[],"card":null,"poll":null}'
    headers:
      Cache-Control:
      - no-store
      Content-Security-Policy:
      - 'base-uri ''none''; default-src ''none''; frame-ancestors ''none''; font-src
        ''self'' http://localhost:3000; img-src ''self'' https: data: blob: http://localhost:3000;
        style-src ''self'' http://localhost:3000 ''nonce-e4SNywDOkiSerZn5D6ABSA=='';
        media-src ''self'' https: data: http://localhost:3000; frame-src ''self''
        https:; manifest-src ''self'' http://localhost:3000; connect-src ''self''
        data: blob: http://localhost:3000 http://localhost:3000 ws://localhost:4000
        ws://localhost:3035 http://localhost:3035; script-src ''self'' ''unsafe-inline''
        ''unsafe-eval'' http://localhost:3000; child-src ''self'' blob: http://localhost:3000;
        worker-src ''self'' blob: http://localhost:3000'
      Content-Type:
      - application/json; charset=utf-8
      ETag:
      - W/"87391482633391e3e1212f403f33b0b5"
      Referrer-Policy:
      - strict-origin-when-cross-origin
      Transfer-Encoding:
      - chunked
      Vary:
      - Accept, Origin
      X-Content-Type-Options:
      - nosniff
      X-Download-Options:
      - noopen
      X-Frame-Options:
      - SAMEORIGIN
      X-Permitted-Cross-Domain-Policies:
      - none
      X-RateLimit-Limit:
      - '300'
      X-RateLimit-Remaining:
      - '299'
      X-RateLimit-Reset:
      - '2022-12-01T21:00:00.833820Z'
      X-Request-Id:
      - a721f4a2-1db0-4306-9181-903de3d4ff98
      X-Runtime:
      - '0.061520'
      X-XSS-Protection:
      - 1; mode=block
    status:
      code: 200
      message: OK
- request:
    body: null
    headers:
      Accept:
      - '*/*'
      Accept-Encoding:
      - gzip, deflate
      Authorization:
      - Bearer __MASTODON_PY_TEST_ACCESS_TOKEN
      Connection:
      - keep-alive
      User-Agent:
      - tests/v311
    method: GET
    uri: http://localhost:3000/api/v1/notifications
  response:
    body:
      string: '[{"id":"10","type":"status","created_at":"2022-12-01T19:47:02.102Z","account":{"id":"109440137501589086","username":"admin","acct":"admin","display_name":"","locked":false,"bot":false,"discoverable":null,"group":false,"created_at":"2022-12-01T00:00:00.000Z","note":"","url":"http://localhost:3000/@admin","avatar":"http://localhost:3000/avatars/original/missing.png","avatar_static":"http://localhost:3000/avatars/original/missing.png","header":"http://localhost:3000/headers/original/missing.png","header_static":"http://localhost:3000/headers/original/missing.png","followers_count":1,"following_count":0,"statuses_count":2,"last_status_at":"2022-12-01","noindex":false,"emojis":[],"fields":[]},"status":{"id":"109440140688444867","created_at":"2022-12-01T19:47:01.737Z","in_reply_to_id":null,"in_reply_to_account_id":null,"sensitive":false,"spoiler_text":"","visibility":"public","language":"en","uri":"http://localhost:3000/users/admin/statuses/109440140688444867","url":"http://localhost:3000/@admin/109440140688444867","replies_count":0,"reblogs_count":0,"favourites_count":0,"edited_at":null,"favourited":false,"reblogged":false,"muted":false,"bookmarked":false,"content":"\u003cp\u003ehorses
        are not real\u003c/p\u003e","filtered":[],"reblog":null,"application":{"name":"Mastodon.py
        test suite","website":null},"account":{"id":"109440137501589086","username":"admin","acct":"admin","display_name":"","locked":false,"bot":false,"discoverable":null,"group":false,"created_at":"2022-12-01T00:00:00.000Z","note":"","url":"http://localhost:3000/@admin","avatar":"http://localhost:3000/avatars/original/missing.png","avatar_static":"http://localhost:3000/avatars/original/missing.png","header":"http://localhost:3000/headers/original/missing.png","header_static":"http://localhost:3000/headers/original/missing.png","followers_count":1,"following_count":0,"statuses_count":2,"last_status_at":"2022-12-01","noindex":false,"emojis":[],"fields":[]},"media_attachments":[],"mentions":[],"tags":[],"emojis":[],"card":null,"poll":null}}]'
    headers:
      Cache-Control:
      - no-store
      Content-Security-Policy:
      - 'base-uri ''none''; default-src ''none''; frame-ancestors ''none''; font-src
        ''self'' http://localhost:3000; img-src ''self'' https: data: blob: http://localhost:3000;
        style-src ''self'' http://localhost:3000 ''nonce-Mfg5VwOBOUeYSgWDThXenQ=='';
        media-src ''self'' https: data: http://localhost:3000; frame-src ''self''
        https:; manifest-src ''self'' http://localhost:3000; connect-src ''self''
        data: blob: http://localhost:3000 http://localhost:3000 ws://localhost:4000
        ws://localhost:3035 http://localhost:3035; script-src ''self'' ''unsafe-inline''
        ''unsafe-eval'' http://localhost:3000; child-src ''self'' blob: http://localhost:3000;
        worker-src ''self'' blob: http://localhost:3000'
      Content-Type:
      - application/json; charset=utf-8
      ETag:
      - W/"52c688e707f99045da549f268bb3ccb3"
      Link:
      - <http://localhost:3000/api/v1/notifications?max_id=10>; rel="next", <http://localhost:3000/api/v1/notifications?min_id=10>;
        rel="prev"
      Referrer-Policy:
      - strict-origin-when-cross-origin
      Transfer-Encoding:
      - chunked
      Vary:
      - Accept, Origin
      X-Content-Type-Options:
      - nosniff
      X-Download-Options:
      - noopen
      X-Frame-Options:
      - SAMEORIGIN
      X-Permitted-Cross-Domain-Policies:
      - none
      X-Request-Id:
      - f1f0d2d5-ba87-4aa5-95a2-81fa20042e37
      X-Runtime:
      - '0.041585'
      X-XSS-Protection:
      - 1; mode=block
    status:
      code: 200
      message: OK
- request:
    body: null
    headers:
      Accept:
      - '*/*'
      Accept-Encoding:
      - gzip, deflate
      Authorization:
      - Bearer __MASTODON_PY_TEST_ACCESS_TOKEN
      Connection:
      - keep-alive
      User-Agent:
      - tests/v311
    method: GET
    uri: http://localhost:3000/api/v1/timelines/home?local=1
  response:
    body:
      string: '[{"id":"109440140688444867","created_at":"2022-12-01T19:47:01.737Z","in_reply_to_id":null,"in_reply_to_account_id":null,"sensitive":false,"spoiler_text":"","visibility":"public","language":"en","uri":"http://localhost:3000/users/admin/statuses/109440140688444867","url":"http://localhost:3000/@admin/109440140688444867","replies_count":0,"reblogs_count":0,"favourites_count":0,"edited_at":null,"favourited":false,"reblogged":false,"muted":false,"bookmarked":false,"content":"\u003cp\u003ehorses
        are not real\u003c/p\u003e","filtered":[],"reblog":null,"application":{"name":"Mastodon.py
        test suite","website":null},"account":{"id":"109440137501589086","username":"admin","acct":"admin","display_name":"","locked":false,"bot":false,"discoverable":null,"group":false,"created_at":"2022-12-01T00:00:00.000Z","note":"","url":"http://localhost:3000/@admin","avatar":"http://localhost:3000/avatars/original/missing.png","avatar_static":"http://localhost:3000/avatars/original/missing.png","header":"http://localhost:3000/headers/original/missing.png","header_static":"http://localhost:3000/headers/original/missing.png","followers_count":1,"following_count":0,"statuses_count":2,"last_status_at":"2022-12-01","noindex":false,"emojis":[],"fields":[]},"media_attachments":[],"mentions":[],"tags":[],"emojis":[],"card":null,"poll":null}]'
    headers:
      Cache-Control:
      - no-store
      Content-Security-Policy:
      - 'base-uri ''none''; default-src ''none''; frame-ancestors ''none''; font-src
        ''self'' http://localhost:3000; img-src ''self'' https: data: blob: http://localhost:3000;
        style-src ''self'' http://localhost:3000 ''nonce-ipSPkEwuMZ3Cv1DgyDW93A=='';
        media-src ''self'' https: data: http://localhost:3000; frame-src ''self''
        https:; manifest-src ''self'' http://localhost:3000; connect-src ''self''
        data: blob: http://localhost:3000 http://localhost:3000 ws://localhost:4000
        ws://localhost:3035 http://localhost:3035; script-src ''self'' ''unsafe-inline''
        ''unsafe-eval'' http://localhost:3000; child-src ''self'' blob: http://localhost:3000;
        worker-src ''self'' blob: http://localhost:3000'
      Content-Type:
      - application/json; charset=utf-8
      ETag:
      - W/"cfab32f30e35d08be6ee9376167ffaae"
      Link:
      - <http://localhost:3000/api/v1/timelines/home?local=1&max_id=109440140688444867>;
        rel="next", <http://localhost:3000/api/v1/timelines/home?local=1&min_id=109440140688444867>;
        rel="prev"
      Referrer-Policy:
      - strict-origin-when-cross-origin
      Transfer-Encoding:
      - chunked
      Vary:
      - Accept, Origin
      X-Content-Type-Options:
      - nosniff
      X-Download-Options:
      - noopen
      X-Frame-Options:
      - SAMEORIGIN
      X-Permitted-Cross-Domain-Policies:
      - none
      X-Request-Id:
      - d5ce09b4-2934-4c00-b399-e194e1f38c50
      X-Runtime:
      - '0.028103'
      X-XSS-Protection:
      - 1; mode=block
    status:
      code: 200
      message: OK
- request:
    body: null
    headers:
      Accept:
      - '*/*'
      Accept-Encoding:
      - gzip, deflate
      Authorization:
      - Bearer __MASTODON_PY_TEST_ACCESS_TOKEN
      Connection:
      - keep-alive
      Content-Length:
      - '0'
      User-Agent:
      - tests/v311
    method: POST
    uri: http://localhost:3000/api/v1/accounts/109440137501589086/unfollow
  response:
    body:
      string: '{"id":"109440137501589086","following":false,"showing_reblogs":false,"notifying":false,"languages":null,"followed_by":false,"blocking":false,"blocked_by":false,"muting":false,"muting_notifications":false,"requested":false,"domain_blocking":false,"endorsed":false,"note":"top
        ebayer gerne wieder"}'
    headers:
      Cache-Control:
      - no-store
      Content-Security-Policy:
      - 'base-uri ''none''; default-src ''none''; frame-ancestors ''none''; font-src
        ''self'' http://localhost:3000; img-src ''self'' https: data: blob: http://localhost:3000;
        style-src ''self'' http://localhost:3000 ''nonce-YqpKYp+ythg5zes5kXczhw=='';
        media-src ''self'' https: data: http://localhost:3000; frame-src ''self''
        https:; manifest-src ''self'' http://localhost:3000; connect-src ''self''
        data: blob: http://localhost:3000 http://localhost:3000 ws://localhost:4000
        ws://localhost:3035 http://localhost:3035; script-src ''self'' ''unsafe-inline''
        ''unsafe-eval'' http://localhost:3000; child-src ''self'' blob: http://localhost:3000;
        worker-src ''self'' blob: http://localhost:3000'
      Content-Type:
      - application/json; charset=utf-8
      ETag:
      - W/"0e91d2ab9c540ed9a268c6b2497b9f57"
      Referrer-Policy:
      - strict-origin-when-cross-origin
      Transfer-Encoding:
      - chunked
      Vary:
      - Accept, Origin
      X-Content-Type-Options:
      - nosniff
      X-Download-Options:
      - noopen
      X-Frame-Options:
      - SAMEORIGIN
      X-Permitted-Cross-Domain-Policies:
      - none
      X-Request-Id:
      - e6c43e2e-8d27-49b6-90a8-705d82f24398
      X-Runtime:
      - '0.024984'
      X-XSS-Protection:
      - 1; mode=block
    status:
      code: 200
      message: OK
- request:
    body: null
    headers:
      Accept:
      - '*/*'
      Accept-Encoding:
      - gzip, deflate
      Authorization:
      - Bearer __MASTODON_PY_TEST_ACCESS_TOKEN_3
      Connection:
      - keep-alive
      Content-Length:
      - '0'
      User-Agent:
      - tests/v311
    method: DELETE
    uri: http://localhost:3000/api/v1/statuses/109440140620237189
  response:
    body:
      string: '{"id":"109440140620237189","created_at":"2022-12-01T19:47:00.695Z","in_reply_to_id":null,"in_reply_to_account_id":null,"sensitive":false,"spoiler_text":"","visibility":"public","language":"ja","uri":"http://localhost:3000/users/mastodonpy_test_2/statuses/109440140620237189","url":"http://localhost:3000/@mastodonpy_test_2/109440140620237189","replies_count":0,"reblogs_count":1,"favourites_count":0,"edited_at":null,"favourited":false,"reblogged":false,"muted":false,"bookmarked":false,"pinned":false,"text":"rootin
        tooting and shootin","filtered":[],"reblog":null,"application":{"name":"Mastodon.py
        test suite","website":null},"account":{"id":"109440137849431891","username":"mastodonpy_test_2","acct":"mastodonpy_test_2","display_name":"","locked":false,"bot":false,"discoverable":true,"group":false,"created_at":"2022-12-01T00:00:00.000Z","note":"","url":"http://localhost:3000/@mastodonpy_test_2","avatar":"http://localhost:3000/avatars/original/missing.png","avatar_static":"http://localhost:3000/avatars/original/missing.png","header":"http://localhost:3000/headers/original/missing.png","header_static":"http://localhost:3000/headers/original/missing.png","followers_count":0,"following_count":0,"statuses_count":0,"last_status_at":"2022-12-01","noindex":false,"emojis":[],"fields":[]},"media_attachments":[],"mentions":[],"tags":[],"emojis":[],"card":null,"poll":null}'
    headers:
      Cache-Control:
      - no-store
      Content-Security-Policy:
      - 'base-uri ''none''; default-src ''none''; frame-ancestors ''none''; font-src
        ''self'' http://localhost:3000; img-src ''self'' https: data: blob: http://localhost:3000;
        style-src ''self'' http://localhost:3000 ''nonce-cL1L/2vhUKVc+eKiaKzv7Q=='';
        media-src ''self'' https: data: http://localhost:3000; frame-src ''self''
        https:; manifest-src ''self'' http://localhost:3000; connect-src ''self''
        data: blob: http://localhost:3000 http://localhost:3000 ws://localhost:4000
        ws://localhost:3035 http://localhost:3035; script-src ''self'' ''unsafe-inline''
        ''unsafe-eval'' http://localhost:3000; child-src ''self'' blob: http://localhost:3000;
        worker-src ''self'' blob: http://localhost:3000'
      Content-Type:
      - application/json; charset=utf-8
      ETag:
      - W/"e5884a333a0a35d86008af5236b8a658"
      Referrer-Policy:
      - strict-origin-when-cross-origin
      Transfer-Encoding:
      - chunked
      Vary:
      - Accept, Origin
      X-Content-Type-Options:
      - nosniff
      X-Download-Options:
      - noopen
      X-Frame-Options:
      - SAMEORIGIN
      X-Permitted-Cross-Domain-Policies:
      - none
      X-Request-Id:
      - a1ad5b31-0047-42b5-9f1c-fdcbbfe95f80
      X-Runtime:
      - '0.037103'
      X-XSS-Protection:
      - 1; mode=block
    status:
      code: 200
      message: OK
- request:
    body: null
    headers:
      Accept:
      - '*/*'
      Accept-Encoding:
      - gzip, deflate
      Authorization:
      - Bearer __MASTODON_PY_TEST_ACCESS_TOKEN_2
      Connection:
      - keep-alive
      Content-Length:
      - '0'
      User-Agent:
      - tests/v311
    method: DELETE
    uri: http://localhost:3000/api/v1/statuses/109440140688444867
  response:
    body:
      string: '{"id":"109440140688444867","created_at":"2022-12-01T19:47:01.737Z","in_reply_to_id":null,"in_reply_to_account_id":null,"sensitive":false,"spoiler_text":"","visibility":"public","language":"en","uri":"http://localhost:3000/users/admin/statuses/109440140688444867","url":"http://localhost:3000/@admin/109440140688444867","replies_count":0,"reblogs_count":0,"favourites_count":0,"edited_at":null,"favourited":false,"reblogged":false,"muted":false,"bookmarked":false,"pinned":false,"text":"horses
        are not real","filtered":[],"reblog":null,"application":{"name":"Mastodon.py
        test suite","website":null},"account":{"id":"109440137501589086","username":"admin","acct":"admin","display_name":"","locked":false,"bot":false,"discoverable":null,"group":false,"created_at":"2022-12-01T00:00:00.000Z","note":"","url":"http://localhost:3000/@admin","avatar":"http://localhost:3000/avatars/original/missing.png","avatar_static":"http://localhost:3000/avatars/original/missing.png","header":"http://localhost:3000/headers/original/missing.png","header_static":"http://localhost:3000/headers/original/missing.png","followers_count":0,"following_count":0,"statuses_count":1,"last_status_at":"2022-12-01","noindex":false,"emojis":[],"fields":[]},"media_attachments":[],"mentions":[],"tags":[],"emojis":[],"card":null,"poll":null}'
    headers:
      Cache-Control:
      - no-store
      Content-Security-Policy:
      - 'base-uri ''none''; default-src ''none''; frame-ancestors ''none''; font-src
        ''self'' http://localhost:3000; img-src ''self'' https: data: blob: http://localhost:3000;
        style-src ''self'' http://localhost:3000 ''nonce-6fiPwnewHSNM4Mpi3t5hiA=='';
        media-src ''self'' https: data: http://localhost:3000; frame-src ''self''
        https:; manifest-src ''self'' http://localhost:3000; connect-src ''self''
        data: blob: http://localhost:3000 http://localhost:3000 ws://localhost:4000
        ws://localhost:3035 http://localhost:3035; script-src ''self'' ''unsafe-inline''
        ''unsafe-eval'' http://localhost:3000; child-src ''self'' blob: http://localhost:3000;
        worker-src ''self'' blob: http://localhost:3000'
      Content-Type:
      - application/json; charset=utf-8
      ETag:
      - W/"d1ad79cecc30a5066ec697c1688b8903"
      Referrer-Policy:
      - strict-origin-when-cross-origin
      Transfer-Encoding:
      - chunked
      Vary:
      - Accept, Origin
      X-Content-Type-Options:
      - nosniff
      X-Download-Options:
      - noopen
      X-Frame-Options:
      - SAMEORIGIN
      X-Permitted-Cross-Domain-Policies:
      - none
      X-Request-Id:
      - 49a4d338-053d-4bff-aa76-968f5501953c
      X-Runtime:
      - '0.028696'
      X-XSS-Protection:
      - 1; mode=block
    status:
      code: 200
      message: OK
version: 1
