interactions:
- request:
    body: status=Toot%21
    headers:
      Accept:
      - '*/*'
      Accept-Encoding:
      - gzip, deflate
      Authorization:
      - Bearer __MASTODON_PY_TEST_ACCESS_TOKEN
      Connection:
      - keep-alive
      Content-Length:
      - '14'
      Content-Type:
      - application/x-www-form-urlencoded
      User-Agent:
      - tests/v311
    method: POST
    uri: http://localhost:3000/api/v1/statuses
  response:
    body:
      string: '{"id":"109440141021521258","created_at":"2022-12-01T19:47:06.819Z","in_reply_to_id":null,"in_reply_to_account_id":null,"sensitive":false,"spoiler_text":"","visibility":"public","language":"ja","uri":"http://localhost:3000/users/mastodonpy_test/statuses/109440141021521258","url":"http://localhost:3000/@mastodonpy_test/109440141021521258","replies_count":0,"reblogs_count":0,"favourites_count":0,"edited_at":null,"favourited":false,"reblogged":false,"muted":false,"bookmarked":false,"pinned":false,"content":"\u003cp\u003eToot!\u003c/p\u003e","filtered":[],"reblog":null,"application":{"name":"Mastodon.py
        test suite","website":null},"account":{"id":"109440137734600341","username":"mastodonpy_test","acct":"mastodonpy_test","display_name":"John
        Lennon","locked":true,"bot":false,"discoverable":null,"group":false,"created_at":"2022-12-01T00:00:00.000Z","note":"\u003cp\u003eI
        walk funny\u003c/p\u003e","url":"http://localhost:3000/@mastodonpy_test","avatar":"http://localhost:3000/system/accounts/avatars/109/440/137/734/600/341/original/1fa6adb0173e410e.jpg","avatar_static":"http://localhost:3000/system/accounts/avatars/109/440/137/734/600/341/original/1fa6adb0173e410e.jpg","header":"http://localhost:3000/system/accounts/headers/109/440/137/734/600/341/original/96de51cc44c4a5d9.jpg","header_static":"http://localhost:3000/system/accounts/headers/109/440/137/734/600/341/original/96de51cc44c4a5d9.jpg","followers_count":0,"following_count":0,"statuses_count":1,"last_status_at":"2022-12-01","noindex":false,"emojis":[],"fields":[{"name":"bread","value":"toasty.","verified_at":null},{"name":"lasagna","value":"no!!!","verified_at":null}]},"media_attachments":[],"mentions":[],"tags":[],"emojis":[],"card":null,"poll":null}'
    headers:
      Cache-Control:
      - no-store
      Content-Security-Policy:
      - 'base-uri ''none''; default-src ''none''; frame-ancestors ''none''; font-src
        ''self'' http://localhost:3000; img-src ''self'' https: data: blob: http://localhost:3000;
        style-src ''self'' http://localhost:3000 ''nonce-rBpgbWpzYmBzJd4a2pCNrg=='';
        media-src ''self'' https: data: http://localhost:3000; frame-src ''self''
        https:; manifest-src ''self'' http://localhost:3000; connect-src ''self''
        data: blob: http://localhost:3000 http://localhost:3000 ws://localhost:4000
        ws://localhost:3035 http://localhost:3035; script-src ''self'' ''unsafe-inline''
        ''unsafe-eval'' http://localhost:3000; child-src ''self'' blob: http://localhost:3000;
        worker-src ''self'' blob: http://localhost:3000'
      Content-Type:
      - application/json; charset=utf-8
      ETag:
      - W/"b423512e32e491b49f9564bd0298c7b4"
      Referrer-Policy:
      - strict-origin-when-cross-origin
      Transfer-Encoding:
      - chunked
      Vary:
      - Accept, Origin
      X-Content-Type-Options:
      - nosniff
      X-Download-Options:
      - noopen
      X-Frame-Options:
      - SAMEORIGIN
      X-Permitted-Cross-Domain-Policies:
      - none
      X-RateLimit-Limit:
      - '300'
      X-RateLimit-Remaining:
      - '293'
      X-RateLimit-Reset:
      - '2022-12-01T21:00:00.852657Z'
      X-Request-Id:
      - 76fd0f3a-5929-468b-b0d7-79da9ffb62ca
      X-Runtime:
      - '0.047893'
      X-XSS-Protection:
      - 1; mode=block
    status:
      code: 200
      message: OK
- request:
    body: null
    headers:
      Accept:
      - '*/*'
      Accept-Encoding:
      - gzip, deflate
      Authorization:
      - Bearer __MASTODON_PY_TEST_ACCESS_TOKEN
      Connection:
      - keep-alive
      User-Agent:
      - tests/v311
    method: GET
    uri: http://localhost:3000/api/v1/accounts/verify_credentials
  response:
    body:
      string: '{"id":"109440137734600341","username":"mastodonpy_test","acct":"mastodonpy_test","display_name":"John
        Lennon","locked":true,"bot":false,"discoverable":null,"group":false,"created_at":"2022-12-01T00:00:00.000Z","note":"\u003cp\u003eI
        walk funny\u003c/p\u003e","url":"http://localhost:3000/@mastodonpy_test","avatar":"http://localhost:3000/system/accounts/avatars/109/440/137/734/600/341/original/1fa6adb0173e410e.jpg","avatar_static":"http://localhost:3000/system/accounts/avatars/109/440/137/734/600/341/original/1fa6adb0173e410e.jpg","header":"http://localhost:3000/system/accounts/headers/109/440/137/734/600/341/original/96de51cc44c4a5d9.jpg","header_static":"http://localhost:3000/system/accounts/headers/109/440/137/734/600/341/original/96de51cc44c4a5d9.jpg","followers_count":0,"following_count":0,"statuses_count":1,"last_status_at":"2022-12-01","noindex":false,"source":{"privacy":"public","sensitive":false,"language":null,"note":"I
        walk funny","fields":[{"name":"bread","value":"toasty.","verified_at":null},{"name":"lasagna","value":"no!!!","verified_at":null}],"follow_requests_count":0},"emojis":[],"fields":[{"name":"bread","value":"toasty.","verified_at":null},{"name":"lasagna","value":"no!!!","verified_at":null}],"role":{"id":"-99","name":"","permissions":"65536","color":"","highlighted":false}}'
    headers:
      Cache-Control:
      - no-store
      Content-Security-Policy:
      - 'base-uri ''none''; default-src ''none''; frame-ancestors ''none''; font-src
        ''self'' http://localhost:3000; img-src ''self'' https: data: blob: http://localhost:3000;
        style-src ''self'' http://localhost:3000 ''nonce-B0MMgKPPpEDGUHyYNTwexA=='';
        media-src ''self'' https: data: http://localhost:3000; frame-src ''self''
        https:; manifest-src ''self'' http://localhost:3000; connect-src ''self''
        data: blob: http://localhost:3000 http://localhost:3000 ws://localhost:4000
        ws://localhost:3035 http://localhost:3035; script-src ''self'' ''unsafe-inline''
        ''unsafe-eval'' http://localhost:3000; child-src ''self'' blob: http://localhost:3000;
        worker-src ''self'' blob: http://localhost:3000'
      Content-Type:
      - application/json; charset=utf-8
      ETag:
      - W/"b4d1f1ecf7a540a4d5cd551e1c4e2363"
      Referrer-Policy:
      - strict-origin-when-cross-origin
      Transfer-Encoding:
      - chunked
      Vary:
      - Accept, Origin
      X-Content-Type-Options:
      - nosniff
      X-Download-Options:
      - noopen
      X-Frame-Options:
      - SAMEORIGIN
      X-Permitted-Cross-Domain-Policies:
      - none
      X-Request-Id:
      - 22a501dc-abc9-43bc-afef-c161555e0f76
      X-Runtime:
      - '0.014535'
      X-XSS-Protection:
      - 1; mode=block
    status:
      code: 200
      message: OK
- request:
    body: null
    headers:
      Accept:
      - '*/*'
      Accept-Encoding:
      - gzip, deflate
      Authorization:
      - Bearer __MASTODON_PY_TEST_ACCESS_TOKEN_2
      Connection:
      - keep-alive
      User-Agent:
      - tests/v311
    method: GET
    uri: http://localhost:3000/api/v1/accounts/verify_credentials
  response:
    body:
      string: '{"id":"109440137501589086","username":"admin","acct":"admin","display_name":"","locked":false,"bot":false,"discoverable":null,"group":false,"created_at":"2022-12-01T00:00:00.000Z","note":"","url":"http://localhost:3000/@admin","avatar":"http://localhost:3000/avatars/original/missing.png","avatar_static":"http://localhost:3000/avatars/original/missing.png","header":"http://localhost:3000/headers/original/missing.png","header_static":"http://localhost:3000/headers/original/missing.png","followers_count":0,"following_count":0,"statuses_count":0,"last_status_at":"2022-12-01","noindex":false,"source":{"privacy":"public","sensitive":false,"language":null,"note":"","fields":[],"follow_requests_count":0},"emojis":[],"fields":[],"role":{"id":"3","name":"Owner","permissions":"1048575","color":"","highlighted":true}}'
    headers:
      Cache-Control:
      - no-store
      Content-Security-Policy:
      - 'base-uri ''none''; default-src ''none''; frame-ancestors ''none''; font-src
        ''self'' http://localhost:3000; img-src ''self'' https: data: blob: http://localhost:3000;
        style-src ''self'' http://localhost:3000 ''nonce-xVrPiolhi6OARz/NOiLbpg=='';
        media-src ''self'' https: data: http://localhost:3000; frame-src ''self''
        https:; manifest-src ''self'' http://localhost:3000; connect-src ''self''
        data: blob: http://localhost:3000 http://localhost:3000 ws://localhost:4000
        ws://localhost:3035 http://localhost:3035; script-src ''self'' ''unsafe-inline''
        ''unsafe-eval'' http://localhost:3000; child-src ''self'' blob: http://localhost:3000;
        worker-src ''self'' blob: http://localhost:3000'
      Content-Type:
      - application/json; charset=utf-8
      ETag:
      - W/"dd450e6d64e656efa28c76c7d7b7eef0"
      Referrer-Policy:
      - strict-origin-when-cross-origin
      Transfer-Encoding:
      - chunked
      Vary:
      - Accept, Origin
      X-Content-Type-Options:
      - nosniff
      X-Download-Options:
      - noopen
      X-Frame-Options:
      - SAMEORIGIN
      X-Permitted-Cross-Domain-Policies:
      - none
      X-Request-Id:
      - 701d7b30-9378-4687-aed4-64901c19a0e7
      X-Runtime:
      - '0.015236'
      X-XSS-Protection:
      - 1; mode=block
    status:
      code: 200
      message: OK
- request:
    body: account_id=109440137734600341&comment=api+crimes&status_ids%5B%5D=109440141021521258
    headers:
      Accept:
      - '*/*'
      Accept-Encoding:
      - gzip, deflate
      Authorization:
      - Bearer __MASTODON_PY_TEST_ACCESS_TOKEN_2
      Connection:
      - keep-alive
      Content-Length:
      - '84'
      Content-Type:
      - application/x-www-form-urlencoded
      User-Agent:
      - tests/v311
    method: POST
    uri: http://localhost:3000/api/v1/reports/
  response:
    body:
      string: '{"id":"1","action_taken":false,"action_taken_at":null,"category":"other","comment":"api
        crimes","forwarded":false,"created_at":"2022-12-01T19:47:06.923Z","status_ids":["109440141021521258"],"rule_ids":null,"target_account":{"id":"109440137734600341","username":"mastodonpy_test","acct":"mastodonpy_test","display_name":"John
        Lennon","locked":true,"bot":false,"discoverable":null,"group":false,"created_at":"2022-12-01T00:00:00.000Z","note":"\u003cp\u003eI
        walk funny\u003c/p\u003e","url":"http://localhost:3000/@mastodonpy_test","avatar":"http://localhost:3000/system/accounts/avatars/109/440/137/734/600/341/original/1fa6adb0173e410e.jpg","avatar_static":"http://localhost:3000/system/accounts/avatars/109/440/137/734/600/341/original/1fa6adb0173e410e.jpg","header":"http://localhost:3000/system/accounts/headers/109/440/137/734/600/341/original/96de51cc44c4a5d9.jpg","header_static":"http://localhost:3000/system/accounts/headers/109/440/137/734/600/341/original/96de51cc44c4a5d9.jpg","followers_count":0,"following_count":0,"statuses_count":1,"last_status_at":"2022-12-01","noindex":false,"emojis":[],"fields":[{"name":"bread","value":"toasty.","verified_at":null},{"name":"lasagna","value":"no!!!","verified_at":null}]}}'
    headers:
      Cache-Control:
      - no-store
      Content-Security-Policy:
      - 'base-uri ''none''; default-src ''none''; frame-ancestors ''none''; font-src
        ''self'' http://localhost:3000; img-src ''self'' https: data: blob: http://localhost:3000;
        style-src ''self'' http://localhost:3000 ''nonce-ofbOn9lHzmgGFYFyIlzWLg=='';
        media-src ''self'' https: data: http://localhost:3000; frame-src ''self''
        https:; manifest-src ''self'' http://localhost:3000; connect-src ''self''
        data: blob: http://localhost:3000 http://localhost:3000 ws://localhost:4000
        ws://localhost:3035 http://localhost:3035; script-src ''self'' ''unsafe-inline''
        ''unsafe-eval'' http://localhost:3000; child-src ''self'' blob: http://localhost:3000;
        worker-src ''self'' blob: http://localhost:3000'
      Content-Type:
      - application/json; charset=utf-8
      ETag:
      - W/"b4a5d8a88087617e9473844ff9852a4d"
      Referrer-Policy:
      - strict-origin-when-cross-origin
      Transfer-Encoding:
      - chunked
      Vary:
      - Accept, Origin
      X-Content-Type-Options:
      - nosniff
      X-Download-Options:
      - noopen
      X-Frame-Options:
      - SAMEORIGIN
      X-Permitted-Cross-Domain-Policies:
      - none
      X-RateLimit-Limit:
      - '400'
      X-RateLimit-Remaining:
      - '400'
      X-RateLimit-Reset:
      - '2022-12-02T00:00:00.941977Z'
      X-Request-Id:
      - e88b426c-6275-492d-b6dc-3cb24d273400
      X-Runtime:
      - '0.043900'
      X-XSS-Protection:
      - 1; mode=block
    status:
      code: 200
      message: OK
- request:
    body: null
    headers:
      Accept:
      - '*/*'
      Accept-Encoding:
      - gzip, deflate
      Authorization:
      - Bearer __MASTODON_PY_TEST_ACCESS_TOKEN_2
      Connection:
      - keep-alive
      User-Agent:
      - tests/v311
    method: GET
    uri: http://localhost:3000/api/v1/admin/reports
  response:
    body:
      string: '[{"id":"1","action_taken":false,"action_taken_at":null,"category":"other","comment":"api
        crimes","forwarded":false,"created_at":"2022-12-01T19:47:06.923Z","updated_at":"2022-12-01T19:47:06.923Z","account":{"id":"109440137501589086","username":"admin","domain":null,"created_at":"2022-12-01T19:46:13.056Z","email":"admin@localhost:3000","ip":null,"role":{"id":3,"name":"Owner","color":"","position":1000,"permissions":1,"highlighted":true,"created_at":"2022-12-01T19:46:13.052Z","updated_at":"2022-12-01T19:46:13.052Z"},"confirmed":true,"suspended":false,"silenced":false,"sensitized":false,"disabled":false,"approved":true,"locale":null,"invite_request":null,"ips":[],"account":{"id":"109440137501589086","username":"admin","acct":"admin","display_name":"","locked":false,"bot":false,"discoverable":null,"group":false,"created_at":"2022-12-01T00:00:00.000Z","note":"","url":"http://localhost:3000/@admin","avatar":"http://localhost:3000/avatars/original/missing.png","avatar_static":"http://localhost:3000/avatars/original/missing.png","header":"http://localhost:3000/headers/original/missing.png","header_static":"http://localhost:3000/headers/original/missing.png","followers_count":0,"following_count":0,"statuses_count":0,"last_status_at":"2022-12-01","noindex":false,"emojis":[],"fields":[]}},"target_account":{"id":"109440137734600341","username":"mastodonpy_test","domain":null,"created_at":"2022-12-01T19:46:16.688Z","email":"mastodonpy_test@localhost:3000","ip":null,"role":{"id":-99,"name":"","color":"","position":-1,"permissions":65536,"highlighted":false,"created_at":"2022-12-01T19:46:13.041Z","updated_at":"2022-12-01T19:46:13.041Z"},"confirmed":true,"suspended":false,"silenced":false,"sensitized":false,"disabled":false,"approved":true,"locale":"ja","invite_request":null,"ips":[],"account":{"id":"109440137734600341","username":"mastodonpy_test","acct":"mastodonpy_test","display_name":"John
        Lennon","locked":true,"bot":false,"discoverable":null,"group":false,"created_at":"2022-12-01T00:00:00.000Z","note":"\u003cp\u003eI
        walk funny\u003c/p\u003e","url":"http://localhost:3000/@mastodonpy_test","avatar":"http://localhost:3000/system/accounts/avatars/109/440/137/734/600/341/original/1fa6adb0173e410e.jpg","avatar_static":"http://localhost:3000/system/accounts/avatars/109/440/137/734/600/341/original/1fa6adb0173e410e.jpg","header":"http://localhost:3000/system/accounts/headers/109/440/137/734/600/341/original/96de51cc44c4a5d9.jpg","header_static":"http://localhost:3000/system/accounts/headers/109/440/137/734/600/341/original/96de51cc44c4a5d9.jpg","followers_count":0,"following_count":0,"statuses_count":1,"last_status_at":"2022-12-01","noindex":false,"emojis":[],"fields":[{"name":"bread","value":"toasty.","verified_at":null},{"name":"lasagna","value":"no!!!","verified_at":null}]}},"assigned_account":null,"action_taken_by_account":null,"statuses":[{"id":"109440141021521258","created_at":"2022-12-01T19:47:06.819Z","in_reply_to_id":null,"in_reply_to_account_id":null,"sensitive":false,"spoiler_text":"","visibility":"public","language":"ja","uri":"http://localhost:3000/users/mastodonpy_test/statuses/109440141021521258","url":"http://localhost:3000/@mastodonpy_test/109440141021521258","replies_count":0,"reblogs_count":0,"favourites_count":0,"edited_at":null,"favourited":false,"reblogged":false,"muted":false,"bookmarked":false,"content":"\u003cp\u003eToot!\u003c/p\u003e","filtered":[],"reblog":null,"application":{"name":"Mastodon.py
        test suite","website":null},"account":{"id":"109440137734600341","username":"mastodonpy_test","acct":"mastodonpy_test","display_name":"John
        Lennon","locked":true,"bot":false,"discoverable":null,"group":false,"created_at":"2022-12-01T00:00:00.000Z","note":"\u003cp\u003eI
        walk funny\u003c/p\u003e","url":"http://localhost:3000/@mastodonpy_test","avatar":"http://localhost:3000/system/accounts/avatars/109/440/137/734/600/341/original/1fa6adb0173e410e.jpg","avatar_static":"http://localhost:3000/system/accounts/avatars/109/440/137/734/600/341/original/1fa6adb0173e410e.jpg","header":"http://localhost:3000/system/accounts/headers/109/440/137/734/600/341/original/96de51cc44c4a5d9.jpg","header_static":"http://localhost:3000/system/accounts/headers/109/440/137/734/600/341/original/96de51cc44c4a5d9.jpg","followers_count":0,"following_count":0,"statuses_count":1,"last_status_at":"2022-12-01","noindex":false,"emojis":[],"fields":[{"name":"bread","value":"toasty.","verified_at":null},{"name":"lasagna","value":"no!!!","verified_at":null}]},"media_attachments":[],"mentions":[],"tags":[],"emojis":[],"card":null,"poll":null}],"rules":[]}]'
    headers:
      Cache-Control:
      - no-store
      Content-Security-Policy:
      - 'base-uri ''none''; default-src ''none''; frame-ancestors ''none''; font-src
        ''self'' http://localhost:3000; img-src ''self'' https: data: blob: http://localhost:3000;
        style-src ''self'' http://localhost:3000 ''nonce-kGtm6+MT1sLxs/YuFCSmvQ=='';
        media-src ''self'' https: data: http://localhost:3000; frame-src ''self''
        https:; manifest-src ''self'' http://localhost:3000; connect-src ''self''
        data: blob: http://localhost:3000 http://localhost:3000 ws://localhost:4000
        ws://localhost:3035 http://localhost:3035; script-src ''self'' ''unsafe-inline''
        ''unsafe-eval'' http://localhost:3000; child-src ''self'' blob: http://localhost:3000;
        worker-src ''self'' blob: http://localhost:3000'
      Content-Type:
      - application/json; charset=utf-8
      ETag:
      - W/"c1158e6e0649a6a8f3b8b812f4d8c68d"
      Link:
      - <http://localhost:3000/api/v1/admin/reports?min_id=1>; rel="prev"
      Referrer-Policy:
      - strict-origin-when-cross-origin
      Transfer-Encoding:
      - chunked
      Vary:
      - Accept, Origin
      X-Content-Type-Options:
      - nosniff
      X-Download-Options:
      - noopen
      X-Frame-Options:
      - SAMEORIGIN
      X-Permitted-Cross-Domain-Policies:
      - none
      X-Request-Id:
      - b5526f4c-a891-4508-8f4c-7b8f0290f739
      X-Runtime:
      - '0.049071'
      X-XSS-Protection:
      - 1; mode=block
    status:
      code: 200
      message: OK
- request:
    body: null
    headers:
      Accept:
      - '*/*'
      Accept-Encoding:
      - gzip, deflate
      Authorization:
      - Bearer __MASTODON_PY_TEST_ACCESS_TOKEN_2
      Connection:
      - keep-alive
      Content-Length:
      - '0'
      User-Agent:
      - tests/v311
    method: POST
    uri: http://localhost:3000/api/v1/admin/reports/1/resolve
  response:
    body:
      string: '{"id":"1","action_taken":true,"action_taken_at":"2022-12-01T19:47:07.011Z","category":"other","comment":"api
        crimes","forwarded":false,"created_at":"2022-12-01T19:47:06.923Z","updated_at":"2022-12-01T19:47:07.013Z","account":{"id":"109440137501589086","username":"admin","domain":null,"created_at":"2022-12-01T19:46:13.056Z","email":"admin@localhost:3000","ip":null,"role":{"id":3,"name":"Owner","color":"","position":1000,"permissions":1,"highlighted":true,"created_at":"2022-12-01T19:46:13.052Z","updated_at":"2022-12-01T19:46:13.052Z"},"confirmed":true,"suspended":false,"silenced":false,"sensitized":false,"disabled":false,"approved":true,"locale":null,"invite_request":null,"ips":[],"account":{"id":"109440137501589086","username":"admin","acct":"admin","display_name":"","locked":false,"bot":false,"discoverable":null,"group":false,"created_at":"2022-12-01T00:00:00.000Z","note":"","url":"http://localhost:3000/@admin","avatar":"http://localhost:3000/avatars/original/missing.png","avatar_static":"http://localhost:3000/avatars/original/missing.png","header":"http://localhost:3000/headers/original/missing.png","header_static":"http://localhost:3000/headers/original/missing.png","followers_count":0,"following_count":0,"statuses_count":0,"last_status_at":"2022-12-01","noindex":false,"emojis":[],"fields":[]}},"target_account":{"id":"109440137734600341","username":"mastodonpy_test","domain":null,"created_at":"2022-12-01T19:46:16.688Z","email":"mastodonpy_test@localhost:3000","ip":null,"role":{"id":-99,"name":"","color":"","position":-1,"permissions":65536,"highlighted":false,"created_at":"2022-12-01T19:46:13.041Z","updated_at":"2022-12-01T19:46:13.041Z"},"confirmed":true,"suspended":false,"silenced":false,"sensitized":false,"disabled":false,"approved":true,"locale":"ja","invite_request":null,"ips":[],"account":{"id":"109440137734600341","username":"mastodonpy_test","acct":"mastodonpy_test","display_name":"John
        Lennon","locked":true,"bot":false,"discoverable":null,"group":false,"created_at":"2022-12-01T00:00:00.000Z","note":"\u003cp\u003eI
        walk funny\u003c/p\u003e","url":"http://localhost:3000/@mastodonpy_test","avatar":"http://localhost:3000/system/accounts/avatars/109/440/137/734/600/341/original/1fa6adb0173e410e.jpg","avatar_static":"http://localhost:3000/system/accounts/avatars/109/440/137/734/600/341/original/1fa6adb0173e410e.jpg","header":"http://localhost:3000/system/accounts/headers/109/440/137/734/600/341/original/96de51cc44c4a5d9.jpg","header_static":"http://localhost:3000/system/accounts/headers/109/440/137/734/600/341/original/96de51cc44c4a5d9.jpg","followers_count":0,"following_count":0,"statuses_count":1,"last_status_at":"2022-12-01","noindex":false,"emojis":[],"fields":[{"name":"bread","value":"toasty.","verified_at":null},{"name":"lasagna","value":"no!!!","verified_at":null}]}},"assigned_account":null,"action_taken_by_account":{"id":"109440137501589086","username":"admin","domain":null,"created_at":"2022-12-01T19:46:13.056Z","email":"admin@localhost:3000","ip":null,"role":{"id":3,"name":"Owner","color":"","position":1000,"permissions":1,"highlighted":true,"created_at":"2022-12-01T19:46:13.052Z","updated_at":"2022-12-01T19:46:13.052Z"},"confirmed":true,"suspended":false,"silenced":false,"sensitized":false,"disabled":false,"approved":true,"locale":null,"invite_request":null,"ips":[],"account":{"id":"109440137501589086","username":"admin","acct":"admin","display_name":"","locked":false,"bot":false,"discoverable":null,"group":false,"created_at":"2022-12-01T00:00:00.000Z","note":"","url":"http://localhost:3000/@admin","avatar":"http://localhost:3000/avatars/original/missing.png","avatar_static":"http://localhost:3000/avatars/original/missing.png","header":"http://localhost:3000/headers/original/missing.png","header_static":"http://localhost:3000/headers/original/missing.png","followers_count":0,"following_count":0,"statuses_count":0,"last_status_at":"2022-12-01","noindex":false,"emojis":[],"fields":[]}},"statuses":[{"id":"109440141021521258","created_at":"2022-12-01T19:47:06.819Z","in_reply_to_id":null,"in_reply_to_account_id":null,"sensitive":false,"spoiler_text":"","visibility":"public","language":"ja","uri":"http://localhost:3000/users/mastodonpy_test/statuses/109440141021521258","url":"http://localhost:3000/@mastodonpy_test/109440141021521258","replies_count":0,"reblogs_count":0,"favourites_count":0,"edited_at":null,"favourited":false,"reblogged":false,"muted":false,"bookmarked":false,"content":"\u003cp\u003eToot!\u003c/p\u003e","filtered":[],"reblog":null,"application":{"name":"Mastodon.py
        test suite","website":null},"account":{"id":"109440137734600341","username":"mastodonpy_test","acct":"mastodonpy_test","display_name":"John
        Lennon","locked":true,"bot":false,"discoverable":null,"group":false,"created_at":"2022-12-01T00:00:00.000Z","note":"\u003cp\u003eI
        walk funny\u003c/p\u003e","url":"http://localhost:3000/@mastodonpy_test","avatar":"http://localhost:3000/system/accounts/avatars/109/440/137/734/600/341/original/1fa6adb0173e410e.jpg","avatar_static":"http://localhost:3000/system/accounts/avatars/109/440/137/734/600/341/original/1fa6adb0173e410e.jpg","header":"http://localhost:3000/system/accounts/headers/109/440/137/734/600/341/original/96de51cc44c4a5d9.jpg","header_static":"http://localhost:3000/system/accounts/headers/109/440/137/734/600/341/original/96de51cc44c4a5d9.jpg","followers_count":0,"following_count":0,"statuses_count":1,"last_status_at":"2022-12-01","noindex":false,"emojis":[],"fields":[{"name":"bread","value":"toasty.","verified_at":null},{"name":"lasagna","value":"no!!!","verified_at":null}]},"media_attachments":[],"mentions":[],"tags":[],"emojis":[],"card":null,"poll":null}],"rules":[]}'
    headers:
      Cache-Control:
      - no-store
      Content-Security-Policy:
      - 'base-uri ''none''; default-src ''none''; frame-ancestors ''none''; font-src
        ''self'' http://localhost:3000; img-src ''self'' https: data: blob: http://localhost:3000;
        style-src ''self'' http://localhost:3000 ''nonce-/2+p992JFrvMTG5YLGWqpw=='';
        media-src ''self'' https: data: http://localhost:3000; frame-src ''self''
        https:; manifest-src ''self'' http://localhost:3000; connect-src ''self''
        data: blob: http://localhost:3000 http://localhost:3000 ws://localhost:4000
        ws://localhost:3035 http://localhost:3035; script-src ''self'' ''unsafe-inline''
        ''unsafe-eval'' http://localhost:3000; child-src ''self'' blob: http://localhost:3000;
        worker-src ''self'' blob: http://localhost:3000'
      Content-Type:
      - application/json; charset=utf-8
      ETag:
      - W/"3835f34aca3854e4d13c5331996bc689"
      Referrer-Policy:
      - strict-origin-when-cross-origin
      Transfer-Encoding:
      - chunked
      Vary:
      - Accept, Origin
      X-Content-Type-Options:
      - nosniff
      X-Download-Options:
      - noopen
      X-Frame-Options:
      - SAMEORIGIN
      X-Permitted-Cross-Domain-Policies:
      - none
      X-Request-Id:
      - d5fbe7ce-5696-404b-9e61-5abb2122722a
      X-Runtime:
      - '0.057001'
      X-XSS-Protection:
      - 1; mode=block
    status:
      code: 200
      message: OK
- request:
    body: null
    headers:
      Accept:
      - '*/*'
      Accept-Encoding:
      - gzip, deflate
      Authorization:
      - Bearer __MASTODON_PY_TEST_ACCESS_TOKEN_2
      Connection:
      - keep-alive
      User-Agent:
      - tests/v311
    method: GET
    uri: http://localhost:3000/api/v1/admin/reports
  response:
    body:
      string: '[]'
    headers:
      Cache-Control:
      - no-store
      Content-Security-Policy:
      - 'base-uri ''none''; default-src ''none''; frame-ancestors ''none''; font-src
        ''self'' http://localhost:3000; img-src ''self'' https: data: blob: http://localhost:3000;
        style-src ''self'' http://localhost:3000 ''nonce-Q8Zb8VYoY6Aie24Be3O0RA=='';
        media-src ''self'' https: data: http://localhost:3000; frame-src ''self''
        https:; manifest-src ''self'' http://localhost:3000; connect-src ''self''
        data: blob: http://localhost:3000 http://localhost:3000 ws://localhost:4000
        ws://localhost:3035 http://localhost:3035; script-src ''self'' ''unsafe-inline''
        ''unsafe-eval'' http://localhost:3000; child-src ''self'' blob: http://localhost:3000;
        worker-src ''self'' blob: http://localhost:3000'
      Content-Type:
      - application/json; charset=utf-8
      ETag:
      - W/"4f53cda18c2baa0c0354bb5f9a3ecbe5"
      Referrer-Policy:
      - strict-origin-when-cross-origin
      Transfer-Encoding:
      - chunked
      Vary:
      - Accept, Origin
      X-Content-Type-Options:
      - nosniff
      X-Download-Options:
      - noopen
      X-Frame-Options:
      - SAMEORIGIN
      X-Permitted-Cross-Domain-Policies:
      - none
      X-Request-Id:
      - dbcad61c-0f1a-43f8-943c-91a1e7930e4f
      X-Runtime:
      - '0.010575'
      X-XSS-Protection:
      - 1; mode=block
    status:
      code: 200
      message: OK
- request:
    body: null
    headers:
      Accept:
      - '*/*'
      Accept-Encoding:
      - gzip, deflate
      Authorization:
      - Bearer __MASTODON_PY_TEST_ACCESS_TOKEN_2
      Connection:
      - keep-alive
      Content-Length:
      - '0'
      User-Agent:
      - tests/v311
    method: POST
    uri: http://localhost:3000/api/v1/admin/reports/1/reopen
  response:
    body:
      string: '{"id":"1","action_taken":false,"action_taken_at":null,"category":"other","comment":"api
        crimes","forwarded":false,"created_at":"2022-12-01T19:47:06.923Z","updated_at":"2022-12-01T19:47:07.090Z","account":{"id":"109440137501589086","username":"admin","domain":null,"created_at":"2022-12-01T19:46:13.056Z","email":"admin@localhost:3000","ip":null,"role":{"id":3,"name":"Owner","color":"","position":1000,"permissions":1,"highlighted":true,"created_at":"2022-12-01T19:46:13.052Z","updated_at":"2022-12-01T19:46:13.052Z"},"confirmed":true,"suspended":false,"silenced":false,"sensitized":false,"disabled":false,"approved":true,"locale":null,"invite_request":null,"ips":[],"account":{"id":"109440137501589086","username":"admin","acct":"admin","display_name":"","locked":false,"bot":false,"discoverable":null,"group":false,"created_at":"2022-12-01T00:00:00.000Z","note":"","url":"http://localhost:3000/@admin","avatar":"http://localhost:3000/avatars/original/missing.png","avatar_static":"http://localhost:3000/avatars/original/missing.png","header":"http://localhost:3000/headers/original/missing.png","header_static":"http://localhost:3000/headers/original/missing.png","followers_count":0,"following_count":0,"statuses_count":0,"last_status_at":"2022-12-01","noindex":false,"emojis":[],"fields":[]}},"target_account":{"id":"109440137734600341","username":"mastodonpy_test","domain":null,"created_at":"2022-12-01T19:46:16.688Z","email":"mastodonpy_test@localhost:3000","ip":null,"role":{"id":-99,"name":"","color":"","position":-1,"permissions":65536,"highlighted":false,"created_at":"2022-12-01T19:46:13.041Z","updated_at":"2022-12-01T19:46:13.041Z"},"confirmed":true,"suspended":false,"silenced":false,"sensitized":false,"disabled":false,"approved":true,"locale":"ja","invite_request":null,"ips":[],"account":{"id":"109440137734600341","username":"mastodonpy_test","acct":"mastodonpy_test","display_name":"John
        Lennon","locked":true,"bot":false,"discoverable":null,"group":false,"created_at":"2022-12-01T00:00:00.000Z","note":"\u003cp\u003eI
        walk funny\u003c/p\u003e","url":"http://localhost:3000/@mastodonpy_test","avatar":"http://localhost:3000/system/accounts/avatars/109/440/137/734/600/341/original/1fa6adb0173e410e.jpg","avatar_static":"http://localhost:3000/system/accounts/avatars/109/440/137/734/600/341/original/1fa6adb0173e410e.jpg","header":"http://localhost:3000/system/accounts/headers/109/440/137/734/600/341/original/96de51cc44c4a5d9.jpg","header_static":"http://localhost:3000/system/accounts/headers/109/440/137/734/600/341/original/96de51cc44c4a5d9.jpg","followers_count":0,"following_count":0,"statuses_count":1,"last_status_at":"2022-12-01","noindex":false,"emojis":[],"fields":[{"name":"bread","value":"toasty.","verified_at":null},{"name":"lasagna","value":"no!!!","verified_at":null}]}},"assigned_account":null,"action_taken_by_account":null,"statuses":[{"id":"109440141021521258","created_at":"2022-12-01T19:47:06.819Z","in_reply_to_id":null,"in_reply_to_account_id":null,"sensitive":false,"spoiler_text":"","visibility":"public","language":"ja","uri":"http://localhost:3000/users/mastodonpy_test/statuses/109440141021521258","url":"http://localhost:3000/@mastodonpy_test/109440141021521258","replies_count":0,"reblogs_count":0,"favourites_count":0,"edited_at":null,"favourited":false,"reblogged":false,"muted":false,"bookmarked":false,"content":"\u003cp\u003eToot!\u003c/p\u003e","filtered":[],"reblog":null,"application":{"name":"Mastodon.py
        test suite","website":null},"account":{"id":"109440137734600341","username":"mastodonpy_test","acct":"mastodonpy_test","display_name":"John
        Lennon","locked":true,"bot":false,"discoverable":null,"group":false,"created_at":"2022-12-01T00:00:00.000Z","note":"\u003cp\u003eI
        walk funny\u003c/p\u003e","url":"http://localhost:3000/@mastodonpy_test","avatar":"http://localhost:3000/system/accounts/avatars/109/440/137/734/600/341/original/1fa6adb0173e410e.jpg","avatar_static":"http://localhost:3000/system/accounts/avatars/109/440/137/734/600/341/original/1fa6adb0173e410e.jpg","header":"http://localhost:3000/system/accounts/headers/109/440/137/734/600/341/original/96de51cc44c4a5d9.jpg","header_static":"http://localhost:3000/system/accounts/headers/109/440/137/734/600/341/original/96de51cc44c4a5d9.jpg","followers_count":0,"following_count":0,"statuses_count":1,"last_status_at":"2022-12-01","noindex":false,"emojis":[],"fields":[{"name":"bread","value":"toasty.","verified_at":null},{"name":"lasagna","value":"no!!!","verified_at":null}]},"media_attachments":[],"mentions":[],"tags":[],"emojis":[],"card":null,"poll":null}],"rules":[]}'
    headers:
      Cache-Control:
      - no-store
      Content-Security-Policy:
      - 'base-uri ''none''; default-src ''none''; frame-ancestors ''none''; font-src
        ''self'' http://localhost:3000; img-src ''self'' https: data: blob: http://localhost:3000;
        style-src ''self'' http://localhost:3000 ''nonce-nFn8pOeqZFBOw62PFX+HMA=='';
        media-src ''self'' https: data: http://localhost:3000; frame-src ''self''
        https:; manifest-src ''self'' http://localhost:3000; connect-src ''self''
        data: blob: http://localhost:3000 http://localhost:3000 ws://localhost:4000
        ws://localhost:3035 http://localhost:3035; script-src ''self'' ''unsafe-inline''
        ''unsafe-eval'' http://localhost:3000; child-src ''self'' blob: http://localhost:3000;
        worker-src ''self'' blob: http://localhost:3000'
      Content-Type:
      - application/json; charset=utf-8
      ETag:
      - W/"0bc79a783d5d33e28b4be6075bcbcce9"
      Referrer-Policy:
      - strict-origin-when-cross-origin
      Transfer-Encoding:
      - chunked
      Vary:
      - Accept, Origin
      X-Content-Type-Options:
      - nosniff
      X-Download-Options:
      - noopen
      X-Frame-Options:
      - SAMEORIGIN
      X-Permitted-Cross-Domain-Policies:
      - none
      X-Request-Id:
      - 2e937455-7634-4574-9bc1-cbdf3af2a50b
      X-Runtime:
      - '0.045556'
      X-XSS-Protection:
      - 1; mode=block
    status:
      code: 200
      message: OK
- request:
    body: null
    headers:
      Accept:
      - '*/*'
      Accept-Encoding:
      - gzip, deflate
      Authorization:
      - Bearer __MASTODON_PY_TEST_ACCESS_TOKEN_2
      Connection:
      - keep-alive
      User-Agent:
      - tests/v311
    method: GET
    uri: http://localhost:3000/api/v1/admin/reports
  response:
    body:
      string: '[{"id":"1","action_taken":false,"action_taken_at":null,"category":"other","comment":"api
        crimes","forwarded":false,"created_at":"2022-12-01T19:47:06.923Z","updated_at":"2022-12-01T19:47:07.090Z","account":{"id":"109440137501589086","username":"admin","domain":null,"created_at":"2022-12-01T19:46:13.056Z","email":"admin@localhost:3000","ip":null,"role":{"id":3,"name":"Owner","color":"","position":1000,"permissions":1,"highlighted":true,"created_at":"2022-12-01T19:46:13.052Z","updated_at":"2022-12-01T19:46:13.052Z"},"confirmed":true,"suspended":false,"silenced":false,"sensitized":false,"disabled":false,"approved":true,"locale":null,"invite_request":null,"ips":[],"account":{"id":"109440137501589086","username":"admin","acct":"admin","display_name":"","locked":false,"bot":false,"discoverable":null,"group":false,"created_at":"2022-12-01T00:00:00.000Z","note":"","url":"http://localhost:3000/@admin","avatar":"http://localhost:3000/avatars/original/missing.png","avatar_static":"http://localhost:3000/avatars/original/missing.png","header":"http://localhost:3000/headers/original/missing.png","header_static":"http://localhost:3000/headers/original/missing.png","followers_count":0,"following_count":0,"statuses_count":0,"last_status_at":"2022-12-01","noindex":false,"emojis":[],"fields":[]}},"target_account":{"id":"109440137734600341","username":"mastodonpy_test","domain":null,"created_at":"2022-12-01T19:46:16.688Z","email":"mastodonpy_test@localhost:3000","ip":null,"role":{"id":-99,"name":"","color":"","position":-1,"permissions":65536,"highlighted":false,"created_at":"2022-12-01T19:46:13.041Z","updated_at":"2022-12-01T19:46:13.041Z"},"confirmed":true,"suspended":false,"silenced":false,"sensitized":false,"disabled":false,"approved":true,"locale":"ja","invite_request":null,"ips":[],"account":{"id":"109440137734600341","username":"mastodonpy_test","acct":"mastodonpy_test","display_name":"John
        Lennon","locked":true,"bot":false,"discoverable":null,"group":false,"created_at":"2022-12-01T00:00:00.000Z","note":"\u003cp\u003eI
        walk funny\u003c/p\u003e","url":"http://localhost:3000/@mastodonpy_test","avatar":"http://localhost:3000/system/accounts/avatars/109/440/137/734/600/341/original/1fa6adb0173e410e.jpg","avatar_static":"http://localhost:3000/system/accounts/avatars/109/440/137/734/600/341/original/1fa6adb0173e410e.jpg","header":"http://localhost:3000/system/accounts/headers/109/440/137/734/600/341/original/96de51cc44c4a5d9.jpg","header_static":"http://localhost:3000/system/accounts/headers/109/440/137/734/600/341/original/96de51cc44c4a5d9.jpg","followers_count":0,"following_count":0,"statuses_count":1,"last_status_at":"2022-12-01","noindex":false,"emojis":[],"fields":[{"name":"bread","value":"toasty.","verified_at":null},{"name":"lasagna","value":"no!!!","verified_at":null}]}},"assigned_account":null,"action_taken_by_account":null,"statuses":[{"id":"109440141021521258","created_at":"2022-12-01T19:47:06.819Z","in_reply_to_id":null,"in_reply_to_account_id":null,"sensitive":false,"spoiler_text":"","visibility":"public","language":"ja","uri":"http://localhost:3000/users/mastodonpy_test/statuses/109440141021521258","url":"http://localhost:3000/@mastodonpy_test/109440141021521258","replies_count":0,"reblogs_count":0,"favourites_count":0,"edited_at":null,"favourited":false,"reblogged":false,"muted":false,"bookmarked":false,"content":"\u003cp\u003eToot!\u003c/p\u003e","filtered":[],"reblog":null,"application":{"name":"Mastodon.py
        test suite","website":null},"account":{"id":"109440137734600341","username":"mastodonpy_test","acct":"mastodonpy_test","display_name":"John
        Lennon","locked":true,"bot":false,"discoverable":null,"group":false,"created_at":"2022-12-01T00:00:00.000Z","note":"\u003cp\u003eI
        walk funny\u003c/p\u003e","url":"http://localhost:3000/@mastodonpy_test","avatar":"http://localhost:3000/system/accounts/avatars/109/440/137/734/600/341/original/1fa6adb0173e410e.jpg","avatar_static":"http://localhost:3000/system/accounts/avatars/109/440/137/734/600/341/original/1fa6adb0173e410e.jpg","header":"http://localhost:3000/system/accounts/headers/109/440/137/734/600/341/original/96de51cc44c4a5d9.jpg","header_static":"http://localhost:3000/system/accounts/headers/109/440/137/734/600/341/original/96de51cc44c4a5d9.jpg","followers_count":0,"following_count":0,"statuses_count":1,"last_status_at":"2022-12-01","noindex":false,"emojis":[],"fields":[{"name":"bread","value":"toasty.","verified_at":null},{"name":"lasagna","value":"no!!!","verified_at":null}]},"media_attachments":[],"mentions":[],"tags":[],"emojis":[],"card":null,"poll":null}],"rules":[]}]'
    headers:
      Cache-Control:
      - no-store
      Content-Security-Policy:
      - 'base-uri ''none''; default-src ''none''; frame-ancestors ''none''; font-src
        ''self'' http://localhost:3000; img-src ''self'' https: data: blob: http://localhost:3000;
        style-src ''self'' http://localhost:3000 ''nonce-FAYw3LiylC6+mLm7455+nQ=='';
        media-src ''self'' https: data: http://localhost:3000; frame-src ''self''
        https:; manifest-src ''self'' http://localhost:3000; connect-src ''self''
        data: blob: http://localhost:3000 http://localhost:3000 ws://localhost:4000
        ws://localhost:3035 http://localhost:3035; script-src ''self'' ''unsafe-inline''
        ''unsafe-eval'' http://localhost:3000; child-src ''self'' blob: http://localhost:3000;
        worker-src ''self'' blob: http://localhost:3000'
      Content-Type:
      - application/json; charset=utf-8
      ETag:
      - W/"b5d75b0f4613d90ff0cf96af39f15e6f"
      Link:
      - <http://localhost:3000/api/v1/admin/reports?min_id=1>; rel="prev"
      Referrer-Policy:
      - strict-origin-when-cross-origin
      Transfer-Encoding:
      - chunked
      Vary:
      - Accept, Origin
      X-Content-Type-Options:
      - nosniff
      X-Download-Options:
      - noopen
      X-Frame-Options:
      - SAMEORIGIN
      X-Permitted-Cross-Domain-Policies:
      - none
      X-Request-Id:
      - cf523431-9e45-436e-baff-50661df52823
      X-Runtime:
      - '0.039938'
      X-XSS-Protection:
      - 1; mode=block
    status:
      code: 200
      message: OK
- request:
    body: null
    headers:
      Accept:
      - '*/*'
      Accept-Encoding:
      - gzip, deflate
      Authorization:
      - Bearer __MASTODON_PY_TEST_ACCESS_TOKEN_2
      Connection:
      - keep-alive
      Content-Length:
      - '0'
      User-Agent:
      - tests/v311
    method: POST
    uri: http://localhost:3000/api/v1/admin/reports/1/assign_to_self
  response:
    body:
      string: '{"id":"1","action_taken":false,"action_taken_at":null,"category":"other","comment":"api
        crimes","forwarded":false,"created_at":"2022-12-01T19:47:06.923Z","updated_at":"2022-12-01T19:47:07.187Z","account":{"id":"109440137501589086","username":"admin","domain":null,"created_at":"2022-12-01T19:46:13.056Z","email":"admin@localhost:3000","ip":null,"role":{"id":3,"name":"Owner","color":"","position":1000,"permissions":1,"highlighted":true,"created_at":"2022-12-01T19:46:13.052Z","updated_at":"2022-12-01T19:46:13.052Z"},"confirmed":true,"suspended":false,"silenced":false,"sensitized":false,"disabled":false,"approved":true,"locale":null,"invite_request":null,"ips":[],"account":{"id":"109440137501589086","username":"admin","acct":"admin","display_name":"","locked":false,"bot":false,"discoverable":null,"group":false,"created_at":"2022-12-01T00:00:00.000Z","note":"","url":"http://localhost:3000/@admin","avatar":"http://localhost:3000/avatars/original/missing.png","avatar_static":"http://localhost:3000/avatars/original/missing.png","header":"http://localhost:3000/headers/original/missing.png","header_static":"http://localhost:3000/headers/original/missing.png","followers_count":0,"following_count":0,"statuses_count":0,"last_status_at":"2022-12-01","noindex":false,"emojis":[],"fields":[]}},"target_account":{"id":"109440137734600341","username":"mastodonpy_test","domain":null,"created_at":"2022-12-01T19:46:16.688Z","email":"mastodonpy_test@localhost:3000","ip":null,"role":{"id":-99,"name":"","color":"","position":-1,"permissions":65536,"highlighted":false,"created_at":"2022-12-01T19:46:13.041Z","updated_at":"2022-12-01T19:46:13.041Z"},"confirmed":true,"suspended":false,"silenced":false,"sensitized":false,"disabled":false,"approved":true,"locale":"ja","invite_request":null,"ips":[],"account":{"id":"109440137734600341","username":"mastodonpy_test","acct":"mastodonpy_test","display_name":"John
        Lennon","locked":true,"bot":false,"discoverable":null,"group":false,"created_at":"2022-12-01T00:00:00.000Z","note":"\u003cp\u003eI
        walk funny\u003c/p\u003e","url":"http://localhost:3000/@mastodonpy_test","avatar":"http://localhost:3000/system/accounts/avatars/109/440/137/734/600/341/original/1fa6adb0173e410e.jpg","avatar_static":"http://localhost:3000/system/accounts/avatars/109/440/137/734/600/341/original/1fa6adb0173e410e.jpg","header":"http://localhost:3000/system/accounts/headers/109/440/137/734/600/341/original/96de51cc44c4a5d9.jpg","header_static":"http://localhost:3000/system/accounts/headers/109/440/137/734/600/341/original/96de51cc44c4a5d9.jpg","followers_count":0,"following_count":0,"statuses_count":1,"last_status_at":"2022-12-01","noindex":false,"emojis":[],"fields":[{"name":"bread","value":"toasty.","verified_at":null},{"name":"lasagna","value":"no!!!","verified_at":null}]}},"assigned_account":{"id":"109440137501589086","username":"admin","domain":null,"created_at":"2022-12-01T19:46:13.056Z","email":"admin@localhost:3000","ip":null,"role":{"id":3,"name":"Owner","color":"","position":1000,"permissions":1,"highlighted":true,"created_at":"2022-12-01T19:46:13.052Z","updated_at":"2022-12-01T19:46:13.052Z"},"confirmed":true,"suspended":false,"silenced":false,"sensitized":false,"disabled":false,"approved":true,"locale":null,"invite_request":null,"ips":[],"account":{"id":"109440137501589086","username":"admin","acct":"admin","display_name":"","locked":false,"bot":false,"discoverable":null,"group":false,"created_at":"2022-12-01T00:00:00.000Z","note":"","url":"http://localhost:3000/@admin","avatar":"http://localhost:3000/avatars/original/missing.png","avatar_static":"http://localhost:3000/avatars/original/missing.png","header":"http://localhost:3000/headers/original/missing.png","header_static":"http://localhost:3000/headers/original/missing.png","followers_count":0,"following_count":0,"statuses_count":0,"last_status_at":"2022-12-01","noindex":false,"emojis":[],"fields":[]}},"action_taken_by_account":null,"statuses":[{"id":"109440141021521258","created_at":"2022-12-01T19:47:06.819Z","in_reply_to_id":null,"in_reply_to_account_id":null,"sensitive":false,"spoiler_text":"","visibility":"public","language":"ja","uri":"http://localhost:3000/users/mastodonpy_test/statuses/109440141021521258","url":"http://localhost:3000/@mastodonpy_test/109440141021521258","replies_count":0,"reblogs_count":0,"favourites_count":0,"edited_at":null,"favourited":false,"reblogged":false,"muted":false,"bookmarked":false,"content":"\u003cp\u003eToot!\u003c/p\u003e","filtered":[],"reblog":null,"application":{"name":"Mastodon.py
        test suite","website":null},"account":{"id":"109440137734600341","username":"mastodonpy_test","acct":"mastodonpy_test","display_name":"John
        Lennon","locked":true,"bot":false,"discoverable":null,"group":false,"created_at":"2022-12-01T00:00:00.000Z","note":"\u003cp\u003eI
        walk funny\u003c/p\u003e","url":"http://localhost:3000/@mastodonpy_test","avatar":"http://localhost:3000/system/accounts/avatars/109/440/137/734/600/341/original/1fa6adb0173e410e.jpg","avatar_static":"http://localhost:3000/system/accounts/avatars/109/440/137/734/600/341/original/1fa6adb0173e410e.jpg","header":"http://localhost:3000/system/accounts/headers/109/440/137/734/600/341/original/96de51cc44c4a5d9.jpg","header_static":"http://localhost:3000/system/accounts/headers/109/440/137/734/600/341/original/96de51cc44c4a5d9.jpg","followers_count":0,"following_count":0,"statuses_count":1,"last_status_at":"2022-12-01","noindex":false,"emojis":[],"fields":[{"name":"bread","value":"toasty.","verified_at":null},{"name":"lasagna","value":"no!!!","verified_at":null}]},"media_attachments":[],"mentions":[],"tags":[],"emojis":[],"card":null,"poll":null}],"rules":[]}'
    headers:
      Cache-Control:
      - no-store
      Content-Security-Policy:
      - 'base-uri ''none''; default-src ''none''; frame-ancestors ''none''; font-src
        ''self'' http://localhost:3000; img-src ''self'' https: data: blob: http://localhost:3000;
        style-src ''self'' http://localhost:3000 ''nonce-1nIzwkKRtuRR6JWffdmI3Q=='';
        media-src ''self'' https: data: http://localhost:3000; frame-src ''self''
        https:; manifest-src ''self'' http://localhost:3000; connect-src ''self''
        data: blob: http://localhost:3000 http://localhost:3000 ws://localhost:4000
        ws://localhost:3035 http://localhost:3035; script-src ''self'' ''unsafe-inline''
        ''unsafe-eval'' http://localhost:3000; child-src ''self'' blob: http://localhost:3000;
        worker-src ''self'' blob: http://localhost:3000'
      Content-Type:
      - application/json; charset=utf-8
      ETag:
      - W/"cacdefbbaf39331a29772d9deb153e0a"
      Referrer-Policy:
      - strict-origin-when-cross-origin
      Transfer-Encoding:
      - chunked
      Vary:
      - Accept, Origin
      X-Content-Type-Options:
      - nosniff
      X-Download-Options:
      - noopen
      X-Frame-Options:
      - SAMEORIGIN
      X-Permitted-Cross-Domain-Policies:
      - none
      X-Request-Id:
      - e10eea5a-e340-4747-818b-b4da698a35a6
      X-Runtime:
      - '0.051796'
      X-XSS-Protection:
      - 1; mode=block
    status:
      code: 200
      message: OK
- request:
    body: null
    headers:
      Accept:
      - '*/*'
      Accept-Encoding:
      - gzip, deflate
      Authorization:
      - Bearer __MASTODON_PY_TEST_ACCESS_TOKEN_2
      Connection:
      - keep-alive
      Content-Length:
      - '0'
      User-Agent:
      - tests/v311
    method: POST
    uri: http://localhost:3000/api/v1/admin/reports/1/unassign
  response:
    body:
      string: '{"id":"1","action_taken":false,"action_taken_at":null,"category":"other","comment":"api
        crimes","forwarded":false,"created_at":"2022-12-01T19:47:06.923Z","updated_at":"2022-12-01T19:47:07.246Z","account":{"id":"109440137501589086","username":"admin","domain":null,"created_at":"2022-12-01T19:46:13.056Z","email":"admin@localhost:3000","ip":null,"role":{"id":3,"name":"Owner","color":"","position":1000,"permissions":1,"highlighted":true,"created_at":"2022-12-01T19:46:13.052Z","updated_at":"2022-12-01T19:46:13.052Z"},"confirmed":true,"suspended":false,"silenced":false,"sensitized":false,"disabled":false,"approved":true,"locale":null,"invite_request":null,"ips":[],"account":{"id":"109440137501589086","username":"admin","acct":"admin","display_name":"","locked":false,"bot":false,"discoverable":null,"group":false,"created_at":"2022-12-01T00:00:00.000Z","note":"","url":"http://localhost:3000/@admin","avatar":"http://localhost:3000/avatars/original/missing.png","avatar_static":"http://localhost:3000/avatars/original/missing.png","header":"http://localhost:3000/headers/original/missing.png","header_static":"http://localhost:3000/headers/original/missing.png","followers_count":0,"following_count":0,"statuses_count":0,"last_status_at":"2022-12-01","noindex":false,"emojis":[],"fields":[]}},"target_account":{"id":"109440137734600341","username":"mastodonpy_test","domain":null,"created_at":"2022-12-01T19:46:16.688Z","email":"mastodonpy_test@localhost:3000","ip":null,"role":{"id":-99,"name":"","color":"","position":-1,"permissions":65536,"highlighted":false,"created_at":"2022-12-01T19:46:13.041Z","updated_at":"2022-12-01T19:46:13.041Z"},"confirmed":true,"suspended":false,"silenced":false,"sensitized":false,"disabled":false,"approved":true,"locale":"ja","invite_request":null,"ips":[],"account":{"id":"109440137734600341","username":"mastodonpy_test","acct":"mastodonpy_test","display_name":"John
        Lennon","locked":true,"bot":false,"discoverable":null,"group":false,"created_at":"2022-12-01T00:00:00.000Z","note":"\u003cp\u003eI
        walk funny\u003c/p\u003e","url":"http://localhost:3000/@mastodonpy_test","avatar":"http://localhost:3000/system/accounts/avatars/109/440/137/734/600/341/original/1fa6adb0173e410e.jpg","avatar_static":"http://localhost:3000/system/accounts/avatars/109/440/137/734/600/341/original/1fa6adb0173e410e.jpg","header":"http://localhost:3000/system/accounts/headers/109/440/137/734/600/341/original/96de51cc44c4a5d9.jpg","header_static":"http://localhost:3000/system/accounts/headers/109/440/137/734/600/341/original/96de51cc44c4a5d9.jpg","followers_count":0,"following_count":0,"statuses_count":1,"last_status_at":"2022-12-01","noindex":false,"emojis":[],"fields":[{"name":"bread","value":"toasty.","verified_at":null},{"name":"lasagna","value":"no!!!","verified_at":null}]}},"assigned_account":null,"action_taken_by_account":null,"statuses":[{"id":"109440141021521258","created_at":"2022-12-01T19:47:06.819Z","in_reply_to_id":null,"in_reply_to_account_id":null,"sensitive":false,"spoiler_text":"","visibility":"public","language":"ja","uri":"http://localhost:3000/users/mastodonpy_test/statuses/109440141021521258","url":"http://localhost:3000/@mastodonpy_test/109440141021521258","replies_count":0,"reblogs_count":0,"favourites_count":0,"edited_at":null,"favourited":false,"reblogged":false,"muted":false,"bookmarked":false,"content":"\u003cp\u003eToot!\u003c/p\u003e","filtered":[],"reblog":null,"application":{"name":"Mastodon.py
        test suite","website":null},"account":{"id":"109440137734600341","username":"mastodonpy_test","acct":"mastodonpy_test","display_name":"John
        Lennon","locked":true,"bot":false,"discoverable":null,"group":false,"created_at":"2022-12-01T00:00:00.000Z","note":"\u003cp\u003eI
        walk funny\u003c/p\u003e","url":"http://localhost:3000/@mastodonpy_test","avatar":"http://localhost:3000/system/accounts/avatars/109/440/137/734/600/341/original/1fa6adb0173e410e.jpg","avatar_static":"http://localhost:3000/system/accounts/avatars/109/440/137/734/600/341/original/1fa6adb0173e410e.jpg","header":"http://localhost:3000/system/accounts/headers/109/440/137/734/600/341/original/96de51cc44c4a5d9.jpg","header_static":"http://localhost:3000/system/accounts/headers/109/440/137/734/600/341/original/96de51cc44c4a5d9.jpg","followers_count":0,"following_count":0,"statuses_count":1,"last_status_at":"2022-12-01","noindex":false,"emojis":[],"fields":[{"name":"bread","value":"toasty.","verified_at":null},{"name":"lasagna","value":"no!!!","verified_at":null}]},"media_attachments":[],"mentions":[],"tags":[],"emojis":[],"card":null,"poll":null}],"rules":[]}'
    headers:
      Cache-Control:
      - no-store
      Content-Security-Policy:
      - 'base-uri ''none''; default-src ''none''; frame-ancestors ''none''; font-src
        ''self'' http://localhost:3000; img-src ''self'' https: data: blob: http://localhost:3000;
        style-src ''self'' http://localhost:3000 ''nonce-WiMhIH3YpN4I+R10m2AyCA=='';
        media-src ''self'' https: data: http://localhost:3000; frame-src ''self''
        https:; manifest-src ''self'' http://localhost:3000; connect-src ''self''
        data: blob: http://localhost:3000 http://localhost:3000 ws://localhost:4000
        ws://localhost:3035 http://localhost:3035; script-src ''self'' ''unsafe-inline''
        ''unsafe-eval'' http://localhost:3000; child-src ''self'' blob: http://localhost:3000;
        worker-src ''self'' blob: http://localhost:3000'
      Content-Type:
      - application/json; charset=utf-8
      ETag:
      - W/"e70a6ba8ad2e1fa010029cbed2d7c6ba"
      Referrer-Policy:
      - strict-origin-when-cross-origin
      Transfer-Encoding:
      - chunked
      Vary:
      - Accept, Origin
      X-Content-Type-Options:
      - nosniff
      X-Download-Options:
      - noopen
      X-Frame-Options:
      - SAMEORIGIN
      X-Permitted-Cross-Domain-Policies:
      - none
      X-Request-Id:
      - cb7c469a-2f40-4727-8ed8-aeb72ab49d9a
      X-Runtime:
      - '0.048207'
      X-XSS-Protection:
      - 1; mode=block
    status:
      code: 200
      message: OK
- request:
    body: null
    headers:
      Accept:
      - '*/*'
      Accept-Encoding:
      - gzip, deflate
      Authorization:
      - Bearer __MASTODON_PY_TEST_ACCESS_TOKEN_2
      Connection:
      - keep-alive
      User-Agent:
      - tests/v311
    method: GET
    uri: http://localhost:3000/api/v1/admin/reports/1
  response:
    body:
      string: '{"id":"1","action_taken":false,"action_taken_at":null,"category":"other","comment":"api
        crimes","forwarded":false,"created_at":"2022-12-01T19:47:06.923Z","updated_at":"2022-12-01T19:47:07.246Z","account":{"id":"109440137501589086","username":"admin","domain":null,"created_at":"2022-12-01T19:46:13.056Z","email":"admin@localhost:3000","ip":null,"role":{"id":3,"name":"Owner","color":"","position":1000,"permissions":1,"highlighted":true,"created_at":"2022-12-01T19:46:13.052Z","updated_at":"2022-12-01T19:46:13.052Z"},"confirmed":true,"suspended":false,"silenced":false,"sensitized":false,"disabled":false,"approved":true,"locale":null,"invite_request":null,"ips":[],"account":{"id":"109440137501589086","username":"admin","acct":"admin","display_name":"","locked":false,"bot":false,"discoverable":null,"group":false,"created_at":"2022-12-01T00:00:00.000Z","note":"","url":"http://localhost:3000/@admin","avatar":"http://localhost:3000/avatars/original/missing.png","avatar_static":"http://localhost:3000/avatars/original/missing.png","header":"http://localhost:3000/headers/original/missing.png","header_static":"http://localhost:3000/headers/original/missing.png","followers_count":0,"following_count":0,"statuses_count":0,"last_status_at":"2022-12-01","noindex":false,"emojis":[],"fields":[]}},"target_account":{"id":"109440137734600341","username":"mastodonpy_test","domain":null,"created_at":"2022-12-01T19:46:16.688Z","email":"mastodonpy_test@localhost:3000","ip":null,"role":{"id":-99,"name":"","color":"","position":-1,"permissions":65536,"highlighted":false,"created_at":"2022-12-01T19:46:13.041Z","updated_at":"2022-12-01T19:46:13.041Z"},"confirmed":true,"suspended":false,"silenced":false,"sensitized":false,"disabled":false,"approved":true,"locale":"ja","invite_request":null,"ips":[],"account":{"id":"109440137734600341","username":"mastodonpy_test","acct":"mastodonpy_test","display_name":"John
        Lennon","locked":true,"bot":false,"discoverable":null,"group":false,"created_at":"2022-12-01T00:00:00.000Z","note":"\u003cp\u003eI
        walk funny\u003c/p\u003e","url":"http://localhost:3000/@mastodonpy_test","avatar":"http://localhost:3000/system/accounts/avatars/109/440/137/734/600/341/original/1fa6adb0173e410e.jpg","avatar_static":"http://localhost:3000/system/accounts/avatars/109/440/137/734/600/341/original/1fa6adb0173e410e.jpg","header":"http://localhost:3000/system/accounts/headers/109/440/137/734/600/341/original/96de51cc44c4a5d9.jpg","header_static":"http://localhost:3000/system/accounts/headers/109/440/137/734/600/341/original/96de51cc44c4a5d9.jpg","followers_count":0,"following_count":0,"statuses_count":1,"last_status_at":"2022-12-01","noindex":false,"emojis":[],"fields":[{"name":"bread","value":"toasty.","verified_at":null},{"name":"lasagna","value":"no!!!","verified_at":null}]}},"assigned_account":null,"action_taken_by_account":null,"statuses":[{"id":"109440141021521258","created_at":"2022-12-01T19:47:06.819Z","in_reply_to_id":null,"in_reply_to_account_id":null,"sensitive":false,"spoiler_text":"","visibility":"public","language":"ja","uri":"http://localhost:3000/users/mastodonpy_test/statuses/109440141021521258","url":"http://localhost:3000/@mastodonpy_test/109440141021521258","replies_count":0,"reblogs_count":0,"favourites_count":0,"edited_at":null,"favourited":false,"reblogged":false,"muted":false,"bookmarked":false,"content":"\u003cp\u003eToot!\u003c/p\u003e","filtered":[],"reblog":null,"application":{"name":"Mastodon.py
        test suite","website":null},"account":{"id":"109440137734600341","username":"mastodonpy_test","acct":"mastodonpy_test","display_name":"John
        Lennon","locked":true,"bot":false,"discoverable":null,"group":false,"created_at":"2022-12-01T00:00:00.000Z","note":"\u003cp\u003eI
        walk funny\u003c/p\u003e","url":"http://localhost:3000/@mastodonpy_test","avatar":"http://localhost:3000/system/accounts/avatars/109/440/137/734/600/341/original/1fa6adb0173e410e.jpg","avatar_static":"http://localhost:3000/system/accounts/avatars/109/440/137/734/600/341/original/1fa6adb0173e410e.jpg","header":"http://localhost:3000/system/accounts/headers/109/440/137/734/600/341/original/96de51cc44c4a5d9.jpg","header_static":"http://localhost:3000/system/accounts/headers/109/440/137/734/600/341/original/96de51cc44c4a5d9.jpg","followers_count":0,"following_count":0,"statuses_count":1,"last_status_at":"2022-12-01","noindex":false,"emojis":[],"fields":[{"name":"bread","value":"toasty.","verified_at":null},{"name":"lasagna","value":"no!!!","verified_at":null}]},"media_attachments":[],"mentions":[],"tags":[],"emojis":[],"card":null,"poll":null}],"rules":[]}'
    headers:
      Cache-Control:
      - no-store
      Content-Security-Policy:
      - 'base-uri ''none''; default-src ''none''; frame-ancestors ''none''; font-src
        ''self'' http://localhost:3000; img-src ''self'' https: data: blob: http://localhost:3000;
        style-src ''self'' http://localhost:3000 ''nonce-wyaIgnANGld+uNgLxlBbdw=='';
        media-src ''self'' https: data: http://localhost:3000; frame-src ''self''
        https:; manifest-src ''self'' http://localhost:3000; connect-src ''self''
        data: blob: http://localhost:3000 http://localhost:3000 ws://localhost:4000
        ws://localhost:3035 http://localhost:3035; script-src ''self'' ''unsafe-inline''
        ''unsafe-eval'' http://localhost:3000; child-src ''self'' blob: http://localhost:3000;
        worker-src ''self'' blob: http://localhost:3000'
      Content-Type:
      - application/json; charset=utf-8
      ETag:
      - W/"e70a6ba8ad2e1fa010029cbed2d7c6ba"
      Referrer-Policy:
      - strict-origin-when-cross-origin
      Transfer-Encoding:
      - chunked
      Vary:
      - Accept, Origin
      X-Content-Type-Options:
      - nosniff
      X-Download-Options:
      - noopen
      X-Frame-Options:
      - SAMEORIGIN
      X-Permitted-Cross-Domain-Policies:
      - none
      X-Request-Id:
      - f9093dd2-0014-40c1-b160-3a01f8546424
      X-Runtime:
      - '0.040955'
      X-XSS-Protection:
      - 1; mode=block
    status:
      code: 200
      message: OK
- request:
    body: null
    headers:
      Accept:
      - '*/*'
      Accept-Encoding:
      - gzip, deflate
      Authorization:
      - Bearer __MASTODON_PY_TEST_ACCESS_TOKEN
      Connection:
      - keep-alive
      Content-Length:
      - '0'
      User-Agent:
      - tests/v311
    method: DELETE
    uri: http://localhost:3000/api/v1/statuses/109440141021521258
  response:
    body:
      string: '{"id":"109440141021521258","created_at":"2022-12-01T19:47:06.819Z","in_reply_to_id":null,"in_reply_to_account_id":null,"sensitive":false,"spoiler_text":"","visibility":"public","language":"ja","uri":"http://localhost:3000/users/mastodonpy_test/statuses/109440141021521258","url":"http://localhost:3000/@mastodonpy_test/109440141021521258","replies_count":0,"reblogs_count":0,"favourites_count":0,"edited_at":null,"favourited":false,"reblogged":false,"muted":false,"bookmarked":false,"pinned":false,"text":"Toot!","filtered":[],"reblog":null,"application":{"name":"Mastodon.py
        test suite","website":null},"account":{"id":"109440137734600341","username":"mastodonpy_test","acct":"mastodonpy_test","display_name":"John
        Lennon","locked":true,"bot":false,"discoverable":null,"group":false,"created_at":"2022-12-01T00:00:00.000Z","note":"\u003cp\u003eI
        walk funny\u003c/p\u003e","url":"http://localhost:3000/@mastodonpy_test","avatar":"http://localhost:3000/system/accounts/avatars/109/440/137/734/600/341/original/1fa6adb0173e410e.jpg","avatar_static":"http://localhost:3000/system/accounts/avatars/109/440/137/734/600/341/original/1fa6adb0173e410e.jpg","header":"http://localhost:3000/system/accounts/headers/109/440/137/734/600/341/original/96de51cc44c4a5d9.jpg","header_static":"http://localhost:3000/system/accounts/headers/109/440/137/734/600/341/original/96de51cc44c4a5d9.jpg","followers_count":0,"following_count":0,"statuses_count":0,"last_status_at":"2022-12-01","noindex":false,"emojis":[],"fields":[{"name":"bread","value":"toasty.","verified_at":null},{"name":"lasagna","value":"no!!!","verified_at":null}]},"media_attachments":[],"mentions":[],"tags":[],"emojis":[],"card":null,"poll":null}'
    headers:
      Cache-Control:
      - no-store
      Content-Security-Policy:
      - 'base-uri ''none''; default-src ''none''; frame-ancestors ''none''; font-src
        ''self'' http://localhost:3000; img-src ''self'' https: data: blob: http://localhost:3000;
        style-src ''self'' http://localhost:3000 ''nonce-ShOsJWDK4utb2Qs3Ltm8Tg=='';
        media-src ''self'' https: data: http://localhost:3000; frame-src ''self''
        https:; manifest-src ''self'' http://localhost:3000; connect-src ''self''
        data: blob: http://localhost:3000 http://localhost:3000 ws://localhost:4000
        ws://localhost:3035 http://localhost:3035; script-src ''self'' ''unsafe-inline''
        ''unsafe-eval'' http://localhost:3000; child-src ''self'' blob: http://localhost:3000;
        worker-src ''self'' blob: http://localhost:3000'
      Content-Type:
      - application/json; charset=utf-8
      ETag:
      - W/"e0371299ed7f4e9786bff2cb48e0cb19"
      Referrer-Policy:
      - strict-origin-when-cross-origin
      Transfer-Encoding:
      - chunked
      Vary:
      - Accept, Origin
      X-Content-Type-Options:
      - nosniff
      X-Download-Options:
      - noopen
      X-Frame-Options:
      - SAMEORIGIN
      X-Permitted-Cross-Domain-Policies:
      - none
      X-Request-Id:
      - 081c6557-7c5d-4453-b352-22a134b6cdfa
      X-Runtime:
      - '0.028558'
      X-XSS-Protection:
      - 1; mode=block
    status:
      code: 200
      message: OK
version: 1
