interactions:
- request:
    body: null
    headers:
      Accept:
      - '*/*'
      Accept-Encoding:
      - gzip, deflate
      Authorization:
      - Bearer __MASTODON_PY_TEST_ACCESS_TOKEN
      Connection:
      - keep-alive
      User-Agent:
      - tests/v311
    method: HEAD
    uri: http://localhost:3000/
  response:
    body:
      string: ''
    headers:
      Cache-Control:
      - max-age=0, public
      Content-Security-Policy:
      - 'base-uri ''none''; default-src ''none''; frame-ancestors ''none''; font-src
        ''self'' http://localhost:3000; img-src ''self'' https: data: blob: http://localhost:3000;
        style-src ''self'' http://localhost:3000 ''nonce-MYdZYK84ZhjjlChX84Ix9g=='';
        media-src ''self'' https: data: http://localhost:3000; frame-src ''self''
        https:; manifest-src ''self'' http://localhost:3000; connect-src ''self''
        data: blob: http://localhost:3000 http://localhost:3000 ws://localhost:4000
        ws://localhost:3035 http://localhost:3035; script-src ''self'' ''unsafe-inline''
        ''unsafe-eval'' http://localhost:3000; child-src ''self'' blob: http://localhost:3000;
        worker-src ''self'' blob: http://localhost:3000'
      Content-Type:
      - text/html; charset=utf-8
      Date:
      - Thu, 01 Dec 2022 19:47:29 GMT
      ETag:
      - W/"a50c26f51aa4e56d04dbc68b3e72fbe7"
      Referrer-Policy:
      - origin
      Set-Cookie:
      - _mastodon_session=0pOpZbIxQrUFVo3Y0N4VfOh%2FHS5RSIHKEn5F%2F6lmG4k9R82e85%2B%2B7T%2FWSo%2Fttng86NBtGWcRAaZDKKk9LxQpZG3U1to3nlB74%2BrhTprWjWSXtu0bnk8FOv7seHlhRKSWhl48rIqlp9o6ZMy55KXeZO9%2BGZXswmlPuxLAodiFEBJ1nG2P89SGeoqler5CBYAftY3fvW0zMYJsk8jmEHxlkvXIIXogTztHvYnmd%2FI%2FbWDovZgjqGAMWZaCVKWvpNxztsrXvPovfJPBYCiH0eoYr1ZK25ne77Piy%2FBUeWa31gPnrVOiQYkYBektekyCcxhfG9fEYic%3D--UrwI%2BaMGYcgs0DrN--ktl8JjikoUnGwZqucS3CQA%3D%3D;
        path=/; HttpOnly; SameSite=Lax
      Vary:
      - Accept
      X-Content-Type-Options:
      - nosniff
      X-Download-Options:
      - noopen
      X-Frame-Options:
      - SAMEORIGIN
      X-Permitted-Cross-Domain-Policies:
      - none
      X-Request-Id:
      - a89a3161-dc0f-476d-b720-f3fe95ca005e
      X-Runtime:
      - '0.062956'
      X-XSS-Protection:
      - 1; mode=block
    status:
      code: 200
      message: OK
- request:
    body: null
    headers:
      Accept:
      - '*/*'
      Accept-Encoding:
      - gzip, deflate
      Authorization:
      - Bearer __MASTODON_PY_TEST_ACCESS_TOKEN
      Connection:
      - keep-alive
      Cookie:
      - _mastodon_session=0pOpZbIxQrUFVo3Y0N4VfOh%2FHS5RSIHKEn5F%2F6lmG4k9R82e85%2B%2B7T%2FWSo%2Fttng86NBtGWcRAaZDKKk9LxQpZG3U1to3nlB74%2BrhTprWjWSXtu0bnk8FOv7seHlhRKSWhl48rIqlp9o6ZMy55KXeZO9%2BGZXswmlPuxLAodiFEBJ1nG2P89SGeoqler5CBYAftY3fvW0zMYJsk8jmEHxlkvXIIXogTztHvYnmd%2FI%2FbWDovZgjqGAMWZaCVKWvpNxztsrXvPovfJPBYCiH0eoYr1ZK25ne77Piy%2FBUeWa31gPnrVOiQYkYBektekyCcxhfG9fEYic%3D--UrwI%2BaMGYcgs0DrN--ktl8JjikoUnGwZqucS3CQA%3D%3D
      User-Agent:
      - tests/v311
    method: HEAD
    uri: http://localhost:3000/
  response:
    body:
      string: ''
    headers:
      Cache-Control:
      - max-age=0, public
      Content-Security-Policy:
      - 'base-uri ''none''; default-src ''none''; frame-ancestors ''none''; font-src
        ''self'' http://localhost:3000; img-src ''self'' https: data: blob: http://localhost:3000;
        style-src ''self'' http://localhost:3000 ''nonce-Nm3d+AlNMjawJX04y1T25A=='';
        media-src ''self'' https: data: http://localhost:3000; frame-src ''self''
        https:; manifest-src ''self'' http://localhost:3000; connect-src ''self''
        data: blob: http://localhost:3000 http://localhost:3000 ws://localhost:4000
        ws://localhost:3035 http://localhost:3035; script-src ''self'' ''unsafe-inline''
        ''unsafe-eval'' http://localhost:3000; child-src ''self'' blob: http://localhost:3000;
        worker-src ''self'' blob: http://localhost:3000'
      Content-Type:
      - text/html; charset=utf-8
      Date:
      - Thu, 01 Dec 2022 19:47:29 GMT
      ETag:
      - W/"993e4eaeb8d95869c8cae28d2a820206"
      Referrer-Policy:
      - origin
      Set-Cookie:
      - _mastodon_session=WUgBstoj1lyy%2BmAJHKjXLRPVrNi70TqhvdglpPWCgLt0RQf%2F6qM4c3xMbbTxMDgROKhMVfQBIIsHAGACf0iwmQ2oKztV16fSC5Z3cWnB%2BcOFMK1bGSLx7SUx%2B5%2BoG%2BTvfsv8jhf68lz58l1XjprWY%2Fj2DMPA7MAuhlveGl2z9Bqph0g9E41bmB6mAqa0vI6S4Ydk7Qobq1OfmLk6T4FopCf7gkurtap41r6mudnUhtS2CKP7lgSh95eN3ESR6ErzvzRxqJzB4P8LKYkUb2H9grZ3wBFxC8KbXXd%2FRJBx7Ln24NCQsIS8l1mmaXmuPvZMg9HZr3s%3D--5PgDs2SlKwwy7xPp--9Re10iwdCWuRGH%2F8Gj88FA%3D%3D;
        path=/; HttpOnly; SameSite=Lax
      Vary:
      - Accept
      X-Content-Type-Options:
      - nosniff
      X-Download-Options:
      - noopen
      X-Frame-Options:
      - SAMEORIGIN
      X-Permitted-Cross-Domain-Policies:
      - none
      X-Request-Id:
      - 59f9ad59-7ad4-4ead-b13d-29516c10a4f5
      X-Runtime:
      - '0.029567'
      X-XSS-Protection:
      - 1; mode=block
    status:
      code: 200
      message: OK
- request:
    body: null
    headers:
      Accept:
      - '*/*'
      Accept-Encoding:
      - gzip, deflate
      Authorization:
      - Bearer __MASTODON_PY_TEST_ACCESS_TOKEN
      Connection:
      - keep-alive
      Cookie:
      - _mastodon_session=WUgBstoj1lyy%2BmAJHKjXLRPVrNi70TqhvdglpPWCgLt0RQf%2F6qM4c3xMbbTxMDgROKhMVfQBIIsHAGACf0iwmQ2oKztV16fSC5Z3cWnB%2BcOFMK1bGSLx7SUx%2B5%2BoG%2BTvfsv8jhf68lz58l1XjprWY%2Fj2DMPA7MAuhlveGl2z9Bqph0g9E41bmB6mAqa0vI6S4Ydk7Qobq1OfmLk6T4FopCf7gkurtap41r6mudnUhtS2CKP7lgSh95eN3ESR6ErzvzRxqJzB4P8LKYkUb2H9grZ3wBFxC8KbXXd%2FRJBx7Ln24NCQsIS8l1mmaXmuPvZMg9HZr3s%3D--5PgDs2SlKwwy7xPp--9Re10iwdCWuRGH%2F8Gj88FA%3D%3D
      User-Agent:
      - tests/v311
    method: HEAD
    uri: http://localhost:3000/
  response:
    body:
      string: ''
    headers:
      Cache-Control:
      - max-age=0, public
      Content-Security-Policy:
      - 'base-uri ''none''; default-src ''none''; frame-ancestors ''none''; font-src
        ''self'' http://localhost:3000; img-src ''self'' https: data: blob: http://localhost:3000;
        style-src ''self'' http://localhost:3000 ''nonce-vlXij43ZAwU11q78IntCdg=='';
        media-src ''self'' https: data: http://localhost:3000; frame-src ''self''
        https:; manifest-src ''self'' http://localhost:3000; connect-src ''self''
        data: blob: http://localhost:3000 http://localhost:3000 ws://localhost:4000
        ws://localhost:3035 http://localhost:3035; script-src ''self'' ''unsafe-inline''
        ''unsafe-eval'' http://localhost:3000; child-src ''self'' blob: http://localhost:3000;
        worker-src ''self'' blob: http://localhost:3000'
      Content-Type:
      - text/html; charset=utf-8
      Date:
      - Thu, 01 Dec 2022 19:47:29 GMT
      ETag:
      - W/"cc1cd4a2c0a354ae4b5e0cb60a66a3f4"
      Referrer-Policy:
      - origin
      Set-Cookie:
      - _mastodon_session=r%2BETXW3ozfdMYXcYX%2Bz1AudhRdTyakHZ7oSTlZvJrD2vIFj%2BHqvnRuBfpzQPOcy2DnBlz%2F%2BqH1jW2pxQpMNEzssjMQWHgtcG0ti2mVGSQioLJDLtSVH8ZBXgkWa7k07oMImBT362bPtD2Osv1NL%2Fl2Hw3fmRkqzLQKTorcVOpHgnnhLkYo%2FxAImHgNpEhh9GODjFT6Wri1Eogrj58ZIlHgCf%2Fg7z%2BLus%2FJRM19qbmR6DniuwxUKBERI6vfEAD7Ew4ISBbgrfy4YO%2FLaCx7cFkwkjUtx1Ud9lUgn%2B96%2BmVIUR1EIe2FhWcpgWYivaZ5gP4aT%2Fb2I%3D--rpKmJtD8OHuGj9vC--xmyXfzs5EplY1qdN19qD%2Fg%3D%3D;
        path=/; HttpOnly; SameSite=Lax
      Vary:
      - Accept
      X-Content-Type-Options:
      - nosniff
      X-Download-Options:
      - noopen
      X-Frame-Options:
      - SAMEORIGIN
      X-Permitted-Cross-Domain-Policies:
      - none
      X-Request-Id:
      - cf495bc2-41a8-47f7-8fa7-c971aca9bf54
      X-Runtime:
      - '0.027007'
      X-XSS-Protection:
      - 1; mode=block
    status:
      code: 200
      message: OK
version: 1
