interactions:
- request:
    body: null
    headers:
      Accept:
      - '*/*'
      Accept-Encoding:
      - gzip, deflate
      Authorization:
      - Bearer __MASTODON_PY_TEST_ACCESS_TOKEN_2
      Connection:
      - keep-alive
      User-Agent:
      - tests/v311
    method: GET
    uri: http://localhost:3000/api/v1/accounts/verify_credentials
  response:
    body:
      string: '{"id":"109440172349891248","username":"admin","acct":"admin","display_name":"","locked":false,"bot":false,"discoverable":null,"group":false,"created_at":"2022-12-01T00:00:00.000Z","note":"","url":"http://localhost:3000/@admin","avatar":"http://localhost:3000/avatars/original/missing.png","avatar_static":"http://localhost:3000/avatars/original/missing.png","header":"http://localhost:3000/headers/original/missing.png","header_static":"http://localhost:3000/headers/original/missing.png","followers_count":0,"following_count":0,"statuses_count":0,"last_status_at":null,"noindex":false,"source":{"privacy":"public","sensitive":false,"language":null,"note":"","fields":[],"follow_requests_count":0},"emojis":[],"fields":[],"role":{"id":"3","name":"Owner","permissions":"1048575","color":"","highlighted":true}}'
    headers:
      Cache-Control:
      - no-store
      Content-Security-Policy:
      - 'base-uri ''none''; default-src ''none''; frame-ancestors ''none''; font-src
        ''self'' http://localhost:3000; img-src ''self'' https: data: blob: http://localhost:3000;
        style-src ''self'' http://localhost:3000 ''nonce-QuvDZ8YCDt0nBilp1cdW0w=='';
        media-src ''self'' https: data: http://localhost:3000; frame-src ''self''
        https:; manifest-src ''self'' http://localhost:3000; connect-src ''self''
        data: blob: http://localhost:3000 http://localhost:3000 ws://localhost:4000
        ws://localhost:3035 http://localhost:3035; script-src ''self'' ''unsafe-inline''
        ''unsafe-eval'' http://localhost:3000; child-src ''self'' blob: http://localhost:3000;
        worker-src ''self'' blob: http://localhost:3000'
      Content-Type:
      - application/json; charset=utf-8
      ETag:
      - W/"95d70113baac5d33b42f1a75559abfd7"
      Referrer-Policy:
      - strict-origin-when-cross-origin
      Transfer-Encoding:
      - chunked
      Vary:
      - Accept, Origin
      X-Content-Type-Options:
      - nosniff
      X-Download-Options:
      - noopen
      X-Frame-Options:
      - SAMEORIGIN
      X-Permitted-Cross-Domain-Policies:
      - none
      X-Request-Id:
      - e000cfbd-a3ab-4a1b-9049-082375fb8337
      X-Runtime:
      - '0.244350'
      X-XSS-Protection:
      - 1; mode=block
    status:
      code: 200
      message: OK
- request:
    body: null
    headers:
      Accept:
      - '*/*'
      Accept-Encoding:
      - gzip, deflate
      Authorization:
      - Bearer __MASTODON_PY_TEST_ACCESS_TOKEN
      Connection:
      - keep-alive
      Content-Length:
      - '0'
      User-Agent:
      - tests/v311
    method: POST
    uri: http://localhost:3000/api/v1/accounts/109440172349891248/unfollow
  response:
    body:
      string: '{"id":"109440172349891248","following":false,"showing_reblogs":false,"notifying":false,"languages":null,"followed_by":false,"blocking":false,"blocked_by":false,"muting":false,"muting_notifications":false,"requested":false,"domain_blocking":false,"endorsed":false,"note":""}'
    headers:
      Cache-Control:
      - no-store
      Content-Security-Policy:
      - 'base-uri ''none''; default-src ''none''; frame-ancestors ''none''; font-src
        ''self'' http://localhost:3000; img-src ''self'' https: data: blob: http://localhost:3000;
        style-src ''self'' http://localhost:3000 ''nonce-uiyr8SmbxE3dl1wyH7eHxg=='';
        media-src ''self'' https: data: http://localhost:3000; frame-src ''self''
        https:; manifest-src ''self'' http://localhost:3000; connect-src ''self''
        data: blob: http://localhost:3000 http://localhost:3000 ws://localhost:4000
        ws://localhost:3035 http://localhost:3035; script-src ''self'' ''unsafe-inline''
        ''unsafe-eval'' http://localhost:3000; child-src ''self'' blob: http://localhost:3000;
        worker-src ''self'' blob: http://localhost:3000'
      Content-Type:
      - application/json; charset=utf-8
      ETag:
      - W/"64bff3f8d4a4a209d06a46cd16af7501"
      Referrer-Policy:
      - strict-origin-when-cross-origin
      Transfer-Encoding:
      - chunked
      Vary:
      - Accept, Origin
      X-Content-Type-Options:
      - nosniff
      X-Download-Options:
      - noopen
      X-Frame-Options:
      - SAMEORIGIN
      X-Permitted-Cross-Domain-Policies:
      - none
      X-Request-Id:
      - ac230720-2c18-46ea-8a6a-9180c3452c75
      X-Runtime:
      - '0.038657'
      X-XSS-Protection:
      - 1; mode=block
    status:
      code: 200
      message: OK
- request:
    body: null
    headers:
      Accept:
      - '*/*'
      Accept-Encoding:
      - gzip, deflate
      Authorization:
      - Bearer __MASTODON_PY_TEST_ACCESS_TOKEN
      Connection:
      - keep-alive
      User-Agent:
      - tests/v311
    method: GET
    uri: http://localhost:3000/api/v1/instance/
  response:
    body:
      string: '{"uri":"localhost:3000","title":"Mastodon","short_description":"","description":"","email":"","version":"4.0.2","urls":{"streaming_api":"ws://localhost:4000"},"stats":{"user_count":4,"status_count":0,"domain_count":0},"thumbnail":"http://localhost:3000/packs/media/images/preview-6399aebd96ccf025654e2977454f168f.png","languages":["en"],"registrations":true,"approval_required":false,"invites_enabled":true,"configuration":{"accounts":{"max_featured_tags":10},"statuses":{"max_characters":500,"max_media_attachments":4,"characters_reserved_per_url":23},"media_attachments":{"supported_mime_types":["image/jpeg","image/png","image/gif","image/heic","image/heif","image/webp","image/avif","video/webm","video/mp4","video/quicktime","video/ogg","audio/wave","audio/wav","audio/x-wav","audio/x-pn-wave","audio/vnd.wave","audio/ogg","audio/vorbis","audio/mpeg","audio/mp3","audio/webm","audio/flac","audio/aac","audio/m4a","audio/x-m4a","audio/mp4","audio/3gpp","video/x-ms-asf"],"image_size_limit":10485760,"image_matrix_limit":16777216,"video_size_limit":41943040,"video_frame_rate_limit":60,"video_matrix_limit":2304000},"polls":{"max_options":4,"max_characters_per_option":50,"min_expiration":300,"max_expiration":2629746}},"contact_account":null,"rules":[]}'
    headers:
      Cache-Control:
      - max-age=180, public
      Content-Security-Policy:
      - 'base-uri ''none''; default-src ''none''; frame-ancestors ''none''; font-src
        ''self'' http://localhost:3000; img-src ''self'' https: data: blob: http://localhost:3000;
        style-src ''self'' http://localhost:3000 ''nonce-o4WuHHyXmR2wZc+3BQ6MHg=='';
        media-src ''self'' https: data: http://localhost:3000; frame-src ''self''
        https:; manifest-src ''self'' http://localhost:3000; connect-src ''self''
        data: blob: http://localhost:3000 http://localhost:3000 ws://localhost:4000
        ws://localhost:3035 http://localhost:3035; script-src ''self'' ''unsafe-inline''
        ''unsafe-eval'' http://localhost:3000; child-src ''self'' blob: http://localhost:3000;
        worker-src ''self'' blob: http://localhost:3000'
      Content-Type:
      - application/json; charset=utf-8
      Date:
      - Thu, 01 Dec 2022 19:57:17 GMT
      ETag:
      - W/"626ef9e879d29dfe92418ad2ada7b5d2"
      Referrer-Policy:
      - strict-origin-when-cross-origin
      Transfer-Encoding:
      - chunked
      Vary:
      - Accept, Origin
      X-Content-Type-Options:
      - nosniff
      X-Download-Options:
      - noopen
      X-Frame-Options:
      - SAMEORIGIN
      X-Permitted-Cross-Domain-Policies:
      - none
      X-Request-Id:
      - 23c48114-6b8d-4c16-9919-5551a2f0364d
      X-Runtime:
      - '0.037643'
      X-XSS-Protection:
      - 1; mode=block
    status:
      code: 200
      message: OK
- request:
    body: null
    headers:
      Accept:
      - '*/*'
      Accept-Encoding:
      - gzip, deflate
      Authorization:
      - Bearer __MASTODON_PY_TEST_ACCESS_TOKEN
      Connection:
      - keep-alive
      User-Agent:
      - tests/v311
    method: GET
    uri: http://localhost:3000/api/v1/instance/
  response:
    body:
      string: '{"uri":"localhost:3000","title":"Mastodon","short_description":"","description":"","email":"","version":"4.0.2","urls":{"streaming_api":"ws://localhost:4000"},"stats":{"user_count":4,"status_count":0,"domain_count":0},"thumbnail":"http://localhost:3000/packs/media/images/preview-6399aebd96ccf025654e2977454f168f.png","languages":["en"],"registrations":true,"approval_required":false,"invites_enabled":true,"configuration":{"accounts":{"max_featured_tags":10},"statuses":{"max_characters":500,"max_media_attachments":4,"characters_reserved_per_url":23},"media_attachments":{"supported_mime_types":["image/jpeg","image/png","image/gif","image/heic","image/heif","image/webp","image/avif","video/webm","video/mp4","video/quicktime","video/ogg","audio/wave","audio/wav","audio/x-wav","audio/x-pn-wave","audio/vnd.wave","audio/ogg","audio/vorbis","audio/mpeg","audio/mp3","audio/webm","audio/flac","audio/aac","audio/m4a","audio/x-m4a","audio/mp4","audio/3gpp","video/x-ms-asf"],"image_size_limit":10485760,"image_matrix_limit":16777216,"video_size_limit":41943040,"video_frame_rate_limit":60,"video_matrix_limit":2304000},"polls":{"max_options":4,"max_characters_per_option":50,"min_expiration":300,"max_expiration":2629746}},"contact_account":null,"rules":[]}'
    headers:
      Cache-Control:
      - max-age=180, public
      Content-Security-Policy:
      - 'base-uri ''none''; default-src ''none''; frame-ancestors ''none''; font-src
        ''self'' http://localhost:3000; img-src ''self'' https: data: blob: http://localhost:3000;
        style-src ''self'' http://localhost:3000 ''nonce-HCwarYyeztl+EHLGL+Ly7g=='';
        media-src ''self'' https: data: http://localhost:3000; frame-src ''self''
        https:; manifest-src ''self'' http://localhost:3000; connect-src ''self''
        data: blob: http://localhost:3000 http://localhost:3000 ws://localhost:4000
        ws://localhost:3035 http://localhost:3035; script-src ''self'' ''unsafe-inline''
        ''unsafe-eval'' http://localhost:3000; child-src ''self'' blob: http://localhost:3000;
        worker-src ''self'' blob: http://localhost:3000'
      Content-Type:
      - application/json; charset=utf-8
      Date:
      - Thu, 01 Dec 2022 19:57:17 GMT
      ETag:
      - W/"626ef9e879d29dfe92418ad2ada7b5d2"
      Referrer-Policy:
      - strict-origin-when-cross-origin
      Transfer-Encoding:
      - chunked
      Vary:
      - Accept, Origin
      X-Content-Type-Options:
      - nosniff
      X-Download-Options:
      - noopen
      X-Frame-Options:
      - SAMEORIGIN
      X-Permitted-Cross-Domain-Policies:
      - none
      X-Request-Id:
      - cd7c390e-3d23-4545-aa7f-cb4b43b722aa
      X-Runtime:
      - '0.018417'
      X-XSS-Protection:
      - 1; mode=block
    status:
      code: 200
      message: OK
- request:
    body: status=only+real+cars+respond.
    headers:
      Accept:
      - '*/*'
      Accept-Encoding:
      - gzip, deflate
      Authorization:
      - Bearer __MASTODON_PY_TEST_ACCESS_TOKEN
      Connection:
      - keep-alive
      Content-Length:
      - '30'
      Content-Type:
      - application/x-www-form-urlencoded
      User-Agent:
      - tests/v311
    method: POST
    uri: http://localhost:3000/api/v1/statuses
  response:
    body:
      string: '{"id":"109440181353147070","created_at":"2022-12-01T19:57:22.247Z","in_reply_to_id":null,"in_reply_to_account_id":null,"sensitive":false,"spoiler_text":"","visibility":"public","language":"ja","uri":"http://localhost:3000/users/mastodonpy_test/statuses/109440181353147070","url":"http://localhost:3000/@mastodonpy_test/109440181353147070","replies_count":0,"reblogs_count":0,"favourites_count":0,"edited_at":null,"favourited":false,"reblogged":false,"muted":false,"bookmarked":false,"pinned":false,"content":"\u003cp\u003eonly
        real cars respond.\u003c/p\u003e","filtered":[],"reblog":null,"application":{"name":"Mastodon.py
        test suite","website":null},"account":{"id":"109440172573456351","username":"mastodonpy_test","acct":"mastodonpy_test","display_name":"","locked":true,"bot":false,"discoverable":null,"group":false,"created_at":"2022-12-01T00:00:00.000Z","note":"","url":"http://localhost:3000/@mastodonpy_test","avatar":"http://localhost:3000/avatars/original/missing.png","avatar_static":"http://localhost:3000/avatars/original/missing.png","header":"http://localhost:3000/headers/original/missing.png","header_static":"http://localhost:3000/headers/original/missing.png","followers_count":0,"following_count":0,"statuses_count":1,"last_status_at":"2022-12-01","noindex":false,"emojis":[],"fields":[]},"media_attachments":[],"mentions":[],"tags":[],"emojis":[],"card":null,"poll":null}'
    headers:
      Cache-Control:
      - no-store
      Content-Security-Policy:
      - 'base-uri ''none''; default-src ''none''; frame-ancestors ''none''; font-src
        ''self'' http://localhost:3000; img-src ''self'' https: data: blob: http://localhost:3000;
        style-src ''self'' http://localhost:3000 ''nonce-hoEolUNxcar+PrsVp778bA=='';
        media-src ''self'' https: data: http://localhost:3000; frame-src ''self''
        https:; manifest-src ''self'' http://localhost:3000; connect-src ''self''
        data: blob: http://localhost:3000 http://localhost:3000 ws://localhost:4000
        ws://localhost:3035 http://localhost:3035; script-src ''self'' ''unsafe-inline''
        ''unsafe-eval'' http://localhost:3000; child-src ''self'' blob: http://localhost:3000;
        worker-src ''self'' blob: http://localhost:3000'
      Content-Type:
      - application/json; charset=utf-8
      ETag:
      - W/"84d8ef7902f31b8d241682a5b837576c"
      Referrer-Policy:
      - strict-origin-when-cross-origin
      Transfer-Encoding:
      - chunked
      Vary:
      - Accept, Origin
      X-Content-Type-Options:
      - nosniff
      X-Download-Options:
      - noopen
      X-Frame-Options:
      - SAMEORIGIN
      X-Permitted-Cross-Domain-Policies:
      - none
      X-RateLimit-Limit:
      - '300'
      X-RateLimit-Remaining:
      - '299'
      X-RateLimit-Reset:
      - '2022-12-01T21:00:00.317977Z'
      X-Request-Id:
      - 3eaaf3e6-3a33-431f-82a2-d67a9f6d3fcd
      X-Runtime:
      - '0.124791'
      X-XSS-Protection:
      - 1; mode=block
    status:
      code: 200
      message: OK
- request:
    body: status=%40mastodonpy_test+beep+beep+I%27m+a+jeep
    headers:
      Accept:
      - '*/*'
      Accept-Encoding:
      - gzip, deflate
      Authorization:
      - Bearer __MASTODON_PY_TEST_ACCESS_TOKEN_2
      Connection:
      - keep-alive
      Content-Length:
      - '48'
      Content-Type:
      - application/x-www-form-urlencoded
      User-Agent:
      - tests/v311
    method: POST
    uri: http://localhost:3000/api/v1/statuses
  response:
    body:
      string: '{"id":"109440181360011537","created_at":"2022-12-01T19:57:22.336Z","in_reply_to_id":null,"in_reply_to_account_id":null,"sensitive":false,"spoiler_text":"","visibility":"public","language":"en","uri":"http://localhost:3000/users/admin/statuses/109440181360011537","url":"http://localhost:3000/@admin/109440181360011537","replies_count":0,"reblogs_count":0,"favourites_count":0,"edited_at":null,"favourited":false,"reblogged":false,"muted":false,"bookmarked":false,"pinned":false,"content":"\u003cp\u003e\u003cspan
        class=\"h-card\"\u003e\u003ca href=\"http://localhost:3000/@mastodonpy_test\"
        class=\"u-url mention\"\u003e@\u003cspan\u003emastodonpy_test\u003c/span\u003e\u003c/a\u003e\u003c/span\u003e
        beep beep I\u0026#39;m a jeep\u003c/p\u003e","filtered":[],"reblog":null,"application":{"name":"Mastodon.py
        test suite","website":null},"account":{"id":"109440172349891248","username":"admin","acct":"admin","display_name":"","locked":false,"bot":false,"discoverable":null,"group":false,"created_at":"2022-12-01T00:00:00.000Z","note":"","url":"http://localhost:3000/@admin","avatar":"http://localhost:3000/avatars/original/missing.png","avatar_static":"http://localhost:3000/avatars/original/missing.png","header":"http://localhost:3000/headers/original/missing.png","header_static":"http://localhost:3000/headers/original/missing.png","followers_count":0,"following_count":0,"statuses_count":1,"last_status_at":"2022-12-01","noindex":false,"emojis":[],"fields":[]},"media_attachments":[],"mentions":[{"id":"109440172573456351","username":"mastodonpy_test","url":"http://localhost:3000/@mastodonpy_test","acct":"mastodonpy_test"}],"tags":[],"emojis":[],"card":null,"poll":null}'
    headers:
      Cache-Control:
      - no-store
      Content-Security-Policy:
      - 'base-uri ''none''; default-src ''none''; frame-ancestors ''none''; font-src
        ''self'' http://localhost:3000; img-src ''self'' https: data: blob: http://localhost:3000;
        style-src ''self'' http://localhost:3000 ''nonce-iiHX8vHIbaASoMHE350+qw=='';
        media-src ''self'' https: data: http://localhost:3000; frame-src ''self''
        https:; manifest-src ''self'' http://localhost:3000; connect-src ''self''
        data: blob: http://localhost:3000 http://localhost:3000 ws://localhost:4000
        ws://localhost:3035 http://localhost:3035; script-src ''self'' ''unsafe-inline''
        ''unsafe-eval'' http://localhost:3000; child-src ''self'' blob: http://localhost:3000;
        worker-src ''self'' blob: http://localhost:3000'
      Content-Type:
      - application/json; charset=utf-8
      ETag:
      - W/"c3e28c65093ca72c5db43b96c9ccceea"
      Referrer-Policy:
      - strict-origin-when-cross-origin
      Transfer-Encoding:
      - chunked
      Vary:
      - Accept, Origin
      X-Content-Type-Options:
      - nosniff
      X-Download-Options:
      - noopen
      X-Frame-Options:
      - SAMEORIGIN
      X-Permitted-Cross-Domain-Policies:
      - none
      X-RateLimit-Limit:
      - '300'
      X-RateLimit-Remaining:
      - '299'
      X-RateLimit-Reset:
      - '2022-12-01T21:00:00.369330Z'
      X-Request-Id:
      - 490052fa-970d-4f39-80f0-feaaf4ab8acc
      X-Runtime:
      - '0.046587'
      X-XSS-Protection:
      - 1; mode=block
    status:
      code: 200
      message: OK
- request:
    body: status=on+the+internet%2C+nobody+knows+you%27re+a+plane
    headers:
      Accept:
      - '*/*'
      Accept-Encoding:
      - gzip, deflate
      Authorization:
      - Bearer __MASTODON_PY_TEST_ACCESS_TOKEN_2
      Connection:
      - keep-alive
      Content-Length:
      - '55'
      Content-Type:
      - application/x-www-form-urlencoded
      User-Agent:
      - tests/v311
    method: POST
    uri: http://localhost:3000/api/v1/statuses
  response:
    body:
      string: '{"id":"109440181363462963","created_at":"2022-12-01T19:57:22.387Z","in_reply_to_id":null,"in_reply_to_account_id":null,"sensitive":false,"spoiler_text":"","visibility":"public","language":"en","uri":"http://localhost:3000/users/admin/statuses/109440181363462963","url":"http://localhost:3000/@admin/109440181363462963","replies_count":0,"reblogs_count":0,"favourites_count":0,"edited_at":null,"favourited":false,"reblogged":false,"muted":false,"bookmarked":false,"pinned":false,"content":"\u003cp\u003eon
        the internet, nobody knows you\u0026#39;re a plane\u003c/p\u003e","filtered":[],"reblog":null,"application":{"name":"Mastodon.py
        test suite","website":null},"account":{"id":"109440172349891248","username":"admin","acct":"admin","display_name":"","locked":false,"bot":false,"discoverable":null,"group":false,"created_at":"2022-12-01T00:00:00.000Z","note":"","url":"http://localhost:3000/@admin","avatar":"http://localhost:3000/avatars/original/missing.png","avatar_static":"http://localhost:3000/avatars/original/missing.png","header":"http://localhost:3000/headers/original/missing.png","header_static":"http://localhost:3000/headers/original/missing.png","followers_count":0,"following_count":0,"statuses_count":2,"last_status_at":"2022-12-01","noindex":false,"emojis":[],"fields":[]},"media_attachments":[],"mentions":[],"tags":[],"emojis":[],"card":null,"poll":null}'
    headers:
      Cache-Control:
      - no-store
      Content-Security-Policy:
      - 'base-uri ''none''; default-src ''none''; frame-ancestors ''none''; font-src
        ''self'' http://localhost:3000; img-src ''self'' https: data: blob: http://localhost:3000;
        style-src ''self'' http://localhost:3000 ''nonce-X5w9PhbSA9CunQfBzQE+dA=='';
        media-src ''self'' https: data: http://localhost:3000; frame-src ''self''
        https:; manifest-src ''self'' http://localhost:3000; connect-src ''self''
        data: blob: http://localhost:3000 http://localhost:3000 ws://localhost:4000
        ws://localhost:3035 http://localhost:3035; script-src ''self'' ''unsafe-inline''
        ''unsafe-eval'' http://localhost:3000; child-src ''self'' blob: http://localhost:3000;
        worker-src ''self'' blob: http://localhost:3000'
      Content-Type:
      - application/json; charset=utf-8
      ETag:
      - W/"70d8a2b743c0aefa8f4ce174cb5b6c97"
      Referrer-Policy:
      - strict-origin-when-cross-origin
      Transfer-Encoding:
      - chunked
      Vary:
      - Accept, Origin
      X-Content-Type-Options:
      - nosniff
      X-Download-Options:
      - noopen
      X-Frame-Options:
      - SAMEORIGIN
      X-Permitted-Cross-Domain-Policies:
      - none
      X-RateLimit-Limit:
      - '300'
      X-RateLimit-Remaining:
      - '298'
      X-RateLimit-Reset:
      - '2022-12-01T21:00:00.424482Z'
      X-Request-Id:
      - 7d37d084-fb13-46a0-bb0f-048402429318
      X-Runtime:
      - '0.050497'
      X-XSS-Protection:
      - 1; mode=block
    status:
      code: 200
      message: OK
- request:
    body: status=%40mastodonpy_test_2+pssssst&visibility=direct
    headers:
      Accept:
      - '*/*'
      Accept-Encoding:
      - gzip, deflate
      Authorization:
      - Bearer __MASTODON_PY_TEST_ACCESS_TOKEN
      Connection:
      - keep-alive
      Content-Length:
      - '53'
      Content-Type:
      - application/x-www-form-urlencoded
      User-Agent:
      - tests/v311
    method: POST
    uri: http://localhost:3000/api/v1/statuses
  response:
    body:
      string: '{"id":"109440181366961565","created_at":"2022-12-01T19:57:22.442Z","in_reply_to_id":null,"in_reply_to_account_id":null,"sensitive":false,"spoiler_text":"","visibility":"direct","language":"ja","uri":"http://localhost:3000/users/mastodonpy_test/statuses/109440181366961565","url":"http://localhost:3000/@mastodonpy_test/109440181366961565","replies_count":0,"reblogs_count":0,"favourites_count":0,"edited_at":null,"favourited":false,"reblogged":false,"muted":false,"bookmarked":false,"content":"\u003cp\u003e\u003cspan
        class=\"h-card\"\u003e\u003ca href=\"http://localhost:3000/@mastodonpy_test_2\"
        class=\"u-url mention\"\u003e@\u003cspan\u003emastodonpy_test_2\u003c/span\u003e\u003c/a\u003e\u003c/span\u003e
        pssssst\u003c/p\u003e","filtered":[],"reblog":null,"application":{"name":"Mastodon.py
        test suite","website":null},"account":{"id":"109440172573456351","username":"mastodonpy_test","acct":"mastodonpy_test","display_name":"","locked":true,"bot":false,"discoverable":null,"group":false,"created_at":"2022-12-01T00:00:00.000Z","note":"","url":"http://localhost:3000/@mastodonpy_test","avatar":"http://localhost:3000/avatars/original/missing.png","avatar_static":"http://localhost:3000/avatars/original/missing.png","header":"http://localhost:3000/headers/original/missing.png","header_static":"http://localhost:3000/headers/original/missing.png","followers_count":0,"following_count":0,"statuses_count":1,"last_status_at":"2022-12-01","noindex":false,"emojis":[],"fields":[]},"media_attachments":[],"mentions":[{"id":"109440172686161675","username":"mastodonpy_test_2","url":"http://localhost:3000/@mastodonpy_test_2","acct":"mastodonpy_test_2"}],"tags":[],"emojis":[],"card":null,"poll":null}'
    headers:
      Cache-Control:
      - no-store
      Content-Security-Policy:
      - 'base-uri ''none''; default-src ''none''; frame-ancestors ''none''; font-src
        ''self'' http://localhost:3000; img-src ''self'' https: data: blob: http://localhost:3000;
        style-src ''self'' http://localhost:3000 ''nonce-lsUtknGcgX6stK/npD4MpA=='';
        media-src ''self'' https: data: http://localhost:3000; frame-src ''self''
        https:; manifest-src ''self'' http://localhost:3000; connect-src ''self''
        data: blob: http://localhost:3000 http://localhost:3000 ws://localhost:4000
        ws://localhost:3035 http://localhost:3035; script-src ''self'' ''unsafe-inline''
        ''unsafe-eval'' http://localhost:3000; child-src ''self'' blob: http://localhost:3000;
        worker-src ''self'' blob: http://localhost:3000'
      Content-Type:
      - application/json; charset=utf-8
      ETag:
      - W/"c9deee783a337e91bc30acf28cb9f7f4"
      Referrer-Policy:
      - strict-origin-when-cross-origin
      Transfer-Encoding:
      - chunked
      Vary:
      - Accept, Origin
      X-Content-Type-Options:
      - nosniff
      X-Download-Options:
      - noopen
      X-Frame-Options:
      - SAMEORIGIN
      X-Permitted-Cross-Domain-Policies:
      - none
      X-RateLimit-Limit:
      - '300'
      X-RateLimit-Remaining:
      - '298'
      X-RateLimit-Reset:
      - '2022-12-01T21:00:00.467820Z'
      X-Request-Id:
      - eee24583-e208-48d0-8eb5-90b06dbce8f3
      X-Runtime:
      - '0.038615'
      X-XSS-Protection:
      - 1; mode=block
    status:
      code: 200
      message: OK
- request:
    body: status=%40mastodonpy_test+pssssst%21&in_reply_to_id=109440181366961565&visibility=direct
    headers:
      Accept:
      - '*/*'
      Accept-Encoding:
      - gzip, deflate
      Authorization:
      - Bearer __MASTODON_PY_TEST_ACCESS_TOKEN_3
      Connection:
      - keep-alive
      Content-Length:
      - '88'
      Content-Type:
      - application/x-www-form-urlencoded
      User-Agent:
      - tests/v311
    method: POST
    uri: http://localhost:3000/api/v1/statuses
  response:
    body:
      string: '{"id":"109440181452133812","created_at":"2022-12-01T19:57:23.752Z","in_reply_to_id":"109440181366961565","in_reply_to_account_id":"109440172573456351","sensitive":false,"spoiler_text":"","visibility":"direct","language":"ja","uri":"http://localhost:3000/users/mastodonpy_test_2/statuses/109440181452133812","url":"http://localhost:3000/@mastodonpy_test_2/109440181452133812","replies_count":0,"reblogs_count":0,"favourites_count":0,"edited_at":null,"favourited":false,"reblogged":false,"muted":false,"bookmarked":false,"content":"\u003cp\u003e\u003cspan
        class=\"h-card\"\u003e\u003ca href=\"http://localhost:3000/@mastodonpy_test\"
        class=\"u-url mention\"\u003e@\u003cspan\u003emastodonpy_test\u003c/span\u003e\u003c/a\u003e\u003c/span\u003e
        pssssst!\u003c/p\u003e","filtered":[],"reblog":null,"application":{"name":"Mastodon.py
        test suite","website":null},"account":{"id":"109440172686161675","username":"mastodonpy_test_2","acct":"mastodonpy_test_2","display_name":"","locked":false,"bot":false,"discoverable":true,"group":false,"created_at":"2022-12-01T00:00:00.000Z","note":"","url":"http://localhost:3000/@mastodonpy_test_2","avatar":"http://localhost:3000/avatars/original/missing.png","avatar_static":"http://localhost:3000/avatars/original/missing.png","header":"http://localhost:3000/headers/original/missing.png","header_static":"http://localhost:3000/headers/original/missing.png","followers_count":0,"following_count":0,"statuses_count":0,"last_status_at":null,"noindex":false,"emojis":[],"fields":[]},"media_attachments":[],"mentions":[{"id":"109440172573456351","username":"mastodonpy_test","url":"http://localhost:3000/@mastodonpy_test","acct":"mastodonpy_test"}],"tags":[],"emojis":[],"card":null,"poll":null}'
    headers:
      Cache-Control:
      - no-store
      Content-Security-Policy:
      - 'base-uri ''none''; default-src ''none''; frame-ancestors ''none''; font-src
        ''self'' http://localhost:3000; img-src ''self'' https: data: blob: http://localhost:3000;
        style-src ''self'' http://localhost:3000 ''nonce-ccybM0BZjzZrLH2eOzH/LA=='';
        media-src ''self'' https: data: http://localhost:3000; frame-src ''self''
        https:; manifest-src ''self'' http://localhost:3000; connect-src ''self''
        data: blob: http://localhost:3000 http://localhost:3000 ws://localhost:4000
        ws://localhost:3035 http://localhost:3035; script-src ''self'' ''unsafe-inline''
        ''unsafe-eval'' http://localhost:3000; child-src ''self'' blob: http://localhost:3000;
        worker-src ''self'' blob: http://localhost:3000'
      Content-Type:
      - application/json; charset=utf-8
      ETag:
      - W/"07f7f6923165ae55e08317a215c2ba3f"
      Referrer-Policy:
      - strict-origin-when-cross-origin
      Transfer-Encoding:
      - chunked
      Vary:
      - Accept, Origin
      X-Content-Type-Options:
      - nosniff
      X-Download-Options:
      - noopen
      X-Frame-Options:
      - SAMEORIGIN
      X-Permitted-Cross-Domain-Policies:
      - none
      X-RateLimit-Limit:
      - '300'
      X-RateLimit-Remaining:
      - '299'
      X-RateLimit-Reset:
      - '2022-12-01T21:00:00.848517Z'
      X-Request-Id:
      - 52abfd59-5126-45c6-bdce-3449efcd5380
      X-Runtime:
      - '0.366401'
      X-XSS-Protection:
      - 1; mode=block
    status:
      code: 200
      message: OK
- request:
    body: status=only+real+animals+respond.
    headers:
      Accept:
      - '*/*'
      Accept-Encoding:
      - gzip, deflate
      Authorization:
      - Bearer __MASTODON_PY_TEST_ACCESS_TOKEN
      Connection:
      - keep-alive
      Content-Length:
      - '33'
      Content-Type:
      - application/x-www-form-urlencoded
      User-Agent:
      - tests/v311
    method: PUT
    uri: http://localhost:3000/api/v1/statuses/109440181353147070
  response:
    body:
      string: '{"id":"109440181353147070","created_at":"2022-12-01T19:57:22.247Z","in_reply_to_id":null,"in_reply_to_account_id":null,"sensitive":false,"spoiler_text":"","visibility":"public","language":"ja","uri":"http://localhost:3000/users/mastodonpy_test/statuses/109440181353147070","url":"http://localhost:3000/@mastodonpy_test/109440181353147070","replies_count":0,"reblogs_count":0,"favourites_count":0,"edited_at":"2022-12-01T19:57:25.880Z","favourited":false,"reblogged":false,"muted":false,"bookmarked":false,"pinned":false,"content":"\u003cp\u003eonly
        real animals respond.\u003c/p\u003e","filtered":[],"reblog":null,"application":{"name":"Mastodon.py
        test suite","website":null},"account":{"id":"109440172573456351","username":"mastodonpy_test","acct":"mastodonpy_test","display_name":"","locked":true,"bot":false,"discoverable":null,"group":false,"created_at":"2022-12-01T00:00:00.000Z","note":"","url":"http://localhost:3000/@mastodonpy_test","avatar":"http://localhost:3000/avatars/original/missing.png","avatar_static":"http://localhost:3000/avatars/original/missing.png","header":"http://localhost:3000/headers/original/missing.png","header_static":"http://localhost:3000/headers/original/missing.png","followers_count":0,"following_count":0,"statuses_count":1,"last_status_at":"2022-12-01","noindex":false,"emojis":[],"fields":[]},"media_attachments":[],"mentions":[],"tags":[],"emojis":[],"card":null,"poll":null}'
    headers:
      Cache-Control:
      - no-store
      Content-Security-Policy:
      - 'base-uri ''none''; default-src ''none''; frame-ancestors ''none''; font-src
        ''self'' http://localhost:3000; img-src ''self'' https: data: blob: http://localhost:3000;
        style-src ''self'' http://localhost:3000 ''nonce-vO6KvEPQq/aPd1HKDx7WSQ=='';
        media-src ''self'' https: data: http://localhost:3000; frame-src ''self''
        https:; manifest-src ''self'' http://localhost:3000; connect-src ''self''
        data: blob: http://localhost:3000 http://localhost:3000 ws://localhost:4000
        ws://localhost:3035 http://localhost:3035; script-src ''self'' ''unsafe-inline''
        ''unsafe-eval'' http://localhost:3000; child-src ''self'' blob: http://localhost:3000;
        worker-src ''self'' blob: http://localhost:3000'
      Content-Type:
      - application/json; charset=utf-8
      ETag:
      - W/"7abfe3cbb4fbf2b31be198c19a2efa56"
      Referrer-Policy:
      - strict-origin-when-cross-origin
      Transfer-Encoding:
      - chunked
      Vary:
      - Accept, Origin
      X-Content-Type-Options:
      - nosniff
      X-Download-Options:
      - noopen
      X-Frame-Options:
      - SAMEORIGIN
      X-Permitted-Cross-Domain-Policies:
      - none
      X-RateLimit-Limit:
      - '300'
      X-RateLimit-Remaining:
      - '297'
      X-RateLimit-Reset:
      - '2022-12-01T21:00:00.912792Z'
      X-Request-Id:
      - 773ca392-0dfc-4963-a3e1-04d77920f75a
      X-Runtime:
      - '0.056363'
      X-XSS-Protection:
      - 1; mode=block
    status:
      code: 200
      message: OK
- request:
    body: null
    headers:
      Accept:
      - '*/*'
      Accept-Encoding:
      - gzip, deflate
      Authorization:
      - Bearer __MASTODON_PY_TEST_ACCESS_TOKEN
      Connection:
      - keep-alive
      Content-Length:
      - '0'
      User-Agent:
      - tests/v311
    method: DELETE
    uri: http://localhost:3000/api/v1/statuses/109440181353147070
  response:
    body:
      string: '{"id":"109440181353147070","created_at":"2022-12-01T19:57:22.247Z","in_reply_to_id":null,"in_reply_to_account_id":null,"sensitive":false,"spoiler_text":"","visibility":"public","language":"ja","uri":"http://localhost:3000/users/mastodonpy_test/statuses/109440181353147070","url":"http://localhost:3000/@mastodonpy_test/109440181353147070","replies_count":0,"reblogs_count":0,"favourites_count":0,"edited_at":"2022-12-01T19:57:25.880Z","favourited":false,"reblogged":false,"muted":false,"bookmarked":false,"pinned":false,"text":"only
        real animals respond.","filtered":[],"reblog":null,"application":{"name":"Mastodon.py
        test suite","website":null},"account":{"id":"109440172573456351","username":"mastodonpy_test","acct":"mastodonpy_test","display_name":"","locked":true,"bot":false,"discoverable":null,"group":false,"created_at":"2022-12-01T00:00:00.000Z","note":"","url":"http://localhost:3000/@mastodonpy_test","avatar":"http://localhost:3000/avatars/original/missing.png","avatar_static":"http://localhost:3000/avatars/original/missing.png","header":"http://localhost:3000/headers/original/missing.png","header_static":"http://localhost:3000/headers/original/missing.png","followers_count":0,"following_count":0,"statuses_count":0,"last_status_at":"2022-12-01","noindex":false,"emojis":[],"fields":[]},"media_attachments":[],"mentions":[],"tags":[],"emojis":[],"card":null,"poll":null}'
    headers:
      Cache-Control:
      - no-store
      Content-Security-Policy:
      - 'base-uri ''none''; default-src ''none''; frame-ancestors ''none''; font-src
        ''self'' http://localhost:3000; img-src ''self'' https: data: blob: http://localhost:3000;
        style-src ''self'' http://localhost:3000 ''nonce-2tRrwAl/8tApUPdcqMCvBw=='';
        media-src ''self'' https: data: http://localhost:3000; frame-src ''self''
        https:; manifest-src ''self'' http://localhost:3000; connect-src ''self''
        data: blob: http://localhost:3000 http://localhost:3000 ws://localhost:4000
        ws://localhost:3035 http://localhost:3035; script-src ''self'' ''unsafe-inline''
        ''unsafe-eval'' http://localhost:3000; child-src ''self'' blob: http://localhost:3000;
        worker-src ''self'' blob: http://localhost:3000'
      Content-Type:
      - application/json; charset=utf-8
      ETag:
      - W/"d7cfbe9d631eb6bb5773b4bae5211b60"
      Referrer-Policy:
      - strict-origin-when-cross-origin
      Transfer-Encoding:
      - chunked
      Vary:
      - Accept, Origin
      X-Content-Type-Options:
      - nosniff
      X-Download-Options:
      - noopen
      X-Frame-Options:
      - SAMEORIGIN
      X-Permitted-Cross-Domain-Policies:
      - none
      X-Request-Id:
      - 9e83e366-cc29-490d-96e8-05051d5d4847
      X-Runtime:
      - '0.037249'
      X-XSS-Protection:
      - 1; mode=block
    status:
      code: 200
      message: OK
- request:
    body: null
    headers:
      Accept:
      - '*/*'
      Accept-Encoding:
      - gzip, deflate
      Authorization:
      - Bearer __MASTODON_PY_TEST_ACCESS_TOKEN
      Connection:
      - keep-alive
      User-Agent:
      - tests/v311
    method: GET
    uri: http://localhost:4000/api/v1/streaming/user
  response:
    body:
      string: ':)

        event: update

        data: {"id":"109440181353147070","created_at":"2022-12-01T19:57:22.247Z","in_reply_to_id":null,"in_reply_to_account_id":null,"sensitive":false,"spoiler_text":"","visibility":"public","language":"ja","uri":"http://localhost:3000/users/mastodonpy_test/statuses/109440181353147070","url":"http://localhost:3000/@mastodonpy_test/109440181353147070","replies_count":0,"reblogs_count":0,"favourites_count":0,"edited_at":null,"content":"<p>only
        real cars respond.</p>","reblog":null,"application":{"name":"Mastodon.py test
        suite","website":null},"account":{"id":"109440172573456351","username":"mastodonpy_test","acct":"mastodonpy_test","display_name":"","locked":true,"bot":false,"discoverable":null,"group":false,"created_at":"2022-12-01T00:00:00.000Z","note":"","url":"http://localhost:3000/@mastodonpy_test","avatar":"http://localhost:3000/avatars/original/missing.png","avatar_static":"http://localhost:3000/avatars/original/missing.png","header":"http://localhost:3000/headers/original/missing.png","header_static":"http://localhost:3000/headers/original/missing.png","followers_count":0,"following_count":0,"statuses_count":1,"last_status_at":"2022-12-01","noindex":false,"emojis":[],"fields":[]},"media_attachments":[],"mentions":[],"tags":[],"emojis":[],"card":null,"poll":null,"favourited":false,"reblogged":false,"muted":false,"bookmarked":false,"pinned":false,"filtered":[]}


        event: notification

        data: {"id":"6","type":"mention","created_at":"2022-12-01T19:57:22.995Z","account":{"id":"109440172349891248","username":"admin","acct":"admin","display_name":"","locked":false,"bot":false,"discoverable":null,"group":false,"created_at":"2022-12-01T00:00:00.000Z","note":"","url":"http://localhost:3000/@admin","avatar":"http://localhost:3000/avatars/original/missing.png","avatar_static":"http://localhost:3000/avatars/original/missing.png","header":"http://localhost:3000/headers/original/missing.png","header_static":"http://localhost:3000/headers/original/missing.png","followers_count":0,"following_count":0,"statuses_count":2,"last_status_at":"2022-12-01","noindex":false,"emojis":[],"fields":[]},"status":{"id":"109440181360011537","created_at":"2022-12-01T19:57:22.336Z","in_reply_to_id":null,"in_reply_to_account_id":null,"sensitive":false,"spoiler_text":"","visibility":"public","language":"en","uri":"http://localhost:3000/users/admin/statuses/109440181360011537","url":"http://localhost:3000/@admin/109440181360011537","replies_count":0,"reblogs_count":0,"favourites_count":0,"edited_at":null,"favourited":false,"reblogged":false,"muted":false,"bookmarked":false,"content":"<p><span
        class=\"h-card\"><a href=\"http://localhost:3000/@mastodonpy_test\" class=\"u-url
        mention\">@<span>mastodonpy_test</span></a></span> beep beep I&#39;m a jeep</p>","filtered":[],"reblog":null,"application":{"name":"Mastodon.py
        test suite","website":null},"account":{"id":"109440172349891248","username":"admin","acct":"admin","display_name":"","locked":false,"bot":false,"discoverable":null,"group":false,"created_at":"2022-12-01T00:00:00.000Z","note":"","url":"http://localhost:3000/@admin","avatar":"http://localhost:3000/avatars/original/missing.png","avatar_static":"http://localhost:3000/avatars/original/missing.png","header":"http://localhost:3000/headers/original/missing.png","header_static":"http://localhost:3000/headers/original/missing.png","followers_count":0,"following_count":0,"statuses_count":2,"last_status_at":"2022-12-01","noindex":false,"emojis":[],"fields":[]},"media_attachments":[],"mentions":[{"id":"109440172573456351","username":"mastodonpy_test","url":"http://localhost:3000/@mastodonpy_test","acct":"mastodonpy_test"}],"tags":[],"emojis":[],"card":null,"poll":null}}


        event: update

        data: {"id":"109440181366961565","created_at":"2022-12-01T19:57:22.442Z","in_reply_to_id":null,"in_reply_to_account_id":null,"sensitive":false,"spoiler_text":"","visibility":"direct","language":"ja","uri":"http://localhost:3000/users/mastodonpy_test/statuses/109440181366961565","url":"http://localhost:3000/@mastodonpy_test/109440181366961565","replies_count":0,"reblogs_count":0,"favourites_count":0,"edited_at":null,"content":"<p><span
        class=\"h-card\"><a href=\"http://localhost:3000/@mastodonpy_test_2\" class=\"u-url
        mention\">@<span>mastodonpy_test_2</span></a></span> pssssst</p>","reblog":null,"application":{"name":"Mastodon.py
        test suite","website":null},"account":{"id":"109440172573456351","username":"mastodonpy_test","acct":"mastodonpy_test","display_name":"","locked":true,"bot":false,"discoverable":null,"group":false,"created_at":"2022-12-01T00:00:00.000Z","note":"","url":"http://localhost:3000/@mastodonpy_test","avatar":"http://localhost:3000/avatars/original/missing.png","avatar_static":"http://localhost:3000/avatars/original/missing.png","header":"http://localhost:3000/headers/original/missing.png","header_static":"http://localhost:3000/headers/original/missing.png","followers_count":0,"following_count":0,"statuses_count":1,"last_status_at":"2022-12-01","noindex":false,"emojis":[],"fields":[]},"media_attachments":[],"mentions":[{"id":"109440172686161675","username":"mastodonpy_test_2","url":"http://localhost:3000/@mastodonpy_test_2","acct":"mastodonpy_test_2"}],"tags":[],"emojis":[],"card":null,"poll":null,"favourited":false,"reblogged":false,"muted":false,"bookmarked":false,"pinned":false,"filtered":[]}


        event: notification

        data: {"id":"8","type":"mention","created_at":"2022-12-01T19:57:23.886Z","account":{"id":"109440172686161675","username":"mastodonpy_test_2","acct":"mastodonpy_test_2","display_name":"","locked":false,"bot":false,"discoverable":true,"group":false,"created_at":"2022-12-01T00:00:00.000Z","note":"","url":"http://localhost:3000/@mastodonpy_test_2","avatar":"http://localhost:3000/avatars/original/missing.png","avatar_static":"http://localhost:3000/avatars/original/missing.png","header":"http://localhost:3000/headers/original/missing.png","header_static":"http://localhost:3000/headers/original/missing.png","followers_count":0,"following_count":0,"statuses_count":0,"last_status_at":null,"noindex":false,"emojis":[],"fields":[]},"status":{"id":"109440181452133812","created_at":"2022-12-01T19:57:23.752Z","in_reply_to_id":"109440181366961565","in_reply_to_account_id":"109440172573456351","sensitive":false,"spoiler_text":"","visibility":"direct","language":"ja","uri":"http://localhost:3000/users/mastodonpy_test_2/statuses/109440181452133812","url":"http://localhost:3000/@mastodonpy_test_2/109440181452133812","replies_count":0,"reblogs_count":0,"favourites_count":0,"edited_at":null,"favourited":false,"reblogged":false,"muted":false,"bookmarked":false,"content":"<p><span
        class=\"h-card\"><a href=\"http://localhost:3000/@mastodonpy_test\" class=\"u-url
        mention\">@<span>mastodonpy_test</span></a></span> pssssst!</p>","filtered":[],"reblog":null,"application":{"name":"Mastodon.py
        test suite","website":null},"account":{"id":"109440172686161675","username":"mastodonpy_test_2","acct":"mastodonpy_test_2","display_name":"","locked":false,"bot":false,"discoverable":true,"group":false,"created_at":"2022-12-01T00:00:00.000Z","note":"","url":"http://localhost:3000/@mastodonpy_test_2","avatar":"http://localhost:3000/avatars/original/missing.png","avatar_static":"http://localhost:3000/avatars/original/missing.png","header":"http://localhost:3000/headers/original/missing.png","header_static":"http://localhost:3000/headers/original/missing.png","followers_count":0,"following_count":0,"statuses_count":0,"last_status_at":null,"noindex":false,"emojis":[],"fields":[]},"media_attachments":[],"mentions":[{"id":"109440172573456351","username":"mastodonpy_test","url":"http://localhost:3000/@mastodonpy_test","acct":"mastodonpy_test"}],"tags":[],"emojis":[],"card":null,"poll":null}}


        event: status.update

        data: {"id":"109440181353147070","created_at":"2022-12-01T19:57:22.247Z","in_reply_to_id":null,"in_reply_to_account_id":null,"sensitive":false,"spoiler_text":"","visibility":"public","language":"ja","uri":"http://localhost:3000/users/mastodonpy_test/statuses/109440181353147070","url":"http://localhost:3000/@mastodonpy_test/109440181353147070","replies_count":0,"reblogs_count":0,"favourites_count":0,"edited_at":"2022-12-01T19:57:25.880Z","content":"<p>only
        real animals respond.</p>","reblog":null,"application":{"name":"Mastodon.py
        test suite","website":null},"account":{"id":"109440172573456351","username":"mastodonpy_test","acct":"mastodonpy_test","display_name":"","locked":true,"bot":false,"discoverable":null,"group":false,"created_at":"2022-12-01T00:00:00.000Z","note":"","url":"http://localhost:3000/@mastodonpy_test","avatar":"http://localhost:3000/avatars/original/missing.png","avatar_static":"http://localhost:3000/avatars/original/missing.png","header":"http://localhost:3000/headers/original/missing.png","header_static":"http://localhost:3000/headers/original/missing.png","followers_count":0,"following_count":0,"statuses_count":1,"last_status_at":"2022-12-01","noindex":false,"emojis":[],"fields":[]},"media_attachments":[],"mentions":[],"tags":[],"emojis":[],"card":null,"poll":null,"favourited":false,"reblogged":false,"muted":false,"bookmarked":false,"pinned":false,"filtered":[]}


        event: delete

        data: 109440181353147070


        :'
    headers:
      Access-Control-Allow-Headers:
      - Authorization, Accept, Cache-Control
      Access-Control-Allow-Methods:
      - GET, OPTIONS
      Access-Control-Allow-Origin:
      - '*'
      Cache-Control:
      - no-store
      Connection:
      - keep-alive
      Content-Type:
      - text/event-stream
      Date:
      - Thu, 01 Dec 2022 19:57:17 GMT
      Keep-Alive:
      - timeout=5
      Transfer-Encoding:
      - chunked
      X-Powered-By:
      - Express
      X-Request-Id:
      - b6a8aec7-2da0-421e-9395-60cb31fdef83
    status:
      code: 200
      message: OK
- request:
    body: null
    headers:
      Accept:
      - '*/*'
      Accept-Encoding:
      - gzip, deflate
      Authorization:
      - Bearer __MASTODON_PY_TEST_ACCESS_TOKEN
      Connection:
      - keep-alive
      User-Agent:
      - tests/v311
    method: GET
    uri: http://localhost:4000/api/v1/streaming/direct
  response:
    body:
      string: ':)

        event: conversation

        data: {"id":"1","unread":false,"accounts":[{"id":"109440172686161675","username":"mastodonpy_test_2","acct":"mastodonpy_test_2","display_name":"","locked":false,"bot":false,"discoverable":true,"group":false,"created_at":"2022-12-01T00:00:00.000Z","note":"","url":"http://localhost:3000/@mastodonpy_test_2","avatar":"http://localhost:3000/avatars/original/missing.png","avatar_static":"http://localhost:3000/avatars/original/missing.png","header":"http://localhost:3000/headers/original/missing.png","header_static":"http://localhost:3000/headers/original/missing.png","followers_count":0,"following_count":0,"statuses_count":0,"last_status_at":null,"noindex":false,"emojis":[],"fields":[]}],"last_status":{"id":"109440181366961565","created_at":"2022-12-01T19:57:22.442Z","in_reply_to_id":null,"in_reply_to_account_id":null,"sensitive":false,"spoiler_text":"","visibility":"direct","language":"ja","uri":"http://localhost:3000/users/mastodonpy_test/statuses/109440181366961565","url":"http://localhost:3000/@mastodonpy_test/109440181366961565","replies_count":0,"reblogs_count":0,"favourites_count":0,"edited_at":null,"favourited":false,"reblogged":false,"muted":false,"bookmarked":false,"content":"<p><span
        class=\"h-card\"><a href=\"http://localhost:3000/@mastodonpy_test_2\" class=\"u-url
        mention\">@<span>mastodonpy_test_2</span></a></span> pssssst</p>","filtered":[],"reblog":null,"application":{"name":"Mastodon.py
        test suite","website":null},"account":{"id":"109440172573456351","username":"mastodonpy_test","acct":"mastodonpy_test","display_name":"","locked":true,"bot":false,"discoverable":null,"group":false,"created_at":"2022-12-01T00:00:00.000Z","note":"","url":"http://localhost:3000/@mastodonpy_test","avatar":"http://localhost:3000/avatars/original/missing.png","avatar_static":"http://localhost:3000/avatars/original/missing.png","header":"http://localhost:3000/headers/original/missing.png","header_static":"http://localhost:3000/headers/original/missing.png","followers_count":0,"following_count":0,"statuses_count":1,"last_status_at":"2022-12-01","noindex":false,"emojis":[],"fields":[]},"media_attachments":[],"mentions":[{"id":"109440172686161675","username":"mastodonpy_test_2","url":"http://localhost:3000/@mastodonpy_test_2","acct":"mastodonpy_test_2"}],"tags":[],"emojis":[],"card":null,"poll":null}}


        event: conversation

        data: {"id":"1","unread":true,"accounts":[{"id":"109440172686161675","username":"mastodonpy_test_2","acct":"mastodonpy_test_2","display_name":"","locked":false,"bot":false,"discoverable":true,"group":false,"created_at":"2022-12-01T00:00:00.000Z","note":"","url":"http://localhost:3000/@mastodonpy_test_2","avatar":"http://localhost:3000/avatars/original/missing.png","avatar_static":"http://localhost:3000/avatars/original/missing.png","header":"http://localhost:3000/headers/original/missing.png","header_static":"http://localhost:3000/headers/original/missing.png","followers_count":0,"following_count":0,"statuses_count":0,"last_status_at":null,"noindex":false,"emojis":[],"fields":[]}],"last_status":{"id":"109440181452133812","created_at":"2022-12-01T19:57:23.752Z","in_reply_to_id":"109440181366961565","in_reply_to_account_id":"109440172573456351","sensitive":false,"spoiler_text":"","visibility":"direct","language":"ja","uri":"http://localhost:3000/users/mastodonpy_test_2/statuses/109440181452133812","url":"http://localhost:3000/@mastodonpy_test_2/109440181452133812","replies_count":0,"reblogs_count":0,"favourites_count":0,"edited_at":null,"favourited":false,"reblogged":false,"muted":false,"bookmarked":false,"content":"<p><span
        class=\"h-card\"><a href=\"http://localhost:3000/@mastodonpy_test\" class=\"u-url
        mention\">@<span>mastodonpy_test</span></a></span> pssssst!</p>","filtered":[],"reblog":null,"application":{"name":"Mastodon.py
        test suite","website":null},"account":{"id":"109440172686161675","username":"mastodonpy_test_2","acct":"mastodonpy_test_2","display_name":"","locked":false,"bot":false,"discoverable":true,"group":false,"created_at":"2022-12-01T00:00:00.000Z","note":"","url":"http://localhost:3000/@mastodonpy_test_2","avatar":"http://localhost:3000/avatars/original/missing.png","avatar_static":"http://localhost:3000/avatars/original/missing.png","header":"http://localhost:3000/headers/original/missing.png","header_static":"http://localhost:3000/headers/original/missing.png","followers_count":0,"following_count":0,"statuses_count":0,"last_status_at":null,"noindex":false,"emojis":[],"fields":[]},"media_attachments":[],"mentions":[{"id":"109440172573456351","username":"mastodonpy_test","url":"http://localhost:3000/@mastodonpy_test","acct":"mastodonpy_test"}],"tags":[],"emojis":[],"card":null,"poll":null}}


        :'
    headers:
      Access-Control-Allow-Headers:
      - Authorization, Accept, Cache-Control
      Access-Control-Allow-Methods:
      - GET, OPTIONS
      Access-Control-Allow-Origin:
      - '*'
      Cache-Control:
      - no-store
      Connection:
      - keep-alive
      Content-Type:
      - text/event-stream
      Date:
      - Thu, 01 Dec 2022 19:57:17 GMT
      Keep-Alive:
      - timeout=5
      Transfer-Encoding:
      - chunked
      X-Powered-By:
      - Express
      X-Request-Id:
      - b1bf5d20-9a27-4269-915f-43d4042abcb3
    status:
      code: 200
      message: OK
version: 1
